Component: ARM Compiler 5.06 update 6 (build 750) Tool: armlink [4d35ed]

==============================================================================

Section Cross References

    startup_stm32f407xx.o(RESET) refers to startup_stm32f407xx.o(STACK) for __initial_sp
    startup_stm32f407xx.o(RESET) refers to startup_stm32f407xx.o(.text) for Reset_Handler
    startup_stm32f407xx.o(RESET) refers to stm32f4xx_it.o(i.NMI_Handler) for NMI_Handler
    startup_stm32f407xx.o(RESET) refers to stm32f4xx_it.o(i.HardFault_Handler) for HardFault_Handler
    startup_stm32f407xx.o(RESET) refers to stm32f4xx_it.o(i.MemManage_Handler) for MemManage_Handler
    startup_stm32f407xx.o(RESET) refers to stm32f4xx_it.o(i.BusFault_Handler) for BusFault_Handler
    startup_stm32f407xx.o(RESET) refers to stm32f4xx_it.o(i.UsageFault_Handler) for UsageFault_Handler
    startup_stm32f407xx.o(RESET) refers to stm32f4xx_it.o(i.SVC_Handler) for SVC_Handler
    startup_stm32f407xx.o(RESET) refers to stm32f4xx_it.o(i.DebugMon_Handler) for DebugMon_Handler
    startup_stm32f407xx.o(RESET) refers to stm32f4xx_it.o(i.PendSV_Handler) for PendSV_Handler
    startup_stm32f407xx.o(RESET) refers to stm32f4xx_it.o(i.SysTick_Handler) for SysTick_Handler
    startup_stm32f407xx.o(RESET) refers to stm32f4xx_it.o(i.OTG_FS_IRQHandler) for OTG_FS_IRQHandler
    startup_stm32f407xx.o(.text) refers to system_stm32f4xx.o(i.SystemInit) for SystemInit
    startup_stm32f407xx.o(.text) refers to entry.o(.ARM.Collect$$$$00000000) for __main
    main.o(i.MX_GPIO_Init) refers to memseta.o(.text) for __aeabi_memclr4
    main.o(i.MX_GPIO_Init) refers to stm32f4xx_hal_gpio.o(i.HAL_GPIO_WritePin) for HAL_GPIO_WritePin
    main.o(i.MX_GPIO_Init) refers to stm32f4xx_hal_gpio.o(i.HAL_GPIO_Init) for HAL_GPIO_Init
    main.o(i.MX_SPI1_Init) refers to stm32f4xx_hal_spi.o(i.HAL_SPI_Init) for HAL_SPI_Init
    main.o(i.MX_SPI1_Init) refers to main.o(.bss) for .bss
    main.o(i.SystemClock_Config) refers to memseta.o(.text) for __aeabi_memclr4
    main.o(i.SystemClock_Config) refers to stm32f4xx_hal_rcc.o(i.HAL_RCC_OscConfig) for HAL_RCC_OscConfig
    main.o(i.SystemClock_Config) refers to stm32f4xx_hal_rcc.o(i.HAL_RCC_ClockConfig) for HAL_RCC_ClockConfig
    main.o(i.main) refers to stm32f4xx_hal.o(i.HAL_Init) for HAL_Init
    main.o(i.main) refers to main.o(i.SystemClock_Config) for SystemClock_Config
    main.o(i.main) refers to main.o(i.MX_GPIO_Init) for MX_GPIO_Init
    main.o(i.main) refers to stm32f4xx_hal_i2c.o(i.HAL_I2C_Init) for HAL_I2C_Init
    main.o(i.main) refers to main.o(i.MX_SPI1_Init) for MX_SPI1_Init
    main.o(i.main) refers to usb_host.o(i.MX_USB_HOST_Init) for MX_USB_HOST_Init
    main.o(i.main) refers to stm32f4xx_hal_uart.o(i.HAL_UART_Init) for HAL_UART_Init
    main.o(i.main) refers to memcpya.o(.text) for __aeabi_memcpy4
    main.o(i.main) refers to usb_host.o(i.MX_USB_HOST_Process) for MX_USB_HOST_Process
    main.o(i.main) refers to stm32f4xx_hal_uart.o(i.HAL_UART_Transmit) for HAL_UART_Transmit
    main.o(i.main) refers to stm32f4xx_hal.o(i.HAL_GetTick) for HAL_GetTick
    main.o(i.main) refers to main.o(.bss) for .bss
    usb_host.o(i.MX_USB_HOST_Init) refers to usbh_core.o(i.USBH_Init) for USBH_Init
    usb_host.o(i.MX_USB_HOST_Init) refers to main.o(i.Error_Handler) for Error_Handler
    usb_host.o(i.MX_USB_HOST_Init) refers to usbh_core.o(i.USBH_RegisterClass) for USBH_RegisterClass
    usb_host.o(i.MX_USB_HOST_Init) refers to usbh_core.o(i.USBH_Start) for USBH_Start
    usb_host.o(i.MX_USB_HOST_Init) refers to usb_host.o(i.USBH_UserProcess) for USBH_UserProcess
    usb_host.o(i.MX_USB_HOST_Init) refers to usb_host.o(.bss) for .bss
    usb_host.o(i.MX_USB_HOST_Init) refers to usbh_cdc.o(.data) for CDC_Class
    usb_host.o(i.MX_USB_HOST_Process) refers to usbh_core.o(i.USBH_Process) for USBH_Process
    usb_host.o(i.MX_USB_HOST_Process) refers to usb_host.o(.bss) for .bss
    usb_host.o(i.USBH_UserProcess) refers to usb_host.o(.data) for .data
    usbh_conf.o(i.HAL_HCD_Connect_Callback) refers to usbh_core.o(i.USBH_LL_Connect) for USBH_LL_Connect
    usbh_conf.o(i.HAL_HCD_Disconnect_Callback) refers to usbh_core.o(i.USBH_LL_Disconnect) for USBH_LL_Disconnect
    usbh_conf.o(i.HAL_HCD_MspDeInit) refers to stm32f4xx_hal_gpio.o(i.HAL_GPIO_DeInit) for HAL_GPIO_DeInit
    usbh_conf.o(i.HAL_HCD_MspDeInit) refers to stm32f4xx_hal_cortex.o(i.HAL_NVIC_DisableIRQ) for HAL_NVIC_DisableIRQ
    usbh_conf.o(i.HAL_HCD_MspInit) refers to memseta.o(.text) for __aeabi_memclr4
    usbh_conf.o(i.HAL_HCD_MspInit) refers to stm32f4xx_hal_gpio.o(i.HAL_GPIO_Init) for HAL_GPIO_Init
    usbh_conf.o(i.HAL_HCD_MspInit) refers to stm32f4xx_hal_cortex.o(i.HAL_NVIC_SetPriority) for HAL_NVIC_SetPriority
    usbh_conf.o(i.HAL_HCD_MspInit) refers to stm32f4xx_hal_cortex.o(i.HAL_NVIC_EnableIRQ) for HAL_NVIC_EnableIRQ
    usbh_conf.o(i.HAL_HCD_PortDisabled_Callback) refers to usbh_core.o(i.USBH_LL_PortDisabled) for USBH_LL_PortDisabled
[...]
    Removing stm32f4xx_hal_uart.o(i.HAL_UART_DeInit), (50 bytes).
    Removing stm32f4xx_hal_uart.o(i.HAL_UART_ErrorCallback), (2 bytes).
    Removing stm32f4xx_hal_uart.o(i.HAL_UART_GetError), (4 bytes).
    Removing stm32f4xx_hal_uart.o(i.HAL_UART_GetState), (10 bytes).
    Removing stm32f4xx_hal_uart.o(i.HAL_UART_IRQHandler), (272 bytes).
    Removing stm32f4xx_hal_uart.o(i.HAL_UART_MspDeInit), (2 bytes).
    Removing stm32f4xx_hal_uart.o(i.HAL_UART_MspInit), (2 bytes).
    Removing stm32f4xx_hal_uart.o(i.HAL_UART_Receive), (184 bytes).
    Removing stm32f4xx_hal_uart.o(i.HAL_UART_Receive_DMA), (152 bytes).
    Removing stm32f4xx_hal_uart.o(i.HAL_UART_Receive_IT), (82 bytes).
    Removing stm32f4xx_hal_uart.o(i.HAL_UART_RxCpltCallback), (2 bytes).
    Removing stm32f4xx_hal_uart.o(i.HAL_UART_RxHalfCpltCallback), (2 bytes).
    Removing stm32f4xx_hal_uart.o(i.HAL_UART_Transmit_DMA), (128 bytes).
    Removing stm32f4xx_hal_uart.o(i.HAL_UART_Transmit_IT), (62 bytes).
    Removing stm32f4xx_hal_uart.o(i.HAL_UART_TxCpltCallback), (2 bytes).
    Removing stm32f4xx_hal_uart.o(i.HAL_UART_TxHalfCpltCallback), (2 bytes).
    Removing stm32f4xx_hal_uart.o(i.UART_DMAAbortOnError), (16 bytes).
    Removing stm32f4xx_hal_uart.o(i.UART_DMAError), (74 bytes).
    Removing stm32f4xx_hal_uart.o(i.UART_DMAReceiveCplt), (60 bytes).
    Removing stm32f4xx_hal_uart.o(i.UART_DMARxAbortCallback), (42 bytes).
    Removing stm32f4xx_hal_uart.o(i.UART_DMARxHalfCplt), (10 bytes).
    Removing stm32f4xx_hal_uart.o(i.UART_DMARxOnlyAbortCallback), (20 bytes).
    Removing stm32f4xx_hal_uart.o(i.UART_DMATransmitCplt), (46 bytes).
    Removing stm32f4xx_hal_uart.o(i.UART_DMATxAbortCallback), (42 bytes).
    Removing stm32f4xx_hal_uart.o(i.UART_DMATxHalfCplt), (10 bytes).
    Removing stm32f4xx_hal_uart.o(i.UART_DMATxOnlyAbortCallback), (20 bytes).
    Removing stm32f4xx_hal_uart.o(i.UART_EndRxTransfer), (28 bytes).
    Removing stm32f4xx_hal_uart.o(i.UART_EndTxTransfer), (18 bytes).
    Removing stm32f4xx_hal_uart.o(i.UART_Receive_IT), (150 bytes).
    Removing stm32f4xx_hal_uart.o(i.UART_Transmit_IT), (98 bytes).
    Removing system_stm32f4xx.o(.rev16_text), (4 bytes).
    Removing system_stm32f4xx.o(.revsh_text), (4 bytes).
    Removing system_stm32f4xx.o(.rrx_text), (6 bytes).
    Removing system_stm32f4xx.o(i.SystemCoreClockUpdate), (120 bytes).
    Removing usbh_core.o(.rev16_text), (4 bytes).
    Removing usbh_core.o(.revsh_text), (4 bytes).
    Removing usbh_core.o(.rrx_text), (6 bytes).
    Removing usbh_core.o(i.USBH_DeInit), (24 bytes).
    Removing usbh_core.o(i.USBH_FindInterfaceIndex), (50 bytes).
    Removing usbh_core.o(i.USBH_GetActiveClass), (6 bytes).
    Removing usbh_core.o(i.USBH_IsPortEnabled), (6 bytes).
    Removing usbh_core.o(i.USBH_ReEnumerate), (30 bytes).
    Removing usbh_core.o(i.USBH_Stop), (36 bytes).
    Removing usbh_ctlreq.o(.rev16_text), (4 bytes).
    Removing usbh_ctlreq.o(.revsh_text), (4 bytes).
    Removing usbh_ctlreq.o(.rrx_text), (6 bytes).
    Removing usbh_ctlreq.o(i.USBH_SetInterface), (28 bytes).
    Removing usbh_ioreq.o(.rev16_text), (4 bytes).
    Removing usbh_ioreq.o(.revsh_text), (4 bytes).
    Removing usbh_ioreq.o(.rrx_text), (6 bytes).
    Removing usbh_ioreq.o(i.USBH_InterruptReceiveData), (32 bytes).
    Removing usbh_ioreq.o(i.USBH_InterruptSendData), (32 bytes).
    Removing usbh_ioreq.o(i.USBH_IsocReceiveData), (34 bytes).
    Removing usbh_ioreq.o(i.USBH_IsocSendData), (34 bytes).
    Removing usbh_pipes.o(.rev16_text), (4 bytes).
    Removing usbh_pipes.o(.revsh_text), (4 bytes).
    Removing usbh_pipes.o(.rrx_text), (6 bytes).
    Removing usbh_cdc.o(.rev16_text), (4 bytes).
    Removing usbh_cdc.o(.revsh_text), (4 bytes).
    Removing usbh_cdc.o(.rrx_text), (6 bytes).
    Removing usbh_cdc.o(i.USBH_CDC_GetLastReceivedDataSize), (28 bytes).
    Removing usbh_cdc.o(i.USBH_CDC_GetLineCoding), (34 bytes).
    Removing usbh_cdc.o(i.USBH_CDC_Receive), (40 bytes).
    Removing usbh_cdc.o(i.USBH_CDC_SetLineCoding), (24 bytes).
    Removing usbh_cdc.o(i.USBH_CDC_Stop), (50 bytes).
    Removing usbh_cdc.o(i.USBH_CDC_Transmit), (42 bytes).

467 unused section(s) (total 34428 bytes) removed from the image.

==============================================================================

Image Symbol Table

    Local Symbols

    Symbol Name                              Value     Ov Type        Size  Object(Section)

    ../Drivers/STM32F4xx_HAL_Driver/Src/stm32f4xx_hal.c 0x00000000   Number         0  stm32f4xx_hal.o ABSOLUTE
    ../Drivers/STM32F4xx_HAL_Driver/Src/stm32f4xx_hal_cortex.c 0x00000000   Number         0  stm32f4xx_hal_cortex.o ABSOLUTE
    ../Drivers/STM32F4xx_HAL_Driver/Src/stm32f4xx_hal_dma.c 0x00000000   Number         0  stm32f4xx_hal_dma.o ABSOLUTE
    ../Drivers/STM32F4xx_HAL_Driver/Src/stm32f4xx_hal_dma_ex.c 0x00000000   Number         0  stm32f4xx_hal_dma_ex.o ABSOLUTE
    ../Drivers/STM32F4xx_HAL_Driver/Src/stm32f4xx_hal_exti.c 0x00000000   Number         0  stm32f4xx_hal_exti.o ABSOLUTE
    ../Drivers/STM32F4xx_HAL_Driver/Src/stm32f4xx_hal_flash.c 0x00000000   Number         0  stm32f4xx_hal_flash.o ABSOLUTE
    ../Drivers/STM32F4xx_HAL_Driver/Src/stm32f4xx_hal_flash_ex.c 0x00000000   Number         0  stm32f4xx_hal_flash_ex.o ABSOLUTE
    ../Drivers/STM32F4xx_HAL_Driver/Src/stm32f4xx_hal_flash_ramfunc.c 0x00000000   Number         0  stm32f4xx_hal_flash_ramfunc.o ABSOLUTE
    ../Drivers/STM32F4xx_HAL_Driver/Src/stm32f4xx_hal_gpio.c 0x00000000   Number         0  stm32f4xx_hal_gpio.o ABSOLUTE
    ../Drivers/STM32F4xx_HAL_Driver/Src/stm32f4xx_hal_hcd.c 0x00000000   Number         0  stm32f4xx_hal_hcd.o ABSOLUTE
    ../Drivers/STM32F4xx_HAL_Driver/Src/stm32f4xx_hal_i2c.c 0x00000000   Number         0  stm32f4xx_hal_i2c.o ABSOLUTE
    ../Drivers/STM32F4xx_HAL_Driver/Src/stm32f4xx_hal_i2c_ex.c 0x00000000   Number         0  stm32f4xx_hal_i2c_ex.o ABSOLUTE
    ../Drivers/STM32F4xx_HAL_Driver/Src/stm32f4xx_hal_pwr.c 0x00000000   Number         0  stm32f4xx_hal_pwr.o ABSOLUTE
    ../Drivers/STM32F4xx_HAL_Driver/Src/stm32f4xx_hal_pwr_ex.c 0x00000000   Number         0  stm32f4xx_hal_pwr_ex.o ABSOLUTE
    ../Drivers/STM32F4xx_HAL_Driver/Src/stm32f4xx_hal_rcc.c 0x00000000   Number         0  stm32f4xx_hal_rcc.o ABSOLUTE
    ../Drivers/STM32F4xx_HAL_Driver/Src/stm32f4xx_hal_rcc_ex.c 0x00000000   Number         0  stm32f4xx_hal_rcc_ex.o ABSOLUTE
    ../Drivers/STM32F4xx_HAL_Driver/Src/stm32f4xx_hal_spi.c 0x00000000   Number         0  stm32f4xx_hal_spi.o ABSOLUTE
    ../Drivers/STM32F4xx_HAL_Driver/Src/stm32f4xx_hal_tim.c 0x00000000   Number         0  stm32f4xx_hal_tim.o ABSOLUTE
    ../Drivers/STM32F4xx_HAL_Driver/Src/stm32f4xx_hal_tim_ex.c 0x00000000   Number         0  stm32f4xx_hal_tim_ex.o ABSOLUTE
    ../Drivers/STM32F4xx_HAL_Driver/Src/stm32f4xx_hal_uart.c 0x00000000   Number         0  stm32f4xx_hal_uart.o ABSOLUTE
    ../Drivers/STM32F4xx_HAL_Driver/Src/stm32f4xx_ll_usb.c 0x00000000   Number         0  stm32f4xx_ll_usb.o ABSOLUTE
    ../Middlewares/ST/STM32_USB_Host_Library/Class/CDC/Src/usbh_cdc.c 0x00000000   Number         0  usbh_cdc.o ABSOLUTE
    ../Middlewares/ST/STM32_USB_Host_Library/Core/Src/usbh_core.c 0x00000000   Number         0  usbh_core.o ABSOLUTE
    ../Middlewares/ST/STM32_USB_Host_Library/Core/Src/usbh_ctlreq.c 0x00000000   Number         0  usbh_ctlreq.o ABSOLUTE
    ../Middlewares/ST/STM32_USB_Host_Library/Core/Src/usbh_ioreq.c 0x00000000   Number         0  usbh_ioreq.o ABSOLUTE
    ../Middlewares/ST/STM32_USB_Host_Library/Core/Src/usbh_pipes.c 0x00000000   Number         0  usbh_pipes.o ABSOLUTE
    ../Src/main.c                            0x00000000   Number         0  main.o ABSOLUTE
    ../Src/stm32f4xx_hal_msp.c               0x00000000   Number         0  stm32f4xx_hal_msp.o ABSOLUTE
    ../Src/stm32f4xx_it.c                    0x00000000   Number         0  stm32f4xx_it.o ABSOLUTE
    ../Src/system_stm32f4xx.c                0x00000000   Number         0  system_stm32f4xx.o ABSOLUTE
    ../Src/usb_host.c                        0x00000000   Number         0  usb_host.o ABSOLUTE
    ../Src/usbh_conf.c                       0x00000000   Number         0  usbh_conf.o ABSOLUTE
    ../Src/usbh_platform.c                   0x00000000   Number         0  usbh_platform.o ABSOLUTE
    ../clib/microlib/division.c              0x00000000   Number         0  uldiv.o ABSOLUTE
    ../clib/microlib/init/entry.s            0x00000000   Number         0  entry.o ABSOLUTE
    ../clib/microlib/init/entry.s            0x00000000   Number         0  entry9a.o ABSOLUTE
    ../clib/microlib/init/entry.s            0x00000000   Number         0  entry5.o ABSOLUTE
    ../clib/microlib/init/entry.s            0x00000000   Number         0  entry10b.o ABSOLUTE
    ../clib/microlib/init/entry.s            0x00000000   Number         0  entry7b.o ABSOLUTE
    ../clib/microlib/init/entry.s            0x00000000   Number         0  entry11a.o ABSOLUTE
    ../clib/microlib/init/entry.s            0x00000000   Number         0  entry10a.o ABSOLUTE
    ../clib/microlib/init/entry.s            0x00000000   Number         0  entry8b.o ABSOLUTE
    ../clib/microlib/init/entry.s            0x00000000   Number         0  entry9b.o ABSOLUTE
    ../clib/microlib/init/entry.s            0x00000000   Number         0  entry2.o ABSOLUTE
    ../clib/microlib/init/entry.s            0x00000000   Number         0  entry8a.o ABSOLUTE
    ../clib/microlib/init/entry.s            0x00000000   Number         0  entry7a.o ABSOLUTE
    ../clib/microlib/init/entry.s            0x00000000   Number         0  entry11b.o ABSOLUTE
    ../clib/microlib/longlong.c              0x00000000   Number         0  llshl.o ABSOLUTE
    ../clib/microlib/longlong.c              0x00000000   Number         0  llushr.o ABSOLUTE
    ../clib/microlib/malloc/malloc.c         0x00000000   Number         0  malloca.o ABSOLUTE
    ../clib/microlib/malloc/malloc.c         0x00000000   Number         0  mallocra.o ABSOLUTE
    ../clib/microlib/malloc/malloc.c         0x00000000   Number         0  mallocr.o ABSOLUTE
    ../clib/microlib/malloc/malloc.c         0x00000000   Number         0  malloc.o ABSOLUTE
    ../clib/microlib/malloc/mvars.c          0x00000000   Number         0  mvars.o ABSOLUTE
    ../clib/microlib/string/memcpy.c         0x00000000   Number         0  memcpyb.o ABSOLUTE
    ../clib/microlib/string/memcpy.c         0x00000000   Number         0  memcpya.o ABSOLUTE
    ../clib/microlib/string/memset.c         0x00000000   Number         0  memseta.o ABSOLUTE
    ..\Drivers\STM32F4xx_HAL_Driver\Src\stm32f4xx_hal.c 0x00000000   Number         0  stm32f4xx_hal.o ABSOLUTE
    ..\Drivers\STM32F4xx_HAL_Driver\Src\stm32f4xx_hal_cortex.c 0x00000000   Number         0  stm32f4xx_hal_cortex.o ABSOLUTE
    ..\Drivers\STM32F4xx_HAL_Driver\Src\stm32f4xx_hal_dma.c 0x00000000   Number         0  stm32f4xx_hal_dma.o ABSOLUTE
    ..\Drivers\STM32F4xx_HAL_Driver\Src\stm32f4xx_hal_dma_ex.c 0x00000000   Number         0  stm32f4xx_hal_dma_ex.o ABSOLUTE
    ..\Drivers\STM32F4xx_HAL_Driver\Src\stm32f4xx_hal_exti.c 0x00000000   Number         0  stm32f4xx_hal_exti.o ABSOLUTE
    ..\Drivers\STM32F4xx_HAL_Driver\Src\stm32f4xx_hal_flash.c 0x00000000   Number         0  stm32f4xx_hal_flash.o ABSOLUTE
    ..\Drivers\STM32F4xx_HAL_Driver\Src\stm32f4xx_hal_flash_ex.c 0x00000000   Number         0  stm32f4xx_hal_flash_ex.o ABSOLUTE
    ..\Drivers\STM32F4xx_HAL_Driver\Src\stm32f4xx_hal_flash_ramfunc.c 0x00000000   Number         0  stm32f4xx_hal_flash_ramfunc.o ABSOLUTE
    ..\Drivers\STM32F4xx_HAL_Driver\Src\stm32f4xx_hal_gpio.c 0x00000000   Number         0  stm32f4xx_hal_gpio.o ABSOLUTE
    ..\Drivers\STM32F4xx_HAL_Driver\Src\stm32f4xx_hal_hcd.c 0x00000000   Number         0  stm32f4xx_hal_hcd.o ABSOLUTE
    ..\Drivers\STM32F4xx_HAL_Driver\Src\stm32f4xx_hal_i2c.c 0x00000000   Number         0  stm32f4xx_hal_i2c.o ABSOLUTE
    ..\Drivers\STM32F4xx_HAL_Driver\Src\stm32f4xx_hal_i2c_ex.c 0x00000000   Number         0  stm32f4xx_hal_i2c_ex.o ABSOLUTE
    ..\Drivers\STM32F4xx_HAL_Driver\Src\stm32f4xx_hal_pwr.c 0x00000000   Number         0  stm32f4xx_hal_pwr.o ABSOLUTE
    ..\Drivers\STM32F4xx_HAL_Driver\Src\stm32f4xx_hal_pwr_ex.c 0x00000000   Number         0  stm32f4xx_hal_pwr_ex.o ABSOLUTE
    ..\Drivers\STM32F4xx_HAL_Driver\Src\stm32f4xx_hal_rcc.c 0x00000000   Number         0  stm32f4xx_hal_rcc.o ABSOLUTE
    ..\Drivers\STM32F4xx_HAL_Driver\Src\stm32f4xx_hal_rcc_ex.c 0x00000000   Number         0  stm32f4xx_hal_rcc_ex.o ABSOLUTE
    ..\Drivers\STM32F4xx_HAL_Driver\Src\stm32f4xx_hal_spi.c 0x00000000   Number         0  stm32f4xx_hal_spi.o ABSOLUTE
    ..\Drivers\STM32F4xx_HAL_Driver\Src\stm32f4xx_hal_tim.c 0x00000000   Number         0  stm32f4xx_hal_tim.o ABSOLUTE
    ..\Drivers\STM32F4xx_HAL_Driver\Src\stm32f4xx_hal_tim_ex.c 0x00000000   Number         0  stm32f4xx_hal_tim_ex.o ABSOLUTE
    ..\Drivers\STM32F4xx_HAL_Driver\Src\stm32f4xx_hal_uart.c 0x00000000   Number         0  stm32f4xx_hal_uart.o ABSOLUTE
    ..\Drivers\STM32F4xx_HAL_Driver\Src\stm32f4xx_ll_usb.c 0x00000000   Number         0  stm32f4xx_ll_usb.o ABSOLUTE
    ..\Middlewares\ST\STM32_USB_Host_Library\Class\CDC\Src\usbh_cdc.c 0x00000000   Number         0  usbh_cdc.o ABSOLUTE
    ..\Middlewares\ST\STM32_USB_Host_Library\Core\Src\usbh_core.c 0x00000000   Number         0  usbh_core.o ABSOLUTE
    ..\Middlewares\ST\STM32_USB_Host_Library\Core\Src\usbh_ctlreq.c 0x00000000   Number         0  usbh_ctlreq.o ABSOLUTE
    ..\Middlewares\ST\STM32_USB_Host_Library\Core\Src\usbh_ioreq.c 0x00000000   Number         0  usbh_ioreq.o ABSOLUTE
    ..\Middlewares\ST\STM32_USB_Host_Library\Core\Src\usbh_pipes.c 0x00000000   Number         0  usbh_pipes.o ABSOLUTE
    ..\Src\main.c                            0x00000000   Number         0  main.o ABSOLUTE
    ..\Src\stm32f4xx_hal_msp.c               0x00000000   Number         0  stm32f4xx_hal_msp.o ABSOLUTE
    ..\Src\stm32f4xx_it.c                    0x00000000   Number         0  stm32f4xx_it.o ABSOLUTE
    ..\Src\system_stm32f4xx.c                0x00000000   Number         0  system_stm32f4xx.o ABSOLUTE
    ..\Src\usb_host.c                        0x00000000   Number         0  usb_host.o ABSOLUTE
    ..\Src\usbh_conf.c                       0x00000000   Number         0  usbh_conf.o ABSOLUTE
    ..\Src\usbh_platform.c                   0x00000000   Number         0  usbh_platform.o ABSOLUTE
    dc.s                                     0x00000000   Number         0  dc.o ABSOLUTE
    handlers.s                               0x00000000   Number         0  handlers.o ABSOLUTE
    init.s                                   0x00000000   Number         0  init.o ABSOLUTE
    startup_stm32f407xx.s                    0x00000000   Number         0  startup_stm32f407xx.o ABSOLUTE
    RESET                                    0x08008000   Section      392  startup_stm32f407xx.o(RESET)
    .ARM.Collect$$$$00000000                 0x08008188   Section        0  entry.o(.ARM.Collect$$$$00000000)
    .ARM.Collect$$$$00000001                 0x08008188   Section        4  entry2.o(.ARM.Collect$$$$00000001)
    .ARM.Collect$$$$00000004                 0x0800818c   Section        4  entry5.o(.ARM.Collect$$$$00000004)
    .ARM.Collect$$$$00000008                 0x08008190   Section        0  entry7b.o(.ARM.Collect$$$$00000008)
    .ARM.Collect$$$$0000000A                 0x08008190   Section        0  entry8b.o(.ARM.Collect$$$$0000000A)
    .ARM.Collect$$$$0000000B                 0x08008190   Section        8  entry9a.o(.ARM.Collect$$$$0000000B)
    .ARM.Collect$$$$0000000D                 0x08008198   Section        0  entry10a.o(.ARM.Collect$$$$0000000D)
    .ARM.Collect$$$$0000000F                 0x08008198   Section        0  entry11a.o(.ARM.Collect$$$$0000000F)
    .ARM.Collect$$$$00002712                 0x08008198   Section        4  entry2.o(.ARM.Collect$$$$00002712)
    __lit__00000000                          0x08008198   Data           4  entry2.o(.ARM.Collect$$$$00002712)
    .text                                    0x0800819c   Section       36  startup_stm32f407xx.o(.text)
    $v0                                      0x0800819c   Number         0  startup_stm32f407xx.o(.text)
    .text                                    0x080081c0   Section        0  uldiv.o(.text)
    .text                                    0x08008222   Section        0  memcpya.o(.text)
    .text                                    0x08008246   Section        0  memseta.o(.text)
    .text                                    0x0800826a   Section        0  llshl.o(.text)
    .text                                    0x08008288   Section        0  llushr.o(.text)
    .text                                    0x080082a8   Section       36  init.o(.text)
    i.BusFault_Handler                       0x080082cc   Section        0  stm32f4xx_it.o(i.BusFault_Handler)
    i.CDC_ProcessReception                   0x080082d0   Section        0  usbh_cdc.o(i.CDC_ProcessReception)
    CDC_ProcessReception                     0x080082d1   Thumb Code   104  usbh_cdc.o(i.CDC_ProcessReception)
    i.CDC_ProcessTransmission                0x08008338   Section        0  usbh_cdc.o(i.CDC_ProcessTransmission)
    CDC_ProcessTransmission                  0x08008339   Thumb Code   114  usbh_cdc.o(i.CDC_ProcessTransmission)
    i.DeInitStateMachine                     0x080083ac   Section        0  usbh_core.o(i.DeInitStateMachine)
    DeInitStateMachine                       0x080083ad   Thumb Code    72  usbh_core.o(i.DeInitStateMachine)
    i.DebugMon_Handler                       0x080083f4   Section        0  stm32f4xx_it.o(i.DebugMon_Handler)
    i.Error_Handler                          0x080083f6   Section        0  main.o(i.Error_Handler)
    i.GetLineCoding                          0x080083f8   Section        0  usbh_cdc.o(i.GetLineCoding)
    GetLineCoding                            0x080083f9   Thumb Code    22  usbh_cdc.o(i.GetLineCoding)
    i.HAL_Delay                              0x08008410   Section        0  stm32f4xx_hal.o(i.HAL_Delay)
    i.HAL_GPIO_Init                          0x08008434   Section        0  stm32f4xx_hal_gpio.o(i.HAL_GPIO_Init)
    i.HAL_GPIO_WritePin                      0x080085e4   Section        0  stm32f4xx_hal_gpio.o(i.HAL_GPIO_WritePin)
    i.HAL_GetTick                            0x080085f0   Section        0  stm32f4xx_hal.o(i.HAL_GetTick)
    i.HAL_HCD_Connect_Callback               0x080085fc   Section        0  usbh_conf.o(i.HAL_HCD_Connect_Callback)
    i.HAL_HCD_Disconnect_Callback            0x08008604   Section        0  usbh_conf.o(i.HAL_HCD_Disconnect_Callback)
    i.HAL_HCD_GetCurrentFrame                0x0800860c   Section        0  stm32f4xx_hal_hcd.o(i.HAL_HCD_GetCurrentFrame)
    i.HAL_HCD_GetCurrentSpeed                0x08008612   Section        0  stm32f4xx_hal_hcd.o(i.HAL_HCD_GetCurrentSpeed)
    i.HAL_HCD_HC_GetURBState                 0x08008618   Section        0  stm32f4xx_hal_hcd.o(i.HAL_HCD_HC_GetURBState)
    i.HAL_HCD_HC_GetXferCount                0x08008626   Section        0  stm32f4xx_hal_hcd.o(i.HAL_HCD_HC_GetXferCount)
    i.HAL_HCD_HC_Halt                        0x08008632   Section        0  stm32f4xx_hal_hcd.o(i.HAL_HCD_HC_Halt)
    i.HAL_HCD_HC_Init                        0x08008656   Section        0  stm32f4xx_hal_hcd.o(i.HAL_HCD_HC_Init)
    i.HAL_HCD_HC_NotifyURBChange_Callback    0x080086c8   Section        0  usbh_conf.o(i.HAL_HCD_HC_NotifyURBChange_Callback)
    i.HAL_HCD_HC_SubmitRequest               0x080086ca   Section        0  stm32f4xx_hal_hcd.o(i.HAL_HCD_HC_SubmitRequest)
    i.HAL_HCD_IRQHandler                     0x08008758   Section        0  stm32f4xx_hal_hcd.o(i.HAL_HCD_IRQHandler)
    i.HAL_HCD_Init                           0x0800888a   Section        0  stm32f4xx_hal_hcd.o(i.HAL_HCD_Init)
    i.HAL_HCD_MspInit                        0x080088fc   Section        0  usbh_conf.o(i.HAL_HCD_MspInit)
    i.HAL_HCD_PortDisabled_Callback          0x08008990   Section        0  usbh_conf.o(i.HAL_HCD_PortDisabled_Callback)
    i.HAL_HCD_PortEnabled_Callback           0x08008998   Section        0  usbh_conf.o(i.HAL_HCD_PortEnabled_Callback)
    i.HAL_HCD_ResetPort                      0x080089a0   Section        0  stm32f4xx_hal_hcd.o(i.HAL_HCD_ResetPort)
    i.HAL_HCD_SOF_Callback                   0x080089a6   Section        0  usbh_conf.o(i.HAL_HCD_SOF_Callback)
    i.HAL_HCD_Start                          0x080089ae   Section        0  stm32f4xx_hal_hcd.o(i.HAL_HCD_Start)
    i.HAL_HCD_Stop                           0x080089da   Section        0  stm32f4xx_hal_hcd.o(i.HAL_HCD_Stop)
    i.HAL_I2C_Init                           0x08008a00   Section        0  stm32f4xx_hal_i2c.o(i.HAL_I2C_Init)
    i.HAL_I2C_MspInit                        0x08008b74   Section        0  stm32f4xx_hal_msp.o(i.HAL_I2C_MspInit)
    i.HAL_IncTick                            0x08008be0   Section        0  stm32f4xx_hal.o(i.HAL_IncTick)
    i.HAL_Init                               0x08008bf0   Section        0  stm32f4xx_hal.o(i.HAL_Init)
    i.HAL_InitTick                           0x08008c24   Section        0  stm32f4xx_hal.o(i.HAL_InitTick)
    i.HAL_MspInit                            0x08008c64   Section        0  stm32f4xx_hal_msp.o(i.HAL_MspInit)
    i.HAL_NVIC_EnableIRQ                     0x08008c94   Section        0  stm32f4xx_hal_cortex.o(i.HAL_NVIC_EnableIRQ)
    i.HAL_NVIC_SetPriority                   0x08008cb0   Section        0  stm32f4xx_hal_cortex.o(i.HAL_NVIC_SetPriority)
    i.HAL_NVIC_SetPriorityGrouping           0x08008cf0   Section        0  stm32f4xx_hal_cortex.o(i.HAL_NVIC_SetPriorityGrouping)
    i.HAL_RCC_ClockConfig                    0x08008d14   Section        0  stm32f4xx_hal_rcc.o(i.HAL_RCC_ClockConfig)
    i.HAL_RCC_GetPCLK1Freq                   0x08008e44   Section        0  stm32f4xx_hal_rcc.o(i.HAL_RCC_GetPCLK1Freq)
    i.HAL_RCC_GetPCLK2Freq                   0x08008e64   Section        0  stm32f4xx_hal_rcc.o(i.HAL_RCC_GetPCLK2Freq)
    i.HAL_RCC_GetSysClockFreq                0x08008e84   Section        0  stm32f4xx_hal_rcc.o(i.HAL_RCC_GetSysClockFreq)
    i.HAL_RCC_OscConfig                      0x08008ee4   Section        0  stm32f4xx_hal_rcc.o(i.HAL_RCC_OscConfig)
    i.HAL_SPI_Init                           0x08009200   Section        0  stm32f4xx_hal_spi.o(i.HAL_SPI_Init)
    i.HAL_SPI_MspInit                        0x08009280   Section        0  stm32f4xx_hal_msp.o(i.HAL_SPI_MspInit)
    i.HAL_SYSTICK_Config                     0x080092e8   Section        0  stm32f4xx_hal_cortex.o(i.HAL_SYSTICK_Config)
    i.HAL_UART_Init                          0x08009310   Section        0  stm32f4xx_hal_uart.o(i.HAL_UART_Init)
    i.HAL_UART_MspInit                       0x08009374   Section        0  stm32f4xx_hal_msp.o(i.HAL_UART_MspInit)
    i.HAL_UART_Transmit                      0x080093e0   Section        0  stm32f4xx_hal_uart.o(i.HAL_UART_Transmit)
    i.HCD_HC_IN_IRQHandler                   0x0800949a   Section        0  stm32f4xx_hal_hcd.o(i.HCD_HC_IN_IRQHandler)
    HCD_HC_IN_IRQHandler                     0x0800949b   Thumb Code   556  stm32f4xx_hal_hcd.o(i.HCD_HC_IN_IRQHandler)
    i.HCD_HC_OUT_IRQHandler                  0x080096c6   Section        0  stm32f4xx_hal_hcd.o(i.HCD_HC_OUT_IRQHandler)
    HCD_HC_OUT_IRQHandler                    0x080096c7   Thumb Code   580  stm32f4xx_hal_hcd.o(i.HCD_HC_OUT_IRQHandler)
    i.HCD_Port_IRQHandler                    0x0800990a   Section        0  stm32f4xx_hal_hcd.o(i.HCD_Port_IRQHandler)
    HCD_Port_IRQHandler                      0x0800990b   Thumb Code   184  stm32f4xx_hal_hcd.o(i.HCD_Port_IRQHandler)
    i.HCD_RXQLVL_IRQHandler                  0x080099c4   Section        0  stm32f4xx_hal_hcd.o(i.HCD_RXQLVL_IRQHandler)
    HCD_RXQLVL_IRQHandler                    0x080099c5   Thumb Code   108  stm32f4xx_hal_hcd.o(i.HCD_RXQLVL_IRQHandler)
    i.HardFault_Handler                      0x08009a34   Section        0  stm32f4xx_it.o(i.HardFault_Handler)
    i.MX_DriverVbusFS                        0x08009a38   Section        0  usbh_platform.o(i.MX_DriverVbusFS)
    i.MX_GPIO_Init                           0x08009a4c   Section        0  main.o(i.MX_GPIO_Init)
    MX_GPIO_Init                             0x08009a4d   Thumb Code   368  main.o(i.MX_GPIO_Init)
    i.MX_SPI1_Init                           0x08009bd8   Section        0  main.o(i.MX_SPI1_Init)
    MX_SPI1_Init                             0x08009bd9   Thumb Code    44  main.o(i.MX_SPI1_Init)
    i.MX_USB_HOST_Init                       0x08009c0c   Section        0  usb_host.o(i.MX_USB_HOST_Init)
    i.MX_USB_HOST_Process                    0x08009c4c   Section        0  usb_host.o(i.MX_USB_HOST_Process)
    i.MemManage_Handler                      0x08009c58   Section        0  stm32f4xx_it.o(i.MemManage_Handler)
    i.NMI_Handler                            0x08009c5a   Section        0  stm32f4xx_it.o(i.NMI_Handler)
    i.OTG_FS_IRQHandler                      0x08009c5c   Section        0  stm32f4xx_it.o(i.OTG_FS_IRQHandler)
    i.PendSV_Handler                         0x08009c68   Section        0  stm32f4xx_it.o(i.PendSV_Handler)
    i.SVC_Handler                            0x08009c6a   Section        0  stm32f4xx_it.o(i.SVC_Handler)
    i.SysTick_Handler                        0x08009c6c   Section        0  stm32f4xx_it.o(i.SysTick_Handler)
    i.SystemClock_Config                     0x08009c70   Section        0  main.o(i.SystemClock_Config)
    i.SystemInit                             0x08009cf8   Section        0  system_stm32f4xx.o(i.SystemInit)
    i.UART_SetConfig                         0x08009d4c   Section        0  stm32f4xx_hal_uart.o(i.UART_SetConfig)
    UART_SetConfig                           0x08009d4d   Thumb Code   676  stm32f4xx_hal_uart.o(i.UART_SetConfig)
    i.UART_WaitOnFlagUntilTimeout            0x08009ff8   Section        0  stm32f4xx_hal_uart.o(i.UART_WaitOnFlagUntilTimeout)
    UART_WaitOnFlagUntilTimeout              0x08009ff9   Thumb Code   100  stm32f4xx_hal_uart.o(i.UART_WaitOnFlagUntilTimeout)
    i.USBH_AllocPipe                         0x0800a05c   Section        0  usbh_pipes.o(i.USBH_AllocPipe)
    i.USBH_BulkReceiveData                   0x0800a090   Section        0  usbh_ioreq.o(i.USBH_BulkReceiveData)
    i.USBH_BulkSendData                      0x0800a0b0   Section        0  usbh_ioreq.o(i.USBH_BulkSendData)
    i.USBH_CDC_ClassRequest                  0x0800a0d8   Section        0  usbh_cdc.o(i.USBH_CDC_ClassRequest)
    USBH_CDC_ClassRequest                    0x0800a0d9   Thumb Code    36  usbh_cdc.o(i.USBH_CDC_ClassRequest)
    i.USBH_CDC_InterfaceDeInit               0x0800a0fc   Section        0  usbh_cdc.o(i.USBH_CDC_InterfaceDeInit)
    USBH_CDC_InterfaceDeInit                 0x0800a0fd   Thumb Code    94  usbh_cdc.o(i.USBH_CDC_InterfaceDeInit)
    i.USBH_CDC_InterfaceInit                 0x0800a15a   Section        0  usbh_cdc.o(i.USBH_CDC_InterfaceInit)
    USBH_CDC_InterfaceInit                   0x0800a15b   Thumb Code   308  usbh_cdc.o(i.USBH_CDC_InterfaceInit)
    i.USBH_CDC_LineCodingChanged             0x0800a28e   Section        0  usbh_cdc.o(i.USBH_CDC_LineCodingChanged)
    i.USBH_CDC_Process                       0x0800a290   Section        0  usbh_cdc.o(i.USBH_CDC_Process)
    USBH_CDC_Process                         0x0800a291   Thumb Code   184  usbh_cdc.o(i.USBH_CDC_Process)
    i.USBH_CDC_ReceiveCallback               0x0800a348   Section        0  usbh_cdc.o(i.USBH_CDC_ReceiveCallback)
    i.USBH_CDC_SOFProcess                    0x0800a34a   Section        0  usbh_cdc.o(i.USBH_CDC_SOFProcess)
    USBH_CDC_SOFProcess                      0x0800a34b   Thumb Code     4  usbh_cdc.o(i.USBH_CDC_SOFProcess)
    i.USBH_CDC_TransmitCallback              0x0800a34e   Section        0  usbh_cdc.o(i.USBH_CDC_TransmitCallback)
    i.USBH_ClosePipe                         0x0800a350   Section        0  usbh_pipes.o(i.USBH_ClosePipe)
    i.USBH_ClrFeature                        0x0800a35a   Section        0  usbh_ctlreq.o(i.USBH_ClrFeature)
    i.USBH_CtlReceiveData                    0x0800a378   Section        0  usbh_ioreq.o(i.USBH_CtlReceiveData)
    i.USBH_CtlReq                            0x0800a396   Section        0  usbh_ctlreq.o(i.USBH_CtlReq)
    i.USBH_CtlSendData                       0x0800a3d0   Section        0  usbh_ioreq.o(i.USBH_CtlSendData)
    i.USBH_CtlSendSetup                      0x0800a3f8   Section        0  usbh_ioreq.o(i.USBH_CtlSendSetup)
    i.USBH_Delay                             0x0800a416   Section        0  usbh_conf.o(i.USBH_Delay)
    i.USBH_FindInterface                     0x0800a41c   Section        0  usbh_core.o(i.USBH_FindInterface)
    i.USBH_FreePipe                          0x0800a460   Section        0  usbh_pipes.o(i.USBH_FreePipe)
    i.USBH_GetDescriptor                     0x0800a478   Section        0  usbh_ctlreq.o(i.USBH_GetDescriptor)
    i.USBH_GetNextDesc                       0x0800a4ac   Section        0  usbh_ctlreq.o(i.USBH_GetNextDesc)
    i.USBH_Get_CfgDesc                       0x0800a4ba   Section        0  usbh_ctlreq.o(i.USBH_Get_CfgDesc)
    i.USBH_Get_DevDesc                       0x0800a4e6   Section        0  usbh_ctlreq.o(i.USBH_Get_DevDesc)
    i.USBH_Get_StringDesc                    0x0800a576   Section        0  usbh_ctlreq.o(i.USBH_Get_StringDesc)
    i.USBH_Get_USB_Status                    0x0800a5be   Section        0  usbh_conf.o(i.USBH_Get_USB_Status)
    i.USBH_HandleControl                     0x0800a5d6   Section        0  usbh_ctlreq.o(i.USBH_HandleControl)
    USBH_HandleControl                       0x0800a5d7   Thumb Code   394  usbh_ctlreq.o(i.USBH_HandleControl)
    i.USBH_HandleEnum                        0x0800a760   Section        0  usbh_core.o(i.USBH_HandleEnum)
    USBH_HandleEnum                          0x0800a761   Thumb Code   242  usbh_core.o(i.USBH_HandleEnum)
    i.USBH_Init                              0x0800a852   Section        0  usbh_core.o(i.USBH_Init)
    i.USBH_LL_ClosePipe                      0x0800a882   Section        0  usbh_conf.o(i.USBH_LL_ClosePipe)
    i.USBH_LL_Connect                        0x0800a894   Section        0  usbh_core.o(i.USBH_LL_Connect)
    i.USBH_LL_Disconnect                     0x0800a8be   Section        0  usbh_core.o(i.USBH_LL_Disconnect)
    i.USBH_LL_DriverVBUS                     0x0800a8f6   Section        0  usbh_conf.o(i.USBH_LL_DriverVBUS)
    i.USBH_LL_GetLastXferSize                0x0800a910   Section        0  usbh_conf.o(i.USBH_LL_GetLastXferSize)
    i.USBH_LL_GetSpeed                       0x0800a918   Section        0  usbh_conf.o(i.USBH_LL_GetSpeed)
    i.USBH_LL_GetURBState                    0x0800a93a   Section        0  usbh_conf.o(i.USBH_LL_GetURBState)
    i.USBH_LL_IncTimer                       0x0800a942   Section        0  usbh_core.o(i.USBH_LL_IncTimer)
    i.USBH_LL_Init                           0x0800a960   Section        0  usbh_conf.o(i.USBH_LL_Init)
    i.USBH_LL_OpenPipe                       0x0800a9b0   Section        0  usbh_conf.o(i.USBH_LL_OpenPipe)
    i.USBH_LL_PortDisabled                   0x0800a9cc   Section        0  usbh_core.o(i.USBH_LL_PortDisabled)
    i.USBH_LL_PortEnabled                    0x0800a9d4   Section        0  usbh_core.o(i.USBH_LL_PortEnabled)
    i.USBH_LL_ResetPort                      0x0800a9dc   Section        0  usbh_conf.o(i.USBH_LL_ResetPort)
    i.USBH_LL_SetTimer                       0x0800a9ee   Section        0  usbh_core.o(i.USBH_LL_SetTimer)
    i.USBH_LL_SetToggle                      0x0800a9f4   Section        0  usbh_conf.o(i.USBH_LL_SetToggle)
    i.USBH_LL_Start                          0x0800aa14   Section        0  usbh_conf.o(i.USBH_LL_Start)
    i.USBH_LL_Stop                           0x0800aa26   Section        0  usbh_conf.o(i.USBH_LL_Stop)
    i.USBH_LL_SubmitURB                      0x0800aa38   Section        0  usbh_conf.o(i.USBH_LL_SubmitURB)
    i.USBH_OpenPipe                          0x0800aa5a   Section        0  usbh_pipes.o(i.USBH_OpenPipe)
    i.USBH_ParseCfgDesc                      0x0800aa6e   Section        0  usbh_ctlreq.o(i.USBH_ParseCfgDesc)
    USBH_ParseCfgDesc                        0x0800aa6f   Thumb Code   220  usbh_ctlreq.o(i.USBH_ParseCfgDesc)
    i.USBH_Process                           0x0800ab4a   Section        0  usbh_core.o(i.USBH_Process)
    i.USBH_RegisterClass                     0x0800acea   Section        0  usbh_core.o(i.USBH_RegisterClass)
    i.USBH_SelectInterface                   0x0800ad06   Section        0  usbh_core.o(i.USBH_SelectInterface)
    i.USBH_SetAddress                        0x0800ad1c   Section        0  usbh_ctlreq.o(i.USBH_SetAddress)
    i.USBH_SetCfg                            0x0800ad38   Section        0  usbh_ctlreq.o(i.USBH_SetCfg)
    i.USBH_SetFeature                        0x0800ad54   Section        0  usbh_ctlreq.o(i.USBH_SetFeature)
    i.USBH_Start                             0x0800ad70   Section        0  usbh_core.o(i.USBH_Start)
    i.USBH_UserProcess                       0x0800ad84   Section        0  usb_host.o(i.USBH_UserProcess)
    USBH_UserProcess                         0x0800ad85   Thumb Code    28  usb_host.o(i.USBH_UserProcess)
    i.USB_CoreInit                           0x0800ada4   Section        0  stm32f4xx_ll_usb.o(i.USB_CoreInit)
    i.USB_CoreReset                          0x0800ae18   Section        0  stm32f4xx_ll_usb.o(i.USB_CoreReset)
    USB_CoreReset                            0x0800ae19   Thumb Code    50  stm32f4xx_ll_usb.o(i.USB_CoreReset)
    i.USB_DisableGlobalInt                   0x0800ae50   Section        0  stm32f4xx_ll_usb.o(i.USB_DisableGlobalInt)
    i.USB_DoPing                             0x0800ae5c   Section        0  stm32f4xx_ll_usb.o(i.USB_DoPing)
    i.USB_DriveVbus                          0x0800ae80   Section        0  stm32f4xx_ll_usb.o(i.USB_DriveVbus)
    i.USB_EnableGlobalInt                    0x0800aeac   Section        0  stm32f4xx_ll_usb.o(i.USB_EnableGlobalInt)
    i.USB_FlushRxFifo                        0x0800aeb8   Section        0  stm32f4xx_ll_usb.o(i.USB_FlushRxFifo)
    i.USB_FlushTxFifo                        0x0800aed8   Section        0  stm32f4xx_ll_usb.o(i.USB_FlushTxFifo)
    i.USB_GetCurrentFrame                    0x0800aefc   Section        0  stm32f4xx_ll_usb.o(i.USB_GetCurrentFrame)
    i.USB_GetHostSpeed                       0x0800af04   Section        0  stm32f4xx_ll_usb.o(i.USB_GetHostSpeed)
    i.USB_GetMode                            0x0800af12   Section        0  stm32f4xx_ll_usb.o(i.USB_GetMode)
    i.USB_HC_Halt                            0x0800af1a   Section        0  stm32f4xx_ll_usb.o(i.USB_HC_Halt)
    i.USB_HC_Init                            0x0800afdc   Section        0  stm32f4xx_ll_usb.o(i.USB_HC_Init)
    i.USB_HC_ReadInterrupt                   0x0800b0cc   Section        0  stm32f4xx_ll_usb.o(i.USB_HC_ReadInterrupt)
    i.USB_HC_StartXfer                       0x0800b0d4   Section        0  stm32f4xx_ll_usb.o(i.USB_HC_StartXfer)
    i.USB_HostInit                           0x0800b224   Section        0  stm32f4xx_ll_usb.o(i.USB_HostInit)
    i.USB_InitFSLSPClkSel                    0x0800b2fc   Section        0  stm32f4xx_ll_usb.o(i.USB_InitFSLSPClkSel)
    i.USB_ReadInterrupts                     0x0800b332   Section        0  stm32f4xx_ll_usb.o(i.USB_ReadInterrupts)
    i.USB_ReadPacket                         0x0800b33a   Section        0  stm32f4xx_ll_usb.o(i.USB_ReadPacket)
    i.USB_ResetPort                          0x0800b356   Section        0  stm32f4xx_ll_usb.o(i.USB_ResetPort)
    i.USB_SetCurrentMode                     0x0800b388   Section        0  stm32f4xx_ll_usb.o(i.USB_SetCurrentMode)
    i.USB_StopHost                           0x0800b3b8   Section        0  stm32f4xx_ll_usb.o(i.USB_StopHost)
    i.USB_WritePacket                        0x0800b436   Section        0  stm32f4xx_ll_usb.o(i.USB_WritePacket)
    i.UsageFault_Handler                     0x0800b45a   Section        0  stm32f4xx_it.o(i.UsageFault_Handler)
    i.__NVIC_SetPriority                     0x0800b45c   Section        0  stm32f4xx_hal_cortex.o(i.__NVIC_SetPriority)
    __NVIC_SetPriority                       0x0800b45d   Thumb Code    32  stm32f4xx_hal_cortex.o(i.__NVIC_SetPriority)
    i.__scatterload_copy                     0x0800b47c   Section       14  handlers.o(i.__scatterload_copy)
    i.__scatterload_null                     0x0800b48a   Section        2  handlers.o(i.__scatterload_null)
    i.__scatterload_zeroinit                 0x0800b48c   Section       14  handlers.o(i.__scatterload_zeroinit)
    i.free                                   0x0800b49c   Section        0  malloc.o(i.free)
    i.main                                   0x0800b4ec   Section        0  main.o(i.main)
    i.malloc                                 0x0800b5a0   Section        0  malloc.o(i.malloc)
    .constdata                               0x0800b60c   Section       16  system_stm32f4xx.o(.constdata)
    .constdata                               0x0800b61c   Section        8  system_stm32f4xx.o(.constdata)
    .conststring                             0x0800b624   Section        4  usbh_cdc.o(.conststring)
    .data                                    0x20000000   Section        1  usb_host.o(.data)
    .data                                    0x20000004   Section        4  stm32f4xx_ll_usb.o(.data)
    tmpreg                                   0x20000004   Data           4  stm32f4xx_ll_usb.o(.data)
    .data                                    0x20000008   Section       12  stm32f4xx_hal.o(.data)
    .data                                    0x20000014   Section        4  system_stm32f4xx.o(.data)
    .data                                    0x20000018   Section       32  usbh_cdc.o(.data)
    .data                                    0x20000038   Section        4  mvars.o(.data)
    .data                                    0x2000003c   Section        4  mvars.o(.data)
    .bss                                     0x20000040   Section      236  main.o(.bss)
    .bss                                     0x2000012c   Section      972  usb_host.o(.bss)
    .bss                                     0x200004f8   Section      708  usbh_conf.o(.bss)
    HEAP                                     0x200007c0   Section      512  startup_stm32f407xx.o(HEAP)
    STACK                                    0x200009c0   Section     1024  startup_stm32f407xx.o(STACK)

    Global Symbols

    Symbol Name                              Value     Ov Type        Size  Object(Section)

    BuildAttributes$$THM_ISAv4$E$P$D$K$B$S$7EM$VFPi3$EXTD16$VFPS$VFMA$PE$A:L22UL41UL21$X:L11$S22US41US21$IEEE1$IW$USESV6$~STKCKD$USESV7$~SHL$OSPACE$EBA8$MICROLIB$REQ8$PRES8$EABIv2 0x00000000   Number         0  anon$$obj.o ABSOLUTE
    __ARM_use_no_argv                        0x00000000   Number         0  main.o ABSOLUTE
    __cpp_initialize__aeabi_                  - Undefined Weak Reference
    __cxa_finalize                            - Undefined Weak Reference
    __decompress                              - Undefined Weak Reference
    _clock_init                               - Undefined Weak Reference
    _microlib_exit                            - Undefined Weak Reference
    __Vectors_Size                           0x00000188   Number         0  startup_stm32f407xx.o ABSOLUTE
    __Vectors                                0x08008000   Data           4  startup_stm32f407xx.o(RESET)
    __Vectors_End                            0x08008188   Data           0  startup_stm32f407xx.o(RESET)
    __main                                   0x08008189   Thumb Code     0  entry.o(.ARM.Collect$$$$00000000)
    _main_stk                                0x08008189   Thumb Code     0  entry2.o(.ARM.Collect$$$$00000001)
    _main_scatterload                        0x0800818d   Thumb Code     0  entry5.o(.ARM.Collect$$$$00000004)
    __main_after_scatterload                 0x08008191   Thumb Code     0  entry5.o(.ARM.Collect$$$$00000004)
    _main_clock                              0x08008191   Thumb Code     0  entry7b.o(.ARM.Collect$$$$00000008)
    _main_cpp_init                           0x08008191   Thumb Code     0  entry8b.o(.ARM.Collect$$$$0000000A)
    _main_init                               0x08008191   Thumb Code     0  entry9a.o(.ARM.Collect$$$$0000000B)
    __rt_final_cpp                           0x08008199   Thumb Code     0  entry10a.o(.ARM.Collect$$$$0000000D)
    __rt_final_exit                          0x08008199   Thumb Code     0  entry11a.o(.ARM.Collect$$$$0000000F)
    Reset_Handler                            0x0800819d   Thumb Code     8  startup_stm32f407xx.o(.text)
    ADC_IRQHandler                           0x080081b7   Thumb Code     0  startup_stm32f407xx.o(.text)
    CAN1_RX0_IRQHandler                      0x080081b7   Thumb Code     0  startup_stm32f407xx.o(.text)
    CAN1_RX1_IRQHandler                      0x080081b7   Thumb Code     0  startup_stm32f407xx.o(.text)
    CAN1_SCE_IRQHandler                      0x080081b7   Thumb Code     0  startup_stm32f407xx.o(.text)
    CAN1_TX_IRQHandler                       0x080081b7   Thumb Code     0  startup_stm32f407xx.o(.text)
    CAN2_RX0_IRQHandler                      0x080081b7   Thumb Code     0  startup_stm32f407xx.o(.text)
    CAN2_RX1_IRQHandler                      0x080081b7   Thumb Code     0  startup_stm32f407xx.o(.text)
    CAN2_SCE_IRQHandler                      0x080081b7   Thumb Code     0  startup_stm32f407xx.o(.text)
    CAN2_TX_IRQHandler                       0x080081b7   Thumb Code     0  startup_stm32f407xx.o(.text)
    DCMI_IRQHandler                          0x080081b7   Thumb Code     0  startup_stm32f407xx.o(.text)
    DMA1_Stream0_IRQHandler                  0x080081b7   Thumb Code     0  startup_stm32f407xx.o(.text)
    DMA1_Stream1_IRQHandler                  0x080081b7   Thumb Code     0  startup_stm32f407xx.o(.text)
    DMA1_Stream2_IRQHandler                  0x080081b7   Thumb Code     0  startup_stm32f407xx.o(.text)
    DMA1_Stream3_IRQHandler                  0x080081b7   Thumb Code     0  startup_stm32f407xx.o(.text)
    DMA1_Stream4_IRQHandler                  0x080081b7   Thumb Code     0  startup_stm32f407xx.o(.text)
    DMA1_Stream5_IRQHandler                  0x080081b7   Thumb Code     0  startup_stm32f407xx.o(.text)
    DMA1_Stream6_IRQHandler                  0x080081b7   Thumb Code     0  startup_stm32f407xx.o(.text)
    DMA1_Stream7_IRQHandler                  0x080081b7   Thumb Code     0  startup_stm32f407xx.o(.text)
    DMA2_Stream0_IRQHandler                  0x080081b7   Thumb Code     0  startup_stm32f407xx.o(.text)
    DMA2_Stream1_IRQHandler                  0x080081b7   Thumb Code     0  startup_stm32f407xx.o(.text)
    DMA2_Stream2_IRQHandler                  0x080081b7   Thumb Code     0  startup_stm32f407xx.o(.text)
    DMA2_Stream3_IRQHandler                  0x080081b7   Thumb Code     0  startup_stm32f407xx.o(.text)
    DMA2_Stream4_IRQHandler                  0x080081b7   Thumb Code     0  startup_stm32f407xx.o(.text)
    DMA2_Stream5_IRQHandler                  0x080081b7   Thumb Code     0  startup_stm32f407xx.o(.text)
    DMA2_Stream6_IRQHandler                  0x080081b7   Thumb Code     0  startup_stm32f407xx.o(.text)
    DMA2_Stream7_IRQHandler                  0x080081b7   Thumb Code     0  startup_stm32f407xx.o(.text)
    ETH_IRQHandler                           0x080081b7   Thumb Code     0  startup_stm32f407xx.o(.text)
    ETH_WKUP_IRQHandler                      0x080081b7   Thumb Code     0  startup_stm32f407xx.o(.text)
    EXTI0_IRQHandler                         0x080081b7   Thumb Code     0  startup_stm32f407xx.o(.text)
    EXTI15_10_IRQHandler                     0x080081b7   Thumb Code     0  startup_stm32f407xx.o(.text)
    EXTI1_IRQHandler                         0x080081b7   Thumb Code     0  startup_stm32f407xx.o(.text)
    EXTI2_IRQHandler                         0x080081b7   Thumb Code     0  startup_stm32f407xx.o(.text)
    EXTI3_IRQHandler                         0x080081b7   Thumb Code     0  startup_stm32f407xx.o(.text)
    EXTI4_IRQHandler                         0x080081b7   Thumb Code     0  startup_stm32f407xx.o(.text)
    EXTI9_5_IRQHandler                       0x080081b7   Thumb Code     0  startup_stm32f407xx.o(.text)
    FLASH_IRQHandler                         0x080081b7   Thumb Code     0  startup_stm32f407xx.o(.text)
    FMC_IRQHandler                           0x080081b7   Thumb Code     0  startup_stm32f407xx.o(.text)
    FPU_IRQHandler                           0x080081b7   Thumb Code     0  startup_stm32f407xx.o(.text)
    HASH_RNG_IRQHandler                      0x080081b7   Thumb Code     0  startup_stm32f407xx.o(.text)
    I2C1_ER_IRQHandler                       0x080081b7   Thumb Code     0  startup_stm32f407xx.o(.text)
    I2C1_EV_IRQHandler                       0x080081b7   Thumb Code     0  startup_stm32f407xx.o(.text)
    I2C2_ER_IRQHandler                       0x080081b7   Thumb Code     0  startup_stm32f407xx.o(.text)
    I2C2_EV_IRQHandler                       0x080081b7   Thumb Code     0  startup_stm32f407xx.o(.text)
    I2C3_ER_IRQHandler                       0x080081b7   Thumb Code     0  startup_stm32f407xx.o(.text)
    I2C3_EV_IRQHandler                       0x080081b7   Thumb Code     0  startup_stm32f407xx.o(.text)
    OTG_FS_WKUP_IRQHandler                   0x080081b7   Thumb Code     0  startup_stm32f407xx.o(.text)
    OTG_HS_EP1_IN_IRQHandler                 0x080081b7   Thumb Code     0  startup_stm32f407xx.o(.text)
    OTG_HS_EP1_OUT_IRQHandler                0x080081b7   Thumb Code     0  startup_stm32f407xx.o(.text)
    OTG_HS_IRQHandler                        0x080081b7   Thumb Code     0  startup_stm32f407xx.o(.text)
    OTG_HS_WKUP_IRQHandler                   0x080081b7   Thumb Code     0  startup_stm32f407xx.o(.text)
    PVD_IRQHandler                           0x080081b7   Thumb Code     0  startup_stm32f407xx.o(.text)
    RCC_IRQHandler                           0x080081b7   Thumb Code     0  startup_stm32f407xx.o(.text)
    RTC_Alarm_IRQHandler                     0x080081b7   Thumb Code     0  startup_stm32f407xx.o(.text)
    RTC_WKUP_IRQHandler                      0x080081b7   Thumb Code     0  startup_stm32f407xx.o(.text)
    SDIO_IRQHandler                          0x080081b7   Thumb Code     0  startup_stm32f407xx.o(.text)
    SPI1_IRQHandler                          0x080081b7   Thumb Code     0  startup_stm32f407xx.o(.text)
    SPI2_IRQHandler                          0x080081b7   Thumb Code     0  startup_stm32f407xx.o(.text)
    SPI3_IRQHandler                          0x080081b7   Thumb Code     0  startup_stm32f407xx.o(.text)
    TAMP_STAMP_IRQHandler                    0x080081b7   Thumb Code     0  startup_stm32f407xx.o(.text)
    TIM1_BRK_TIM9_IRQHandler                 0x080081b7   Thumb Code     0  startup_stm32f407xx.o(.text)
    TIM1_CC_IRQHandler                       0x080081b7   Thumb Code     0  startup_stm32f407xx.o(.text)
    TIM1_TRG_COM_TIM11_IRQHandler            0x080081b7   Thumb Code     0  startup_stm32f407xx.o(.text)
    TIM1_UP_TIM10_IRQHandler                 0x080081b7   Thumb Code     0  startup_stm32f407xx.o(.text)
    TIM2_IRQHandler                          0x080081b7   Thumb Code     0  startup_stm32f407xx.o(.text)
    TIM3_IRQHandler                          0x080081b7   Thumb Code     0  startup_stm32f407xx.o(.text)
    TIM4_IRQHandler                          0x080081b7   Thumb Code     0  startup_stm32f407xx.o(.text)
    TIM5_IRQHandler                          0x080081b7   Thumb Code     0  startup_stm32f407xx.o(.text)
    TIM6_DAC_IRQHandler                      0x080081b7   Thumb Code     0  startup_stm32f407xx.o(.text)
    TIM7_IRQHandler                          0x080081b7   Thumb Code     0  startup_stm32f407xx.o(.text)
    TIM8_BRK_TIM12_IRQHandler                0x080081b7   Thumb Code     0  startup_stm32f407xx.o(.text)
    TIM8_CC_IRQHandler                       0x080081b7   Thumb Code     0  startup_stm32f407xx.o(.text)
    TIM8_TRG_COM_TIM14_IRQHandler            0x080081b7   Thumb Code     0  startup_stm32f407xx.o(.text)
    TIM8_UP_TIM13_IRQHandler                 0x080081b7   Thumb Code     0  startup_stm32f407xx.o(.text)
    UART4_IRQHandler                         0x080081b7   Thumb Code     0  startup_stm32f407xx.o(.text)
    UART5_IRQHandler                         0x080081b7   Thumb Code     0  startup_stm32f407xx.o(.text)
    USART1_IRQHandler                        0x080081b7   Thumb Code     0  startup_stm32f407xx.o(.text)
    USART2_IRQHandler                        0x080081b7   Thumb Code     0  startup_stm32f407xx.o(.text)
    USART3_IRQHandler                        0x080081b7   Thumb Code     0  startup_stm32f407xx.o(.text)
    USART6_IRQHandler                        0x080081b7   Thumb Code     0  startup_stm32f407xx.o(.text)
    WWDG_IRQHandler                          0x080081b7   Thumb Code     0  startup_stm32f407xx.o(.text)
    __aeabi_uldivmod                         0x080081c1   Thumb Code    98  uldiv.o(.text)
    __aeabi_memcpy                           0x08008223   Thumb Code    36  memcpya.o(.text)
    __aeabi_memcpy4                          0x08008223   Thumb Code     0  memcpya.o(.text)
    __aeabi_memcpy8                          0x08008223   Thumb Code     0  memcpya.o(.text)
    __aeabi_memset                           0x08008247   Thumb Code    14  memseta.o(.text)
    __aeabi_memset4                          0x08008247   Thumb Code     0  memseta.o(.text)
    __aeabi_memset8                          0x08008247   Thumb Code     0  memseta.o(.text)
    __aeabi_memclr                           0x08008255   Thumb Code     4  memseta.o(.text)
    __aeabi_memclr4                          0x08008255   Thumb Code     0  memseta.o(.text)
    __aeabi_memclr8                          0x08008255   Thumb Code     0  memseta.o(.text)
    _memset$wrapper                          0x08008259   Thumb Code    18  memseta.o(.text)
    __aeabi_llsl                             0x0800826b   Thumb Code    30  llshl.o(.text)
    _ll_shift_l                              0x0800826b   Thumb Code     0  llshl.o(.text)
    __aeabi_llsr                             0x08008289   Thumb Code    32  llushr.o(.text)
    _ll_ushift_r                             0x08008289   Thumb Code     0  llushr.o(.text)
    __scatterload                            0x080082a9   Thumb Code    28  init.o(.text)
    __scatterload_rt2                        0x080082a9   Thumb Code     0  init.o(.text)
    BusFault_Handler                         0x080082cd   Thumb Code     2  stm32f4xx_it.o(i.BusFault_Handler)
    DebugMon_Handler                         0x080083f5   Thumb Code     2  stm32f4xx_it.o(i.DebugMon_Handler)
    Error_Handler                            0x080083f7   Thumb Code     2  main.o(i.Error_Handler)
    HAL_Delay                                0x08008411   Thumb Code    32  stm32f4xx_hal.o(i.HAL_Delay)
    HAL_GPIO_Init                            0x08008435   Thumb Code   388  stm32f4xx_hal_gpio.o(i.HAL_GPIO_Init)
    HAL_GPIO_WritePin                        0x080085e5   Thumb Code    10  stm32f4xx_hal_gpio.o(i.HAL_GPIO_WritePin)
    HAL_GetTick                              0x080085f1   Thumb Code     6  stm32f4xx_hal.o(i.HAL_GetTick)
    HAL_HCD_Connect_Callback                 0x080085fd   Thumb Code     8  usbh_conf.o(i.HAL_HCD_Connect_Callback)
    HAL_HCD_Disconnect_Callback              0x08008605   Thumb Code     8  usbh_conf.o(i.HAL_HCD_Disconnect_Callback)
    HAL_HCD_GetCurrentFrame                  0x0800860d   Thumb Code     6  stm32f4xx_hal_hcd.o(i.HAL_HCD_GetCurrentFrame)
    HAL_HCD_GetCurrentSpeed                  0x08008613   Thumb Code     6  stm32f4xx_hal_hcd.o(i.HAL_HCD_GetCurrentSpeed)
    HAL_HCD_HC_GetURBState                   0x08008619   Thumb Code    14  stm32f4xx_hal_hcd.o(i.HAL_HCD_HC_GetURBState)
    HAL_HCD_HC_GetXferCount                  0x08008627   Thumb Code    12  stm32f4xx_hal_hcd.o(i.HAL_HCD_HC_GetXferCount)
    HAL_HCD_HC_Halt                          0x08008633   Thumb Code    36  stm32f4xx_hal_hcd.o(i.HAL_HCD_HC_Halt)
    HAL_HCD_HC_Init                          0x08008657   Thumb Code   114  stm32f4xx_hal_hcd.o(i.HAL_HCD_HC_Init)
    HAL_HCD_HC_NotifyURBChange_Callback      0x080086c9   Thumb Code     2  usbh_conf.o(i.HAL_HCD_HC_NotifyURBChange_Callback)
    HAL_HCD_HC_SubmitRequest                 0x080086cb   Thumb Code   142  stm32f4xx_hal_hcd.o(i.HAL_HCD_HC_SubmitRequest)
    HAL_HCD_IRQHandler                       0x08008759   Thumb Code   306  stm32f4xx_hal_hcd.o(i.HAL_HCD_IRQHandler)
    HAL_HCD_Init                             0x0800888b   Thumb Code   114  stm32f4xx_hal_hcd.o(i.HAL_HCD_Init)
    HAL_HCD_MspInit                          0x080088fd   Thumb Code   140  usbh_conf.o(i.HAL_HCD_MspInit)
    HAL_HCD_PortDisabled_Callback            0x08008991   Thumb Code     8  usbh_conf.o(i.HAL_HCD_PortDisabled_Callback)
    HAL_HCD_PortEnabled_Callback             0x08008999   Thumb Code     8  usbh_conf.o(i.HAL_HCD_PortEnabled_Callback)
    HAL_HCD_ResetPort                        0x080089a1   Thumb Code     6  stm32f4xx_hal_hcd.o(i.HAL_HCD_ResetPort)
    HAL_HCD_SOF_Callback                     0x080089a7   Thumb Code     8  usbh_conf.o(i.HAL_HCD_SOF_Callback)
    HAL_HCD_Start                            0x080089af   Thumb Code    44  stm32f4xx_hal_hcd.o(i.HAL_HCD_Start)
    HAL_HCD_Stop                             0x080089db   Thumb Code    36  stm32f4xx_hal_hcd.o(i.HAL_HCD_Stop)
    HAL_I2C_Init                             0x08008a01   Thumb Code   356  stm32f4xx_hal_i2c.o(i.HAL_I2C_Init)
    HAL_I2C_MspInit                          0x08008b75   Thumb Code    94  stm32f4xx_hal_msp.o(i.HAL_I2C_MspInit)
    HAL_IncTick                              0x08008be1   Thumb Code    12  stm32f4xx_hal.o(i.HAL_IncTick)
    HAL_Init                                 0x08008bf1   Thumb Code    48  stm32f4xx_hal.o(i.HAL_Init)
    HAL_InitTick                             0x08008c25   Thumb Code    54  stm32f4xx_hal.o(i.HAL_InitTick)
    HAL_MspInit                              0x08008c65   Thumb Code    42  stm32f4xx_hal_msp.o(i.HAL_MspInit)
    HAL_NVIC_EnableIRQ                       0x08008c95   Thumb Code    26  stm32f4xx_hal_cortex.o(i.HAL_NVIC_EnableIRQ)
    HAL_NVIC_SetPriority                     0x08008cb1   Thumb Code    60  stm32f4xx_hal_cortex.o(i.HAL_NVIC_SetPriority)
    HAL_NVIC_SetPriorityGrouping             0x08008cf1   Thumb Code    26  stm32f4xx_hal_cortex.o(i.HAL_NVIC_SetPriorityGrouping)
    HAL_RCC_ClockConfig                      0x08008d15   Thumb Code   286  stm32f4xx_hal_rcc.o(i.HAL_RCC_ClockConfig)
    HAL_RCC_GetPCLK1Freq                     0x08008e45   Thumb Code    20  stm32f4xx_hal_rcc.o(i.HAL_RCC_GetPCLK1Freq)
    HAL_RCC_GetPCLK2Freq                     0x08008e65   Thumb Code    20  stm32f4xx_hal_rcc.o(i.HAL_RCC_GetPCLK2Freq)
    HAL_RCC_GetSysClockFreq                  0x08008e85   Thumb Code    88  stm32f4xx_hal_rcc.o(i.HAL_RCC_GetSysClockFreq)
    HAL_RCC_OscConfig                        0x08008ee5   Thumb Code   770  stm32f4xx_hal_rcc.o(i.HAL_RCC_OscConfig)
    HAL_SPI_Init                             0x08009201   Thumb Code   128  stm32f4xx_hal_spi.o(i.HAL_SPI_Init)
    HAL_SPI_MspInit                          0x08009281   Thumb Code    90  stm32f4xx_hal_msp.o(i.HAL_SPI_MspInit)
    HAL_SYSTICK_Config                       0x080092e9   Thumb Code    40  stm32f4xx_hal_cortex.o(i.HAL_SYSTICK_Config)
    HAL_UART_Init                            0x08009311   Thumb Code    98  stm32f4xx_hal_uart.o(i.HAL_UART_Init)
    HAL_UART_MspInit                         0x08009375   Thumb Code    94  stm32f4xx_hal_msp.o(i.HAL_UART_MspInit)
    HAL_UART_Transmit                        0x080093e1   Thumb Code   186  stm32f4xx_hal_uart.o(i.HAL_UART_Transmit)
    HardFault_Handler                        0x08009a35   Thumb Code     2  stm32f4xx_it.o(i.HardFault_Handler)
    MX_DriverVbusFS                          0x08009a39   Thumb Code    16  usbh_platform.o(i.MX_DriverVbusFS)
    MX_USB_HOST_Init                         0x08009c0d   Thumb Code    52  usb_host.o(i.MX_USB_HOST_Init)
    MX_USB_HOST_Process                      0x08009c4d   Thumb Code     6  usb_host.o(i.MX_USB_HOST_Process)
    MemManage_Handler                        0x08009c59   Thumb Code     2  stm32f4xx_it.o(i.MemManage_Handler)
    NMI_Handler                              0x08009c5b   Thumb Code     2  stm32f4xx_it.o(i.NMI_Handler)
    OTG_FS_IRQHandler                        0x08009c5d   Thumb Code     6  stm32f4xx_it.o(i.OTG_FS_IRQHandler)
    PendSV_Handler                           0x08009c69   Thumb Code     2  stm32f4xx_it.o(i.PendSV_Handler)
    SVC_Handler                              0x08009c6b   Thumb Code     2  stm32f4xx_it.o(i.SVC_Handler)
    SysTick_Handler                          0x08009c6d   Thumb Code     4  stm32f4xx_it.o(i.SysTick_Handler)
    SystemClock_Config                       0x08009c71   Thumb Code   126  main.o(i.SystemClock_Config)
    SystemInit                               0x08009cf9   Thumb Code    66  system_stm32f4xx.o(i.SystemInit)
    USBH_AllocPipe                           0x0800a05d   Thumb Code    52  usbh_pipes.o(i.USBH_AllocPipe)
    USBH_BulkReceiveData                     0x0800a091   Thumb Code    32  usbh_ioreq.o(i.USBH_BulkReceiveData)
    USBH_BulkSendData                        0x0800a0b1   Thumb Code    40  usbh_ioreq.o(i.USBH_BulkSendData)
    USBH_CDC_LineCodingChanged               0x0800a28f   Thumb Code     2  usbh_cdc.o(i.USBH_CDC_LineCodingChanged)
    USBH_CDC_ReceiveCallback                 0x0800a349   Thumb Code     2  usbh_cdc.o(i.USBH_CDC_ReceiveCallback)
    USBH_CDC_TransmitCallback                0x0800a34f   Thumb Code     2  usbh_cdc.o(i.USBH_CDC_TransmitCallback)
    USBH_ClosePipe                           0x0800a351   Thumb Code    10  usbh_pipes.o(i.USBH_ClosePipe)
    USBH_ClrFeature                          0x0800a35b   Thumb Code    30  usbh_ctlreq.o(i.USBH_ClrFeature)
    USBH_CtlReceiveData                      0x0800a379   Thumb Code    30  usbh_ioreq.o(i.USBH_CtlReceiveData)
    USBH_CtlReq                              0x0800a397   Thumb Code    58  usbh_ctlreq.o(i.USBH_CtlReq)
    USBH_CtlSendData                         0x0800a3d1   Thumb Code    40  usbh_ioreq.o(i.USBH_CtlSendData)
    USBH_CtlSendSetup                        0x0800a3f9   Thumb Code    30  usbh_ioreq.o(i.USBH_CtlSendSetup)
    USBH_Delay                               0x0800a417   Thumb Code     4  usbh_conf.o(i.USBH_Delay)
    USBH_FindInterface                       0x0800a41d   Thumb Code    68  usbh_core.o(i.USBH_FindInterface)
    USBH_FreePipe                            0x0800a461   Thumb Code    24  usbh_pipes.o(i.USBH_FreePipe)
    USBH_GetDescriptor                       0x0800a479   Thumb Code    52  usbh_ctlreq.o(i.USBH_GetDescriptor)
    USBH_GetNextDesc                         0x0800a4ad   Thumb Code    14  usbh_ctlreq.o(i.USBH_GetNextDesc)
    USBH_Get_CfgDesc                         0x0800a4bb   Thumb Code    44  usbh_ctlreq.o(i.USBH_Get_CfgDesc)
    USBH_Get_DevDesc                         0x0800a4e7   Thumb Code   144  usbh_ctlreq.o(i.USBH_Get_DevDesc)
    USBH_Get_StringDesc                      0x0800a577   Thumb Code    72  usbh_ctlreq.o(i.USBH_Get_StringDesc)
    USBH_Get_USB_Status                      0x0800a5bf   Thumb Code    24  usbh_conf.o(i.USBH_Get_USB_Status)
    USBH_Init                                0x0800a853   Thumb Code    48  usbh_core.o(i.USBH_Init)
    USBH_LL_ClosePipe                        0x0800a883   Thumb Code    18  usbh_conf.o(i.USBH_LL_ClosePipe)
    USBH_LL_Connect                          0x0800a895   Thumb Code    42  usbh_core.o(i.USBH_LL_Connect)
    USBH_LL_Disconnect                       0x0800a8bf   Thumb Code    56  usbh_core.o(i.USBH_LL_Disconnect)
    USBH_LL_DriverVBUS                       0x0800a8f7   Thumb Code    26  usbh_conf.o(i.USBH_LL_DriverVBUS)
    USBH_LL_GetLastXferSize                  0x0800a911   Thumb Code     8  usbh_conf.o(i.USBH_LL_GetLastXferSize)
    USBH_LL_GetSpeed                         0x0800a919   Thumb Code    34  usbh_conf.o(i.USBH_LL_GetSpeed)
    USBH_LL_GetURBState                      0x0800a93b   Thumb Code     8  usbh_conf.o(i.USBH_LL_GetURBState)
    USBH_LL_IncTimer                         0x0800a943   Thumb Code    30  usbh_core.o(i.USBH_LL_IncTimer)
    USBH_LL_Init                             0x0800a961   Thumb Code    74  usbh_conf.o(i.USBH_LL_Init)
    USBH_LL_OpenPipe                         0x0800a9b1   Thumb Code    28  usbh_conf.o(i.USBH_LL_OpenPipe)
    USBH_LL_PortDisabled                     0x0800a9cd   Thumb Code     8  usbh_core.o(i.USBH_LL_PortDisabled)
    USBH_LL_PortEnabled                      0x0800a9d5   Thumb Code     8  usbh_core.o(i.USBH_LL_PortEnabled)
    USBH_LL_ResetPort                        0x0800a9dd   Thumb Code    18  usbh_conf.o(i.USBH_LL_ResetPort)
    USBH_LL_SetTimer                         0x0800a9ef   Thumb Code     6  usbh_core.o(i.USBH_LL_SetTimer)
    USBH_LL_SetToggle                        0x0800a9f5   Thumb Code    32  usbh_conf.o(i.USBH_LL_SetToggle)
    USBH_LL_Start                            0x0800aa15   Thumb Code    18  usbh_conf.o(i.USBH_LL_Start)
    USBH_LL_Stop                             0x0800aa27   Thumb Code    18  usbh_conf.o(i.USBH_LL_Stop)
    USBH_LL_SubmitURB                        0x0800aa39   Thumb Code    34  usbh_conf.o(i.USBH_LL_SubmitURB)
    USBH_OpenPipe                            0x0800aa5b   Thumb Code    20  usbh_pipes.o(i.USBH_OpenPipe)
    USBH_Process                             0x0800ab4b   Thumb Code   416  usbh_core.o(i.USBH_Process)
    USBH_RegisterClass                       0x0800aceb   Thumb Code    28  usbh_core.o(i.USBH_RegisterClass)
    USBH_SelectInterface                     0x0800ad07   Thumb Code    22  usbh_core.o(i.USBH_SelectInterface)
    USBH_SetAddress                          0x0800ad1d   Thumb Code    28  usbh_ctlreq.o(i.USBH_SetAddress)
    USBH_SetCfg                              0x0800ad39   Thumb Code    28  usbh_ctlreq.o(i.USBH_SetCfg)
    USBH_SetFeature                          0x0800ad55   Thumb Code    28  usbh_ctlreq.o(i.USBH_SetFeature)
    USBH_Start                               0x0800ad71   Thumb Code    20  usbh_core.o(i.USBH_Start)
    USB_CoreInit                             0x0800ada5   Thumb Code   112  stm32f4xx_ll_usb.o(i.USB_CoreInit)
    USB_DisableGlobalInt                     0x0800ae51   Thumb Code    12  stm32f4xx_ll_usb.o(i.USB_DisableGlobalInt)
    USB_DoPing                               0x0800ae5d   Thumb Code    30  stm32f4xx_ll_usb.o(i.USB_DoPing)
    USB_DriveVbus                            0x0800ae81   Thumb Code    44  stm32f4xx_ll_usb.o(i.USB_DriveVbus)
    USB_EnableGlobalInt                      0x0800aead   Thumb Code    12  stm32f4xx_ll_usb.o(i.USB_EnableGlobalInt)
    USB_FlushRxFifo                          0x0800aeb9   Thumb Code    28  stm32f4xx_ll_usb.o(i.USB_FlushRxFifo)
    USB_FlushTxFifo                          0x0800aed9   Thumb Code    32  stm32f4xx_ll_usb.o(i.USB_FlushTxFifo)
    USB_GetCurrentFrame                      0x0800aefd   Thumb Code     8  stm32f4xx_ll_usb.o(i.USB_GetCurrentFrame)
    USB_GetHostSpeed                         0x0800af05   Thumb Code    14  stm32f4xx_ll_usb.o(i.USB_GetHostSpeed)
    USB_GetMode                              0x0800af13   Thumb Code     8  stm32f4xx_ll_usb.o(i.USB_GetMode)
    USB_HC_Halt                              0x0800af1b   Thumb Code   194  stm32f4xx_ll_usb.o(i.USB_HC_Halt)
    USB_HC_Init                              0x0800afdd   Thumb Code   240  stm32f4xx_ll_usb.o(i.USB_HC_Init)
    USB_HC_ReadInterrupt                     0x0800b0cd   Thumb Code     8  stm32f4xx_ll_usb.o(i.USB_HC_ReadInterrupt)
    USB_HC_StartXfer                         0x0800b0d5   Thumb Code   330  stm32f4xx_ll_usb.o(i.USB_HC_StartXfer)
    USB_HostInit                             0x0800b225   Thumb Code   194  stm32f4xx_ll_usb.o(i.USB_HostInit)
    USB_InitFSLSPClkSel                      0x0800b2fd   Thumb Code    54  stm32f4xx_ll_usb.o(i.USB_InitFSLSPClkSel)
    USB_ReadInterrupts                       0x0800b333   Thumb Code     8  stm32f4xx_ll_usb.o(i.USB_ReadInterrupts)
    USB_ReadPacket                           0x0800b33b   Thumb Code    28  stm32f4xx_ll_usb.o(i.USB_ReadPacket)
    USB_ResetPort                            0x0800b357   Thumb Code    50  stm32f4xx_ll_usb.o(i.USB_ResetPort)
    USB_SetCurrentMode                       0x0800b389   Thumb Code    46  stm32f4xx_ll_usb.o(i.USB_SetCurrentMode)
    USB_StopHost                             0x0800b3b9   Thumb Code   126  stm32f4xx_ll_usb.o(i.USB_StopHost)
    USB_WritePacket                          0x0800b437   Thumb Code    36  stm32f4xx_ll_usb.o(i.USB_WritePacket)
    UsageFault_Handler                       0x0800b45b   Thumb Code     2  stm32f4xx_it.o(i.UsageFault_Handler)
    __scatterload_copy                       0x0800b47d   Thumb Code    14  handlers.o(i.__scatterload_copy)
    __scatterload_null                       0x0800b48b   Thumb Code     2  handlers.o(i.__scatterload_null)
    __scatterload_zeroinit                   0x0800b48d   Thumb Code    14  handlers.o(i.__scatterload_zeroinit)
    free                                     0x0800b49d   Thumb Code    76  malloc.o(i.free)
    main                                     0x0800b4ed   Thumb Code   138  main.o(i.main)
    malloc                                   0x0800b5a1   Thumb Code    92  malloc.o(i.malloc)
    AHBPrescTable                            0x0800b60c   Data          16  system_stm32f4xx.o(.constdata)
    APBPrescTable                            0x0800b61c   Data           8  system_stm32f4xx.o(.constdata)
    Region$$Table$$Base                      0x0800b628   Number         0  anon$$obj.o(Region$$Table)
    Region$$Table$$Limit                     0x0800b648   Number         0  anon$$obj.o(Region$$Table)
    Appli_state                              0x20000000   Data           1  usb_host.o(.data)
    uwTickFreq                               0x20000008   Data           1  stm32f4xx_hal.o(.data)
    uwTickPrio                               0x2000000c   Data           4  stm32f4xx_hal.o(.data)
    uwTick                                   0x20000010   Data           4  stm32f4xx_hal.o(.data)
    SystemCoreClock                          0x20000014   Data           4  system_stm32f4xx.o(.data)
    CDC_Class                                0x20000018   Data          32  usbh_cdc.o(.data)
    __microlib_freelist                      0x20000038   Data           4  mvars.o(.data)
    __microlib_freelist_initialised          0x2000003c   Data           4  mvars.o(.data)
    hi2c1                                    0x20000040   Data          84  main.o(.bss)
    hspi1                                    0x20000094   Data          88  main.o(.bss)
    huart3                                   0x200000ec   Data          64  main.o(.bss)
    hUsbHostFS                               0x2000012c   Data         972  usb_host.o(.bss)
    hhcd_USB_OTG_FS                          0x200004f8   Data         708  usbh_conf.o(.bss)
    __heap_base                              0x200007c0   Data           0  startup_stm32f407xx.o(HEAP)
    __heap_limit                             0x200009c0   Data           0  startup_stm32f407xx.o(HEAP)
    __initial_sp                             0x20000dc0   Data           0  startup_stm32f407xx.o(STACK)



==============================================================================

Memory Map of the image

  Image Entry point : 0x08008189

  Load Region LR_IROM1 (Base: 0x08008000, Size: 0x00003688, Max: 0x00800000, ABSOLUTE)

    Execution Region ER_IROM1 (Exec base: 0x08008000, Load base: 0x08008000, Size: 0x00003648, Max: 0x00800000, ABSOLUTE)

    Exec Addr    Load Addr    Size         Type   Attr      Idx    E Section Name        Object

    0x08008000   0x08008000   0x00000188   Data   RO            3    RESET               startup_stm32f407xx.o
    0x08008188   0x08008188   0x00000000   Code   RO         3814  * .ARM.Collect$$$$00000000  mc_w.l(entry.o)
    0x08008188   0x08008188   0x00000004   Code   RO         3853    .ARM.Collect$$$$00000001  mc_w.l(entry2.o)
    0x0800818c   0x0800818c   0x00000004   Code   RO         3856    .ARM.Collect$$$$00000004  mc_w.l(entry5.o)
    0x08008190   0x08008190   0x00000000   Code   RO         3858    .ARM.Collect$$$$00000008  mc_w.l(entry7b.o)
    0x08008190   0x08008190   0x00000000   Code   RO         3860    .ARM.Collect$$$$0000000A  mc_w.l(entry8b.o)
    0x08008190   0x08008190   0x00000008   Code   RO         3861    .ARM.Collect$$$$0000000B  mc_w.l(entry9a.o)
    0x08008198   0x08008198   0x00000000   Code   RO         3863    .ARM.Collect$$$$0000000D  mc_w.l(entry10a.o)
    0x08008198   0x08008198   0x00000000   Code   RO         3865    .ARM.Collect$$$$0000000F  mc_w.l(entry11a.o)
    0x08008198   0x08008198   0x00000004   Code   RO         3854    .ARM.Collect$$$$00002712  mc_w.l(entry2.o)
    0x0800819c   0x0800819c   0x00000024   Code   RO            4    .text               startup_stm32f407xx.o
    0x080081c0   0x080081c0   0x00000062   Code   RO         3817    .text               mc_w.l(uldiv.o)
    0x08008222   0x08008222   0x00000024   Code   RO         3819    .text               mc_w.l(memcpya.o)
    0x08008246   0x08008246   0x00000024   Code   RO         3821    .text               mc_w.l(memseta.o)
    0x0800826a   0x0800826a   0x0000001e   Code   RO         3867    .text               mc_w.l(llshl.o)
    0x08008288   0x08008288   0x00000020   Code   RO         3869    .text               mc_w.l(llushr.o)
    0x080082a8   0x080082a8   0x00000024   Code   RO         3873    .text               mc_w.l(init.o)
    0x080082cc   0x080082cc   0x00000002   Code   RO          447    i.BusFault_Handler  stm32f4xx_it.o
    0x080082ce   0x080082ce   0x00000002   PAD
    0x080082d0   0x080082d0   0x00000068   Code   RO         3698    i.CDC_ProcessReception  usbh_cdc.o
    0x08008338   0x08008338   0x00000072   Code   RO         3699    i.CDC_ProcessTransmission  usbh_cdc.o
    0x080083aa   0x080083aa   0x00000002   PAD
    0x080083ac   0x080083ac   0x00000048   Code   RO         3356    i.DeInitStateMachine  usbh_core.o
    0x080083f4   0x080083f4   0x00000002   Code   RO          448    i.DebugMon_Handler  stm32f4xx_it.o
    0x080083f6   0x080083f6   0x00000002   Code   RO           13    i.Error_Handler     main.o
    0x080083f8   0x080083f8   0x00000016   Code   RO         3700    i.GetLineCoding     usbh_cdc.o
    0x0800840e   0x0800840e   0x00000002   PAD
    0x08008410   0x08008410   0x00000024   Code   RO         1946    i.HAL_Delay         stm32f4xx_hal.o
    0x08008434   0x08008434   0x000001b0   Code   RO         1420    i.HAL_GPIO_Init     stm32f4xx_hal_gpio.o
    0x080085e4   0x080085e4   0x0000000a   Code   RO         1424    i.HAL_GPIO_WritePin  stm32f4xx_hal_gpio.o
    0x080085ee   0x080085ee   0x00000002   PAD
    0x080085f0   0x080085f0   0x0000000c   Code   RO         1952    i.HAL_GetTick       stm32f4xx_hal.o
    0x080085fc   0x080085fc   0x00000008   Code   RO          242    i.HAL_HCD_Connect_Callback  usbh_conf.o
    0x08008604   0x08008604   0x00000008   Code   RO          243    i.HAL_HCD_Disconnect_Callback  usbh_conf.o
    0x0800860c   0x0800860c   0x00000006   Code   RO          592    i.HAL_HCD_GetCurrentFrame  stm32f4xx_hal_hcd.o
    0x08008612   0x08008612   0x00000006   Code   RO          593    i.HAL_HCD_GetCurrentSpeed  stm32f4xx_hal_hcd.o
    0x08008618   0x08008618   0x0000000e   Code   RO          596    i.HAL_HCD_HC_GetURBState  stm32f4xx_hal_hcd.o
    0x08008626   0x08008626   0x0000000c   Code   RO          597    i.HAL_HCD_HC_GetXferCount  stm32f4xx_hal_hcd.o
    0x08008632   0x08008632   0x00000024   Code   RO          598    i.HAL_HCD_HC_Halt   stm32f4xx_hal_hcd.o
    0x08008656   0x08008656   0x00000072   Code   RO          599    i.HAL_HCD_HC_Init   stm32f4xx_hal_hcd.o
    0x080086c8   0x080086c8   0x00000002   Code   RO          244    i.HAL_HCD_HC_NotifyURBChange_Callback  usbh_conf.o
    0x080086ca   0x080086ca   0x0000008e   Code   RO          601    i.HAL_HCD_HC_SubmitRequest  stm32f4xx_hal_hcd.o
    0x08008758   0x08008758   0x00000132   Code   RO          602    i.HAL_HCD_IRQHandler  stm32f4xx_hal_hcd.o
    0x0800888a   0x0800888a   0x00000072   Code   RO          603    i.HAL_HCD_Init      stm32f4xx_hal_hcd.o
    0x080088fc   0x080088fc   0x00000094   Code   RO          246    i.HAL_HCD_MspInit   usbh_conf.o
    0x08008990   0x08008990   0x00000008   Code   RO          247    i.HAL_HCD_PortDisabled_Callback  usbh_conf.o
    0x08008998   0x08008998   0x00000008   Code   RO          248    i.HAL_HCD_PortEnabled_Callback  usbh_conf.o
    0x080089a0   0x080089a0   0x00000006   Code   RO          608    i.HAL_HCD_ResetPort  stm32f4xx_hal_hcd.o
    0x080089a6   0x080089a6   0x00000008   Code   RO          249    i.HAL_HCD_SOF_Callback  usbh_conf.o
    0x080089ae   0x080089ae   0x0000002c   Code   RO          610    i.HAL_HCD_Start     stm32f4xx_hal_hcd.o
    0x080089da   0x080089da   0x00000024   Code   RO          611    i.HAL_HCD_Stop      stm32f4xx_hal_hcd.o
    0x080089fe   0x080089fe   0x00000002   PAD
    0x08008a00   0x08008a00   0x00000174   Code   RO         2205    i.HAL_I2C_Init      stm32f4xx_hal_i2c.o
    0x08008b74   0x08008b74   0x0000006c   Code   RO          530    i.HAL_I2C_MspInit   stm32f4xx_hal_msp.o
    0x08008be0   0x08008be0   0x00000010   Code   RO         1958    i.HAL_IncTick       stm32f4xx_hal.o
    0x08008bf0   0x08008bf0   0x00000034   Code   RO         1959    i.HAL_Init          stm32f4xx_hal.o
    0x08008c24   0x08008c24   0x00000040   Code   RO         1960    i.HAL_InitTick      stm32f4xx_hal.o
    0x08008c64   0x08008c64   0x00000030   Code   RO          531    i.HAL_MspInit       stm32f4xx_hal_msp.o
    0x08008c94   0x08008c94   0x0000001a   Code   RO         1809    i.HAL_NVIC_EnableIRQ  stm32f4xx_hal_cortex.o
    0x08008cae   0x08008cae   0x00000002   PAD
    0x08008cb0   0x08008cb0   0x00000040   Code   RO         1815    i.HAL_NVIC_SetPriority  stm32f4xx_hal_cortex.o
    0x08008cf0   0x08008cf0   0x00000024   Code   RO         1816    i.HAL_NVIC_SetPriorityGrouping  stm32f4xx_hal_cortex.o
    0x08008d14   0x08008d14   0x00000130   Code   RO         1066    i.HAL_RCC_ClockConfig  stm32f4xx_hal_rcc.o
    0x08008e44   0x08008e44   0x00000020   Code   RO         1073    i.HAL_RCC_GetPCLK1Freq  stm32f4xx_hal_rcc.o
    0x08008e64   0x08008e64   0x00000020   Code   RO         1074    i.HAL_RCC_GetPCLK2Freq  stm32f4xx_hal_rcc.o
    0x08008e84   0x08008e84   0x00000060   Code   RO         1075    i.HAL_RCC_GetSysClockFreq  stm32f4xx_hal_rcc.o
    0x08008ee4   0x08008ee4   0x0000031c   Code   RO         1078    i.HAL_RCC_OscConfig  stm32f4xx_hal_rcc.o
    0x08009200   0x08009200   0x00000080   Code   RO         2645    i.HAL_SPI_Init      stm32f4xx_hal_spi.o
    0x08009280   0x08009280   0x00000068   Code   RO          533    i.HAL_SPI_MspInit   stm32f4xx_hal_msp.o
    0x080092e8   0x080092e8   0x00000028   Code   RO         1820    i.HAL_SYSTICK_Config  stm32f4xx_hal_cortex.o
    0x08009310   0x08009310   0x00000062   Code   RO         3017    i.HAL_UART_Init     stm32f4xx_hal_uart.o
    0x08009372   0x08009372   0x00000002   PAD
    0x08009374   0x08009374   0x0000006c   Code   RO          535    i.HAL_UART_MspInit  stm32f4xx_hal_msp.o
    0x080093e0   0x080093e0   0x000000ba   Code   RO         3025    i.HAL_UART_Transmit  stm32f4xx_hal_uart.o
    0x0800949a   0x0800949a   0x0000022c   Code   RO          612    i.HCD_HC_IN_IRQHandler  stm32f4xx_hal_hcd.o
    0x080096c6   0x080096c6   0x00000244   Code   RO          613    i.HCD_HC_OUT_IRQHandler  stm32f4xx_hal_hcd.o
    0x0800990a   0x0800990a   0x000000b8   Code   RO          614    i.HCD_Port_IRQHandler  stm32f4xx_hal_hcd.o
    0x080099c2   0x080099c2   0x00000002   PAD
    0x080099c4   0x080099c4   0x00000070   Code   RO          615    i.HCD_RXQLVL_IRQHandler  stm32f4xx_hal_hcd.o
    0x08009a34   0x08009a34   0x00000002   Code   RO          449    i.HardFault_Handler  stm32f4xx_it.o
    0x08009a36   0x08009a36   0x00000002   PAD
    0x08009a38   0x08009a38   0x00000014   Code   RO          423    i.MX_DriverVbusFS   usbh_platform.o
    0x08009a4c   0x08009a4c   0x0000018c   Code   RO           14    i.MX_GPIO_Init      main.o
    0x08009bd8   0x08009bd8   0x00000034   Code   RO           15    i.MX_SPI1_Init      main.o
    0x08009c0c   0x08009c0c   0x00000040   Code   RO          170    i.MX_USB_HOST_Init  usb_host.o
    0x08009c4c   0x08009c4c   0x0000000c   Code   RO          171    i.MX_USB_HOST_Process  usb_host.o
    0x08009c58   0x08009c58   0x00000002   Code   RO          450    i.MemManage_Handler  stm32f4xx_it.o
    0x08009c5a   0x08009c5a   0x00000002   Code   RO          451    i.NMI_Handler       stm32f4xx_it.o
    0x08009c5c   0x08009c5c   0x0000000c   Code   RO          452    i.OTG_FS_IRQHandler  stm32f4xx_it.o
    0x08009c68   0x08009c68   0x00000002   Code   RO          453    i.PendSV_Handler    stm32f4xx_it.o
    0x08009c6a   0x08009c6a   0x00000002   Code   RO          454    i.SVC_Handler       stm32f4xx_it.o
    0x08009c6c   0x08009c6c   0x00000004   Code   RO          455    i.SysTick_Handler   stm32f4xx_it.o
    0x08009c70   0x08009c70   0x00000088   Code   RO           16    i.SystemClock_Config  main.o
    0x08009cf8   0x08009cf8   0x00000054   Code   RO         3319    i.SystemInit        system_stm32f4xx.o
    0x08009d4c   0x08009d4c   0x000002ac   Code   RO         3043    i.UART_SetConfig    stm32f4xx_hal_uart.o
    0x08009ff8   0x08009ff8   0x00000064   Code   RO         3045    i.UART_WaitOnFlagUntilTimeout  stm32f4xx_hal_uart.o
    0x0800a05c   0x0800a05c   0x00000034   Code   RO         3656    i.USBH_AllocPipe    usbh_pipes.o
    0x0800a090   0x0800a090   0x00000020   Code   RO         3584    i.USBH_BulkReceiveData  usbh_ioreq.o
    0x0800a0b0   0x0800a0b0   0x00000028   Code   RO         3585    i.USBH_BulkSendData  usbh_ioreq.o
    0x0800a0d8   0x0800a0d8   0x00000024   Code   RO         3701    i.USBH_CDC_ClassRequest  usbh_cdc.o
    0x0800a0fc   0x0800a0fc   0x0000005e   Code   RO         3704    i.USBH_CDC_InterfaceDeInit  usbh_cdc.o
    0x0800a15a   0x0800a15a   0x00000134   Code   RO         3705    i.USBH_CDC_InterfaceInit  usbh_cdc.o
    0x0800a28e   0x0800a28e   0x00000002   Code   RO         3706    i.USBH_CDC_LineCodingChanged  usbh_cdc.o
    0x0800a290   0x0800a290   0x000000b8   Code   RO         3707    i.USBH_CDC_Process  usbh_cdc.o
    0x0800a348   0x0800a348   0x00000002   Code   RO         3709    i.USBH_CDC_ReceiveCallback  usbh_cdc.o
    0x0800a34a   0x0800a34a   0x00000004   Code   RO         3710    i.USBH_CDC_SOFProcess  usbh_cdc.o
    0x0800a34e   0x0800a34e   0x00000002   Code   RO         3714    i.USBH_CDC_TransmitCallback  usbh_cdc.o
    0x0800a350   0x0800a350   0x0000000a   Code   RO         3657    i.USBH_ClosePipe    usbh_pipes.o
    0x0800a35a   0x0800a35a   0x0000001e   Code   RO         3490    i.USBH_ClrFeature   usbh_ctlreq.o
    0x0800a378   0x0800a378   0x0000001e   Code   RO         3586    i.USBH_CtlReceiveData  usbh_ioreq.o
    0x0800a396   0x0800a396   0x0000003a   Code   RO         3491    i.USBH_CtlReq       usbh_ctlreq.o
    0x0800a3d0   0x0800a3d0   0x00000028   Code   RO         3587    i.USBH_CtlSendData  usbh_ioreq.o
    0x0800a3f8   0x0800a3f8   0x0000001e   Code   RO         3588    i.USBH_CtlSendSetup  usbh_ioreq.o
    0x0800a416   0x0800a416   0x00000004   Code   RO          250    i.USBH_Delay        usbh_conf.o
    0x0800a41a   0x0800a41a   0x00000002   PAD
    0x0800a41c   0x0800a41c   0x00000044   Code   RO         3358    i.USBH_FindInterface  usbh_core.o
    0x0800a460   0x0800a460   0x00000018   Code   RO         3658    i.USBH_FreePipe     usbh_pipes.o
    0x0800a478   0x0800a478   0x00000034   Code   RO         3492    i.USBH_GetDescriptor  usbh_ctlreq.o
    0x0800a4ac   0x0800a4ac   0x0000000e   Code   RO         3493    i.USBH_GetNextDesc  usbh_ctlreq.o
    0x0800a4ba   0x0800a4ba   0x0000002c   Code   RO         3494    i.USBH_Get_CfgDesc  usbh_ctlreq.o
    0x0800a4e6   0x0800a4e6   0x00000090   Code   RO         3495    i.USBH_Get_DevDesc  usbh_ctlreq.o
    0x0800a576   0x0800a576   0x00000048   Code   RO         3496    i.USBH_Get_StringDesc  usbh_ctlreq.o
    0x0800a5be   0x0800a5be   0x00000018   Code   RO          251    i.USBH_Get_USB_Status  usbh_conf.o
    0x0800a5d6   0x0800a5d6   0x0000018a   Code   RO         3497    i.USBH_HandleControl  usbh_ctlreq.o
    0x0800a760   0x0800a760   0x000000f2   Code   RO         3361    i.USBH_HandleEnum   usbh_core.o
    0x0800a852   0x0800a852   0x00000030   Code   RO         3362    i.USBH_Init         usbh_core.o
    0x0800a882   0x0800a882   0x00000012   Code   RO          252    i.USBH_LL_ClosePipe  usbh_conf.o
    0x0800a894   0x0800a894   0x0000002a   Code   RO         3364    i.USBH_LL_Connect   usbh_core.o
    0x0800a8be   0x0800a8be   0x00000038   Code   RO         3365    i.USBH_LL_Disconnect  usbh_core.o
    0x0800a8f6   0x0800a8f6   0x0000001a   Code   RO          254    i.USBH_LL_DriverVBUS  usbh_conf.o
    0x0800a910   0x0800a910   0x00000008   Code   RO          255    i.USBH_LL_GetLastXferSize  usbh_conf.o
    0x0800a918   0x0800a918   0x00000022   Code   RO          256    i.USBH_LL_GetSpeed  usbh_conf.o
    0x0800a93a   0x0800a93a   0x00000008   Code   RO          258    i.USBH_LL_GetURBState  usbh_conf.o
    0x0800a942   0x0800a942   0x0000001e   Code   RO         3366    i.USBH_LL_IncTimer  usbh_core.o
    0x0800a960   0x0800a960   0x00000050   Code   RO          259    i.USBH_LL_Init      usbh_conf.o
    0x0800a9b0   0x0800a9b0   0x0000001c   Code   RO          260    i.USBH_LL_OpenPipe  usbh_conf.o
    0x0800a9cc   0x0800a9cc   0x00000008   Code   RO         3367    i.USBH_LL_PortDisabled  usbh_core.o
    0x0800a9d4   0x0800a9d4   0x00000008   Code   RO         3368    i.USBH_LL_PortEnabled  usbh_core.o
    0x0800a9dc   0x0800a9dc   0x00000012   Code   RO          261    i.USBH_LL_ResetPort  usbh_conf.o
    0x0800a9ee   0x0800a9ee   0x00000006   Code   RO         3369    i.USBH_LL_SetTimer  usbh_core.o
    0x0800a9f4   0x0800a9f4   0x00000020   Code   RO          262    i.USBH_LL_SetToggle  usbh_conf.o
    0x0800aa14   0x0800aa14   0x00000012   Code   RO          263    i.USBH_LL_Start     usbh_conf.o
    0x0800aa26   0x0800aa26   0x00000012   Code   RO          264    i.USBH_LL_Stop      usbh_conf.o
    0x0800aa38   0x0800aa38   0x00000022   Code   RO          265    i.USBH_LL_SubmitURB  usbh_conf.o
    0x0800aa5a   0x0800aa5a   0x00000014   Code   RO         3659    i.USBH_OpenPipe     usbh_pipes.o
    0x0800aa6e   0x0800aa6e   0x000000dc   Code   RO         3498    i.USBH_ParseCfgDesc  usbh_ctlreq.o
    0x0800ab4a   0x0800ab4a   0x000001a0   Code   RO         3370    i.USBH_Process      usbh_core.o
    0x0800acea   0x0800acea   0x0000001c   Code   RO         3372    i.USBH_RegisterClass  usbh_core.o
    0x0800ad06   0x0800ad06   0x00000016   Code   RO         3373    i.USBH_SelectInterface  usbh_core.o
    0x0800ad1c   0x0800ad1c   0x0000001c   Code   RO         3499    i.USBH_SetAddress   usbh_ctlreq.o
    0x0800ad38   0x0800ad38   0x0000001c   Code   RO         3500    i.USBH_SetCfg       usbh_ctlreq.o
    0x0800ad54   0x0800ad54   0x0000001c   Code   RO         3501    i.USBH_SetFeature   usbh_ctlreq.o
    0x0800ad70   0x0800ad70   0x00000014   Code   RO         3374    i.USBH_Start        usbh_core.o
    0x0800ad84   0x0800ad84   0x00000020   Code   RO          172    i.USBH_UserProcess  usb_host.o
    0x0800ada4   0x0800ada4   0x00000074   Code   RO          770    i.USB_CoreInit      stm32f4xx_ll_usb.o
    0x0800ae18   0x0800ae18   0x00000038   Code   RO          771    i.USB_CoreReset     stm32f4xx_ll_usb.o
    0x0800ae50   0x0800ae50   0x0000000c   Code   RO          778    i.USB_DisableGlobalInt  stm32f4xx_ll_usb.o
    0x0800ae5c   0x0800ae5c   0x00000024   Code   RO          779    i.USB_DoPing        stm32f4xx_ll_usb.o
    0x0800ae80   0x0800ae80   0x0000002c   Code   RO          780    i.USB_DriveVbus     stm32f4xx_ll_usb.o
    0x0800aeac   0x0800aeac   0x0000000c   Code   RO          786    i.USB_EnableGlobalInt  stm32f4xx_ll_usb.o
    0x0800aeb8   0x0800aeb8   0x00000020   Code   RO          787    i.USB_FlushRxFifo   stm32f4xx_ll_usb.o
    0x0800aed8   0x0800aed8   0x00000024   Code   RO          788    i.USB_FlushTxFifo   stm32f4xx_ll_usb.o
    0x0800aefc   0x0800aefc   0x00000008   Code   RO          789    i.USB_GetCurrentFrame  stm32f4xx_ll_usb.o
    0x0800af04   0x0800af04   0x0000000e   Code   RO          791    i.USB_GetHostSpeed  stm32f4xx_ll_usb.o
    0x0800af12   0x0800af12   0x00000008   Code   RO          792    i.USB_GetMode       stm32f4xx_ll_usb.o
    0x0800af1a   0x0800af1a   0x000000c2   Code   RO          793    i.USB_HC_Halt       stm32f4xx_ll_usb.o
    0x0800afdc   0x0800afdc   0x000000f0   Code   RO          794    i.USB_HC_Init       stm32f4xx_ll_usb.o
    0x0800b0cc   0x0800b0cc   0x00000008   Code   RO          795    i.USB_HC_ReadInterrupt  stm32f4xx_ll_usb.o
    0x0800b0d4   0x0800b0d4   0x00000150   Code   RO          796    i.USB_HC_StartXfer  stm32f4xx_ll_usb.o
    0x0800b224   0x0800b224   0x000000d8   Code   RO          797    i.USB_HostInit      stm32f4xx_ll_usb.o
    0x0800b2fc   0x0800b2fc   0x00000036   Code   RO          798    i.USB_InitFSLSPClkSel  stm32f4xx_ll_usb.o
    0x0800b332   0x0800b332   0x00000008   Code   RO          803    i.USB_ReadInterrupts  stm32f4xx_ll_usb.o
    0x0800b33a   0x0800b33a   0x0000001c   Code   RO          804    i.USB_ReadPacket    stm32f4xx_ll_usb.o
    0x0800b356   0x0800b356   0x00000032   Code   RO          805    i.USB_ResetPort     stm32f4xx_ll_usb.o
    0x0800b388   0x0800b388   0x0000002e   Code   RO          806    i.USB_SetCurrentMode  stm32f4xx_ll_usb.o
    0x0800b3b6   0x0800b3b6   0x00000002   PAD
    0x0800b3b8   0x0800b3b8   0x0000007e   Code   RO          811    i.USB_StopHost      stm32f4xx_ll_usb.o
    0x0800b436   0x0800b436   0x00000024   Code   RO          812    i.USB_WritePacket   stm32f4xx_ll_usb.o
    0x0800b45a   0x0800b45a   0x00000002   Code   RO          456    i.UsageFault_Handler  stm32f4xx_it.o
    0x0800b45c   0x0800b45c   0x00000020   Code   RO         1822    i.__NVIC_SetPriority  stm32f4xx_hal_cortex.o
    0x0800b47c   0x0800b47c   0x0000000e   Code   RO         3877    i.__scatterload_copy  mc_w.l(handlers.o)
    0x0800b48a   0x0800b48a   0x00000002   Code   RO         3878    i.__scatterload_null  mc_w.l(handlers.o)
    0x0800b48c   0x0800b48c   0x0000000e   Code   RO         3879    i.__scatterload_zeroinit  mc_w.l(handlers.o)
    0x0800b49a   0x0800b49a   0x00000002   PAD
    0x0800b49c   0x0800b49c   0x00000050   Code   RO         3825    i.free              mc_w.l(malloc.o)
    0x0800b4ec   0x0800b4ec   0x000000b4   Code   RO           17    i.main              main.o
    0x0800b5a0   0x0800b5a0   0x0000006c   Code   RO         3826    i.malloc            mc_w.l(malloc.o)
    0x0800b60c   0x0800b60c   0x00000010   Data   RO         3320    .constdata          system_stm32f4xx.o
    0x0800b61c   0x0800b61c   0x00000008   Data   RO         3321    .constdata          system_stm32f4xx.o
    0x0800b624   0x0800b624   0x00000004   Data   RO         3715    .conststring        usbh_cdc.o
    0x0800b628   0x0800b628   0x00000020   Data   RO         3875    Region$$Table       anon$$obj.o


    Execution Region RW_IRAM1 (Exec base: 0x20000000, Load base: 0x0800b648, Size: 0x00000dc0, Max: 0x00020000, ABSOLUTE)

    Exec Addr    Load Addr    Size         Type   Attr      Idx    E Section Name        Object

    0x20000000   0x0800b648   0x00000001   Data   RW          174    .data               usb_host.o
    0x20000001   0x0800b649   0x00000003   PAD
    0x20000004   0x0800b64c   0x00000004   Data   RW          813    .data               stm32f4xx_ll_usb.o
    0x20000008   0x0800b650   0x0000000c   Data   RW         1966    .data               stm32f4xx_hal.o
    0x20000014   0x0800b65c   0x00000004   Data   RW         3322    .data               system_stm32f4xx.o
    0x20000018   0x0800b660   0x00000020   Data   RW         3716    .data               usbh_cdc.o
    0x20000038   0x0800b680   0x00000004   Data   RW         3871    .data               mc_w.l(mvars.o)
    0x2000003c   0x0800b684   0x00000004   Data   RW         3872    .data               mc_w.l(mvars.o)
    0x20000040        -       0x000000ec   Zero   RW           18    .bss                main.o
    0x2000012c        -       0x000003cc   Zero   RW          173    .bss                usb_host.o
    0x200004f8        -       0x000002c4   Zero   RW          266    .bss                usbh_conf.o
    0x200007bc   0x0800b688   0x00000004   PAD
    0x200007c0        -       0x00000200   Zero   RW            2    HEAP                startup_stm32f407xx.o
    0x200009c0        -       0x00000400   Zero   RW            1    STACK               startup_stm32f407xx.o


==============================================================================

Image component sizes


      Code (inc. data)   RO Data    RW Data    ZI Data      Debug   Object Name

       766         88          0          0        236     685009   main.o
        36          8        392          0       1536        860   startup_stm32f407xx.o
       180         28          0         12          0       4741   stm32f4xx_hal.o
       198         14          0          0          0      34091   stm32f4xx_hal_cortex.o
       442         44          0          0          0       2492   stm32f4xx_hal_gpio.o
      2268          4          0          0          0      14101   stm32f4xx_hal_hcd.o
       372         16          0          0          0       2987   stm32f4xx_hal_i2c.o
       368         48          0          0          0       3097   stm32f4xx_hal_msp.o
      1260         76          0          0          0       5288   stm32f4xx_hal_rcc.o
       128          0          0          0          0       1211   stm32f4xx_hal_spi.o
      1068          8          0          0          0       4228   stm32f4xx_hal_uart.o
        32          6          0          0          0       4782   stm32f4xx_it.o
      1716         52          0          4          0      18741   stm32f4xx_ll_usb.o
        84         18         24          4          0       1231   system_stm32f4xx.o
       108         22          0          1        972       9902   usb_host.o
       872          6          4         32          0      13072   usbh_cdc.o
       540         14          0          0        708      13281   usbh_conf.o
      1066         20          0          0          0      11348   usbh_core.o
      1112         12          0          0          0      10910   usbh_ctlreq.o
       172          0          0          0          0       4492   usbh_ioreq.o
       106          0          0          0          0       3482   usbh_pipes.o
        20          4          0          0          0        542   usbh_platform.o

    ----------------------------------------------------------------------
     12936        488        452         56       3456     849888   Object Totals
         0          0         32          0          0          0   (incl. Generated)
        22          0          0          3          4          0   (incl. Padding)

    ----------------------------------------------------------------------

      Code (inc. data)   RO Data    RW Data    ZI Data      Debug   Library Member Name

         0          0          0          0          0          0   entry.o
         0          0          0          0          0          0   entry10a.o
         0          0          0          0          0          0   entry11a.o
         8          4          0          0          0          0   entry2.o
         4          0          0          0          0          0   entry5.o
         0          0          0          0          0          0   entry7b.o
         0          0          0          0          0          0   entry8b.o
         8          4          0          0          0          0   entry9a.o
        30          0          0          0          0          0   handlers.o
        36          8          0          0          0         68   init.o
        30          0          0          0          0         68   llshl.o
        32          0          0          0          0         68   llushr.o
       188         20          0          0          0        160   malloc.o
        36          0          0          0          0         68   memcpya.o
        36          0          0          0          0        108   memseta.o
         0          0          0          8          0          0   mvars.o
        98          0          0          0          0         92   uldiv.o

    ----------------------------------------------------------------------
       508         36          0          8          0        632   Library Totals
         2          0          0          0          0          0   (incl. Padding)

    ----------------------------------------------------------------------

      Code (inc. data)   RO Data    RW Data    ZI Data      Debug   Library Name

       506         36          0          8          0        632   mc_w.l

    ----------------------------------------------------------------------
       508         36          0          8          0        632   Library Totals

    ----------------------------------------------------------------------

==============================================================================


      Code (inc. data)   RO Data    RW Data    ZI Data      Debug   

     13444        524        452         64       3456     836064   Grand Totals
     13444        524        452         64       3456     836064   ELF Image Totals
     13444        524        452         64          0          0   ROM Totals

==============================================================================

    Total RO  Size (Code + RO Data)                13896 (  13.57kB)
    Total RW  Size (RW Data + ZI Data)              3520 (   3.44kB)
    Total ROM Size (Code + RO Data + RW Data)      13960 (  13.63kB)

==============================================================================

