Component: ARM Compiler 5.06 update 6 (build 750) Tool: armlink [4d35ed]

==============================================================================

Section Cross References

    startup_stm32f407xx.o(RESET) refers to startup_stm32f407xx.o(STACK) for __initial_sp
    startup_stm32f407xx.o(RESET) refers to startup_stm32f407xx.o(.text) for Reset_Handler
    startup_stm32f407xx.o(RESET) refers to stm32f4xx_it.o(i.NMI_Handler) for NMI_Handler
    startup_stm32f407xx.o(RESET) refers to stm32f4xx_it.o(i.HardFault_Handler) for HardFault_Handler
    startup_stm32f407xx.o(RESET) refers to stm32f4xx_it.o(i.MemManage_Handler) for MemManage_Handler
    startup_stm32f407xx.o(RESET) refers to stm32f4xx_it.o(i.BusFault_Handler) for BusFault_Handler
    startup_stm32f407xx.o(RESET) refers to stm32f4xx_it.o(i.UsageFault_Handler) for UsageFault_Handler
    startup_stm32f407xx.o(RESET) refers to stm32f4xx_it.o(i.SVC_Handler) for SVC_Handler
    startup_stm32f407xx.o(RESET) refers to stm32f4xx_it.o(i.DebugMon_Handler) for DebugMon_Handler
    startup_stm32f407xx.o(RESET) refers to stm32f4xx_it.o(i.PendSV_Handler) for PendSV_Handler
    startup_stm32f407xx.o(RESET) refers to stm32f4xx_it.o(i.SysTick_Handler) for SysTick_Handler
    startup_stm32f407xx.o(RESET) refers to stm32f4xx_it.o(i.OTG_FS_IRQHandler) for OTG_FS_IRQHandler
    startup_stm32f407xx.o(.text) refers to system_stm32f4xx.o(i.SystemInit) for SystemInit
    startup_stm32f407xx.o(.text) refers to entry.o(.ARM.Collect$$$$00000000) for __main
    main.o(i.FBL_Modify_RW_Protection) refers to stm32f4xx_hal_flash.o(i.HAL_FLASH_OB_Unlock) for HAL_FLASH_OB_Unlock
    main.o(i.FBL_Modify_RW_Protection) refers to stm32f4xx_hal_flash.o(i.HAL_FLASH_OB_Lock) for HAL_FLASH_OB_Lock
    main.o(i.FBL_ucExecute_MemoryWrite) refers to stm32f4xx_hal_flash.o(i.HAL_FLASH_Unlock) for HAL_FLASH_Unlock
    main.o(i.FBL_ucExecute_MemoryWrite) refers to stm32f4xx_hal_flash.o(i.HAL_FLASH_Program) for HAL_FLASH_Program
    main.o(i.FBL_ucExecute_MemoryWrite) refers to stm32f4xx_hal_flash.o(i.HAL_FLASH_Lock) for HAL_FLASH_Lock
    main.o(i.FBL_vDisable_RW_Protect_Cmd) refers to main.o(i.FBL_ucVerifyCRC) for FBL_ucVerifyCRC
    main.o(i.FBL_vDisable_RW_Protect_Cmd) refers to main.o(i.FBL_vSendAck) for FBL_vSendAck
    main.o(i.FBL_vDisable_RW_Protect_Cmd) refers to main.o(i.FBL_Modify_RW_Protection) for FBL_Modify_RW_Protection
    main.o(i.FBL_vDisable_RW_Protect_Cmd) refers to main.o(i.FBL_vUartWriteData) for FBL_vUartWriteData
    main.o(i.FBL_vDisable_RW_Protect_Cmd) refers to main.o(i.FBL_vSendNack) for FBL_vSendNack
    main.o(i.FBL_vEnable_RW_Protect_Cmd) refers to main.o(i.FBL_ucVerifyCRC) for FBL_ucVerifyCRC
    main.o(i.FBL_vEnable_RW_Protect_Cmd) refers to main.o(i.FBL_vSendAck) for FBL_vSendAck
    main.o(i.FBL_vEnable_RW_Protect_Cmd) refers to main.o(i.FBL_Modify_RW_Protection) for FBL_Modify_RW_Protection
    main.o(i.FBL_vEnable_RW_Protect_Cmd) refers to main.o(i.FBL_vUartWriteData) for FBL_vUartWriteData
    main.o(i.FBL_vEnable_RW_Protect_Cmd) refers to main.o(i.FBL_vSendNack) for FBL_vSendNack
    main.o(i.FBL_vFlashErase_Cmd) refers to main.o(i.FBL_ucVerifyCRC) for FBL_ucVerifyCRC
    main.o(i.FBL_vFlashErase_Cmd) refers to main.o(i.FBL_vSendAck) for FBL_vSendAck
    main.o(i.FBL_vFlashErase_Cmd) refers to stm32f4xx_hal_flash.o(i.HAL_FLASH_Unlock) for HAL_FLASH_Unlock
    main.o(i.FBL_vFlashErase_Cmd) refers to stm32f4xx_hal_flash_ex.o(i.HAL_FLASHEx_Erase) for HAL_FLASHEx_Erase
    main.o(i.FBL_vFlashErase_Cmd) refers to stm32f4xx_hal_flash.o(i.HAL_FLASH_Lock) for HAL_FLASH_Lock
    main.o(i.FBL_vFlashErase_Cmd) refers to main.o(i.FBL_vUartWriteData) for FBL_vUartWriteData
    main.o(i.FBL_vFlashErase_Cmd) refers to main.o(i.FBL_vSendNack) for FBL_vSendNack
    main.o(i.FBL_vGetCID_Cmd) refers to main.o(i.FBL_ucVerifyCRC) for FBL_ucVerifyCRC
    main.o(i.FBL_vGetCID_Cmd) refers to main.o(i.FBL_Get_Mcu_ID) for FBL_Get_Mcu_ID
    main.o(i.FBL_vGetCID_Cmd) refers to main.o(i.FBL_vSendAck) for FBL_vSendAck
    main.o(i.FBL_vGetCID_Cmd) refers to main.o(i.FBL_vUartWriteData) for FBL_vUartWriteData
    main.o(i.FBL_vGetCID_Cmd) refers to main.o(i.FBL_vSendNack) for FBL_vSendNack
    main.o(i.FBL_vGetHelp_Cmd) refers to main.o(i.FBL_ucVerifyCRC) for FBL_ucVerifyCRC
    main.o(i.FBL_vGetHelp_Cmd) refers to main.o(i.FBL_vSendAck) for FBL_vSendAck
    main.o(i.FBL_vGetHelp_Cmd) refers to main.o(i.FBL_vUartWriteData) for FBL_vUartWriteData
    main.o(i.FBL_vGetHelp_Cmd) refers to main.o(i.FBL_vSendNack) for FBL_vSendNack
    main.o(i.FBL_vGetHelp_Cmd) refers to main.o(.data) for aucSupportedCommands
    main.o(i.FBL_vGetRDP_Cmd) refers to main.o(i.FBL_ucVerifyCRC) for FBL_ucVerifyCRC
    main.o(i.FBL_vGetRDP_Cmd) refers to main.o(i.FBL_Get_RDP) for FBL_Get_RDP
    main.o(i.FBL_vGetRDP_Cmd) refers to main.o(i.FBL_vSendAck) for FBL_vSendAck
    main.o(i.FBL_vGetRDP_Cmd) refers to main.o(i.FBL_vUartWriteData) for FBL_vUartWriteData
[...]
    Removing stm32f4xx_hal_spi.o(i.SPI_2linesRxISR_8BIT), (52 bytes).
    Removing stm32f4xx_hal_spi.o(i.SPI_2linesTxISR_16BIT), (52 bytes).
    Removing stm32f4xx_hal_spi.o(i.SPI_2linesTxISR_8BIT), (52 bytes).
    Removing stm32f4xx_hal_spi.o(i.SPI_AbortRx_ISR), (104 bytes).
    Removing stm32f4xx_hal_spi.o(i.SPI_AbortTx_ISR), (32 bytes).
    Removing stm32f4xx_hal_spi.o(i.SPI_CloseRxTx_ISR), (188 bytes).
    Removing stm32f4xx_hal_spi.o(i.SPI_CloseRx_ISR), (94 bytes).
    Removing stm32f4xx_hal_spi.o(i.SPI_CloseTx_ISR), (160 bytes).
    Removing stm32f4xx_hal_spi.o(i.SPI_DMAAbortOnError), (20 bytes).
    Removing stm32f4xx_hal_spi.o(i.SPI_DMAError), (40 bytes).
    Removing stm32f4xx_hal_spi.o(i.SPI_DMAHalfReceiveCplt), (14 bytes).
    Removing stm32f4xx_hal_spi.o(i.SPI_DMAHalfTransmitCplt), (14 bytes).
    Removing stm32f4xx_hal_spi.o(i.SPI_DMAHalfTransmitReceiveCplt), (14 bytes).
    Removing stm32f4xx_hal_spi.o(i.SPI_DMAReceiveCplt), (98 bytes).
    Removing stm32f4xx_hal_spi.o(i.SPI_DMARxAbortCallback), (144 bytes).
    Removing stm32f4xx_hal_spi.o(i.SPI_DMATransmitCplt), (128 bytes).
    Removing stm32f4xx_hal_spi.o(i.SPI_DMATransmitReceiveCplt), (104 bytes).
    Removing stm32f4xx_hal_spi.o(i.SPI_DMATxAbortCallback), (172 bytes).
    Removing stm32f4xx_hal_spi.o(i.SPI_EndRxTransaction), (148 bytes).
    Removing stm32f4xx_hal_spi.o(i.SPI_EndRxTxTransaction), (108 bytes).
    Removing stm32f4xx_hal_spi.o(i.SPI_RxISR_16BIT), (36 bytes).
    Removing stm32f4xx_hal_spi.o(i.SPI_RxISR_8BIT), (36 bytes).
    Removing stm32f4xx_hal_spi.o(i.SPI_TxISR_16BIT), (36 bytes).
    Removing stm32f4xx_hal_spi.o(i.SPI_TxISR_8BIT), (36 bytes).
    Removing stm32f4xx_hal_spi.o(i.SPI_WaitFlagStateUntilTimeout), (168 bytes).
    Removing stm32f4xx_hal_tim.o(.rev16_text), (4 bytes).
    Removing stm32f4xx_hal_tim.o(.revsh_text), (4 bytes).
    Removing stm32f4xx_hal_tim.o(.rrx_text), (6 bytes).
    Removing stm32f4xx_hal_tim_ex.o(.rev16_text), (4 bytes).
    Removing stm32f4xx_hal_tim_ex.o(.revsh_text), (4 bytes).
    Removing stm32f4xx_hal_tim_ex.o(.rrx_text), (6 bytes).
    Removing stm32f4xx_hal_uart.o(.rev16_text), (4 bytes).
    Removing stm32f4xx_hal_uart.o(.revsh_text), (4 bytes).
    Removing stm32f4xx_hal_uart.o(.rrx_text), (6 bytes).
    Removing stm32f4xx_hal_uart.o(i.HAL_HalfDuplex_EnableReceiver), (68 bytes).
    Removing stm32f4xx_hal_uart.o(i.HAL_HalfDuplex_EnableTransmitter), (68 bytes).
    Removing stm32f4xx_hal_uart.o(i.HAL_HalfDuplex_Init), (118 bytes).
    Removing stm32f4xx_hal_uart.o(i.HAL_LIN_Init), (142 bytes).
    Removing stm32f4xx_hal_uart.o(i.HAL_LIN_SendBreak), (62 bytes).
    Removing stm32f4xx_hal_uart.o(i.HAL_MultiProcessor_EnterMuteMode), (62 bytes).
    Removing stm32f4xx_hal_uart.o(i.HAL_MultiProcessor_ExitMuteMode), (62 bytes).
    Removing stm32f4xx_hal_uart.o(i.HAL_MultiProcessor_Init), (154 bytes).
    Removing stm32f4xx_hal_uart.o(i.HAL_UART_Abort), (170 bytes).
    Removing stm32f4xx_hal_uart.o(i.HAL_UART_AbortCpltCallback), (2 bytes).
    Removing stm32f4xx_hal_uart.o(i.HAL_UART_AbortReceive), (102 bytes).
    Removing stm32f4xx_hal_uart.o(i.HAL_UART_AbortReceiveCpltCallback), (2 bytes).
    Removing stm32f4xx_hal_uart.o(i.HAL_UART_AbortReceive_IT), (120 bytes).
    Removing stm32f4xx_hal_uart.o(i.HAL_UART_AbortTransmit), (90 bytes).
    Removing stm32f4xx_hal_uart.o(i.HAL_UART_AbortTransmitCpltCallback), (2 bytes).
    Removing stm32f4xx_hal_uart.o(i.HAL_UART_AbortTransmit_IT), (108 bytes).
    Removing stm32f4xx_hal_uart.o(i.HAL_UART_Abort_IT), (224 bytes).
    Removing stm32f4xx_hal_uart.o(i.HAL_UART_DMAPause), (124 bytes).
    Removing stm32f4xx_hal_uart.o(i.HAL_UART_DMAResume), (126 bytes).
    Removing stm32f4xx_hal_uart.o(i.HAL_UART_DMAStop), (102 bytes).
    Removing stm32f4xx_hal_uart.o(i.HAL_UART_DeInit), (58 bytes).
    Removing stm32f4xx_hal_uart.o(i.HAL_UART_ErrorCallback), (2 bytes).
    Removing stm32f4xx_hal_uart.o(i.HAL_UART_GetError), (6 bytes).
    Removing stm32f4xx_hal_uart.o(i.HAL_UART_GetState), (20 bytes).
    Removing stm32f4xx_hal_uart.o(i.HAL_UART_IRQHandler), (332 bytes).
    Removing stm32f4xx_hal_uart.o(i.HAL_UART_MspDeInit), (2 bytes).
    Removing stm32f4xx_hal_uart.o(i.HAL_UART_MspInit), (2 bytes).
    Removing stm32f4xx_hal_uart.o(i.HAL_UART_Receive_DMA), (196 bytes).
    Removing stm32f4xx_hal_uart.o(i.HAL_UART_Receive_IT), (112 bytes).
    Removing stm32f4xx_hal_uart.o(i.HAL_UART_RxCpltCallback), (2 bytes).
    Removing stm32f4xx_hal_uart.o(i.HAL_UART_RxHalfCpltCallback), (2 bytes).
    Removing stm32f4xx_hal_uart.o(i.HAL_UART_Transmit_DMA), (156 bytes).
    Removing stm32f4xx_hal_uart.o(i.HAL_UART_Transmit_IT), (88 bytes).
    Removing stm32f4xx_hal_uart.o(i.HAL_UART_TxCpltCallback), (2 bytes).
    Removing stm32f4xx_hal_uart.o(i.HAL_UART_TxHalfCpltCallback), (2 bytes).
    Removing stm32f4xx_hal_uart.o(i.UART_DMAAbortOnError), (20 bytes).
    Removing stm32f4xx_hal_uart.o(i.UART_DMAError), (80 bytes).
    Removing stm32f4xx_hal_uart.o(i.UART_DMAReceiveCplt), (70 bytes).
    Removing stm32f4xx_hal_uart.o(i.UART_DMARxAbortCallback), (52 bytes).
    Removing stm32f4xx_hal_uart.o(i.UART_DMARxHalfCplt), (14 bytes).
    Removing stm32f4xx_hal_uart.o(i.UART_DMARxOnlyAbortCallback), (24 bytes).
    Removing stm32f4xx_hal_uart.o(i.UART_DMATransmitCplt), (54 bytes).
    Removing stm32f4xx_hal_uart.o(i.UART_DMATxAbortCallback), (52 bytes).
    Removing stm32f4xx_hal_uart.o(i.UART_DMATxHalfCplt), (14 bytes).
    Removing stm32f4xx_hal_uart.o(i.UART_DMATxOnlyAbortCallback), (24 bytes).
    Removing stm32f4xx_hal_uart.o(i.UART_EndRxTransfer), (32 bytes).
    Removing stm32f4xx_hal_uart.o(i.UART_EndTransmit_IT), (32 bytes).
    Removing stm32f4xx_hal_uart.o(i.UART_EndTxTransfer), (20 bytes).
    Removing stm32f4xx_hal_uart.o(i.UART_Receive_IT), (166 bytes).
    Removing stm32f4xx_hal_uart.o(i.UART_Transmit_IT), (104 bytes).
    Removing stm32f4xx_hal_hcd.o(.rev16_text), (4 bytes).
    Removing stm32f4xx_hal_hcd.o(.revsh_text), (4 bytes).
    Removing stm32f4xx_hal_hcd.o(.rrx_text), (6 bytes).
    Removing stm32f4xx_hal_hcd.o(i.HAL_HCD_DeInit), (38 bytes).
    Removing stm32f4xx_hal_hcd.o(i.HAL_HCD_GetCurrentFrame), (12 bytes).
    Removing stm32f4xx_hal_hcd.o(i.HAL_HCD_GetCurrentSpeed), (12 bytes).
    Removing stm32f4xx_hal_hcd.o(i.HAL_HCD_GetState), (8 bytes).
    Removing stm32f4xx_hal_hcd.o(i.HAL_HCD_HC_GetState), (20 bytes).
    Removing stm32f4xx_hal_hcd.o(i.HAL_HCD_HC_GetURBState), (20 bytes).
    Removing stm32f4xx_hal_hcd.o(i.HAL_HCD_HC_GetXferCount), (18 bytes).
    Removing stm32f4xx_hal_hcd.o(i.HAL_HCD_HC_Halt), (52 bytes).
    Removing stm32f4xx_hal_hcd.o(i.HAL_HCD_HC_Init), (222 bytes).
    Removing stm32f4xx_hal_hcd.o(i.HAL_HCD_HC_SubmitRequest), (544 bytes).
    Removing stm32f4xx_hal_hcd.o(i.HAL_HCD_MspDeInit), (2 bytes).
    Removing stm32f4xx_hal_hcd.o(i.HAL_HCD_MspInit), (2 bytes).
    Removing stm32f4xx_hal_hcd.o(i.HAL_HCD_ResetPort), (12 bytes).
    Removing stm32f4xx_hal_hcd.o(i.HAL_HCD_Start), (54 bytes).
    Removing stm32f4xx_hal_hcd.o(i.HAL_HCD_Stop), (46 bytes).
    Removing stm32f4xx_ll_usb.o(.rev16_text), (4 bytes).
    Removing stm32f4xx_ll_usb.o(.revsh_text), (4 bytes).
    Removing stm32f4xx_ll_usb.o(.rrx_text), (6 bytes).
    Removing stm32f4xx_ll_usb.o(i.USB_ActivateDedicatedEndpoint), (204 bytes).
    Removing stm32f4xx_ll_usb.o(i.USB_ActivateEndpoint), (208 bytes).
    Removing stm32f4xx_ll_usb.o(i.USB_ActivateRemoteWakeup), (36 bytes).
    Removing stm32f4xx_ll_usb.o(i.USB_ActivateSetup), (70 bytes).
    Removing stm32f4xx_ll_usb.o(i.USB_ClearInterrupts), (8 bytes).
    Removing stm32f4xx_ll_usb.o(i.USB_DeActivateRemoteWakeup), (24 bytes).
    Removing stm32f4xx_ll_usb.o(i.USB_DeactivateDedicatedEndpoint), (132 bytes).
    Removing stm32f4xx_ll_usb.o(i.USB_DeactivateEndpoint), (196 bytes).
    Removing stm32f4xx_ll_usb.o(i.USB_DevConnect), (32 bytes).
    Removing stm32f4xx_ll_usb.o(i.USB_DevDisconnect), (32 bytes).
    Removing stm32f4xx_ll_usb.o(i.USB_DevInit), (500 bytes).
    Removing stm32f4xx_ll_usb.o(i.USB_DoPing), (68 bytes).
    Removing stm32f4xx_ll_usb.o(i.USB_EP0StartXfer), (472 bytes).
    Removing stm32f4xx_ll_usb.o(i.USB_EP0_OutStart), (112 bytes).
    Removing stm32f4xx_ll_usb.o(i.USB_EPClearStall), (142 bytes).
    Removing stm32f4xx_ll_usb.o(i.USB_EPSetStall), (154 bytes).
    Removing stm32f4xx_ll_usb.o(i.USB_EPStartXfer), (836 bytes).
    Removing stm32f4xx_ll_usb.o(i.USB_EnableGlobalInt), (14 bytes).
    Removing stm32f4xx_ll_usb.o(i.USB_GetCurrentFrame), (14 bytes).
    Removing stm32f4xx_ll_usb.o(i.USB_GetDevSpeed), (38 bytes).
    Removing stm32f4xx_ll_usb.o(i.USB_GetHostSpeed), (24 bytes).
    Removing stm32f4xx_ll_usb.o(i.USB_HC_Init), (438 bytes).
    Removing stm32f4xx_ll_usb.o(i.USB_HC_StartXfer), (468 bytes).
    Removing stm32f4xx_ll_usb.o(i.USB_ReadDevAllInEpInterrupt), (20 bytes).
    Removing stm32f4xx_ll_usb.o(i.USB_ReadDevAllOutEpInterrupt), (20 bytes).
    Removing stm32f4xx_ll_usb.o(i.USB_ReadDevInEPInterrupt), (50 bytes).
    Removing stm32f4xx_ll_usb.o(i.USB_ReadDevOutEPInterrupt), (26 bytes).
    Removing stm32f4xx_ll_usb.o(i.USB_ResetPort), (60 bytes).
    Removing stm32f4xx_ll_usb.o(i.USB_SetDevAddress), (42 bytes).
    Removing stm32f4xx_ll_usb.o(i.USB_SetDevSpeed), (18 bytes).
    Removing stm32f4xx_ll_usb.o(i.USB_SetTurnaroundTime), (232 bytes).
    Removing stm32f4xx_ll_usb.o(i.USB_StopDevice), (92 bytes).
    Removing stm32f4xx_ll_usb.o(i.USB_StopHost), (180 bytes).
    Removing stm32f4xx_ll_usb.o(i.USB_WritePacket), (60 bytes).
    Removing stm32f4xx_ll_usb.o(.data), (4 bytes).
    Removing system_stm32f4xx.o(.rev16_text), (4 bytes).
    Removing system_stm32f4xx.o(.revsh_text), (4 bytes).
    Removing system_stm32f4xx.o(.rrx_text), (6 bytes).
    Removing system_stm32f4xx.o(i.SystemCoreClockUpdate), (192 bytes).

445 unused section(s) (total 45838 bytes) removed from the image.

==============================================================================

Image Symbol Table

    Local Symbols

    Symbol Name                              Value     Ov Type        Size  Object(Section)

    ../Drivers/STM32F4xx_HAL_Driver/Src/stm32f4xx_hal.c 0x00000000   Number         0  stm32f4xx_hal.o ABSOLUTE
    ../Drivers/STM32F4xx_HAL_Driver/Src/stm32f4xx_hal_cortex.c 0x00000000   Number         0  stm32f4xx_hal_cortex.o ABSOLUTE
    ../Drivers/STM32F4xx_HAL_Driver/Src/stm32f4xx_hal_crc.c 0x00000000   Number         0  stm32f4xx_hal_crc.o ABSOLUTE
    ../Drivers/STM32F4xx_HAL_Driver/Src/stm32f4xx_hal_dma.c 0x00000000   Number         0  stm32f4xx_hal_dma.o ABSOLUTE
    ../Drivers/STM32F4xx_HAL_Driver/Src/stm32f4xx_hal_dma_ex.c 0x00000000   Number         0  stm32f4xx_hal_dma_ex.o ABSOLUTE
    ../Drivers/STM32F4xx_HAL_Driver/Src/stm32f4xx_hal_exti.c 0x00000000   Number         0  stm32f4xx_hal_exti.o ABSOLUTE
    ../Drivers/STM32F4xx_HAL_Driver/Src/stm32f4xx_hal_flash.c 0x00000000   Number         0  stm32f4xx_hal_flash.o ABSOLUTE
    ../Drivers/STM32F4xx_HAL_Driver/Src/stm32f4xx_hal_flash_ex.c 0x00000000   Number         0  stm32f4xx_hal_flash_ex.o ABSOLUTE
    ../Drivers/STM32F4xx_HAL_Driver/Src/stm32f4xx_hal_flash_ramfunc.c 0x00000000   Number         0  stm32f4xx_hal_flash_ramfunc.o ABSOLUTE
    ../Drivers/STM32F4xx_HAL_Driver/Src/stm32f4xx_hal_gpio.c 0x00000000   Number         0  stm32f4xx_hal_gpio.o ABSOLUTE
    ../Drivers/STM32F4xx_HAL_Driver/Src/stm32f4xx_hal_hcd.c 0x00000000   Number         0  stm32f4xx_hal_hcd.o ABSOLUTE
    ../Drivers/STM32F4xx_HAL_Driver/Src/stm32f4xx_hal_i2c.c 0x00000000   Number         0  stm32f4xx_hal_i2c.o ABSOLUTE
    ../Drivers/STM32F4xx_HAL_Driver/Src/stm32f4xx_hal_i2c_ex.c 0x00000000   Number         0  stm32f4xx_hal_i2c_ex.o ABSOLUTE
    ../Drivers/STM32F4xx_HAL_Driver/Src/stm32f4xx_hal_pwr.c 0x00000000   Number         0  stm32f4xx_hal_pwr.o ABSOLUTE
    ../Drivers/STM32F4xx_HAL_Driver/Src/stm32f4xx_hal_pwr_ex.c 0x00000000   Number         0  stm32f4xx_hal_pwr_ex.o ABSOLUTE
    ../Drivers/STM32F4xx_HAL_Driver/Src/stm32f4xx_hal_rcc.c 0x00000000   Number         0  stm32f4xx_hal_rcc.o ABSOLUTE
    ../Drivers/STM32F4xx_HAL_Driver/Src/stm32f4xx_hal_rcc_ex.c 0x00000000   Number         0  stm32f4xx_hal_rcc_ex.o ABSOLUTE
    ../Drivers/STM32F4xx_HAL_Driver/Src/stm32f4xx_hal_spi.c 0x00000000   Number         0  stm32f4xx_hal_spi.o ABSOLUTE
    ../Drivers/STM32F4xx_HAL_Driver/Src/stm32f4xx_hal_tim.c 0x00000000   Number         0  stm32f4xx_hal_tim.o ABSOLUTE
    ../Drivers/STM32F4xx_HAL_Driver/Src/stm32f4xx_hal_tim_ex.c 0x00000000   Number         0  stm32f4xx_hal_tim_ex.o ABSOLUTE
    ../Drivers/STM32F4xx_HAL_Driver/Src/stm32f4xx_hal_uart.c 0x00000000   Number         0  stm32f4xx_hal_uart.o ABSOLUTE
    ../Drivers/STM32F4xx_HAL_Driver/Src/stm32f4xx_ll_usb.c 0x00000000   Number         0  stm32f4xx_ll_usb.o ABSOLUTE
    ../Src/main.c                            0x00000000   Number         0  main.o ABSOLUTE
    ../Src/stm32f4xx_hal_msp.c               0x00000000   Number         0  stm32f4xx_hal_msp.o ABSOLUTE
    ../Src/stm32f4xx_it.c                    0x00000000   Number         0  stm32f4xx_it.o ABSOLUTE
    ../Src/system_stm32f4xx.c                0x00000000   Number         0  system_stm32f4xx.o ABSOLUTE
    ../clib/microlib/division.c              0x00000000   Number         0  uidiv.o ABSOLUTE
    ../clib/microlib/division.c              0x00000000   Number         0  uldiv.o ABSOLUTE
    ../clib/microlib/init/entry.s            0x00000000   Number         0  entry11a.o ABSOLUTE
    ../clib/microlib/init/entry.s            0x00000000   Number         0  entry10b.o ABSOLUTE
    ../clib/microlib/init/entry.s            0x00000000   Number         0  entry10a.o ABSOLUTE
    ../clib/microlib/init/entry.s            0x00000000   Number         0  entry9b.o ABSOLUTE
    ../clib/microlib/init/entry.s            0x00000000   Number         0  entry9a.o ABSOLUTE
    ../clib/microlib/init/entry.s            0x00000000   Number         0  entry8b.o ABSOLUTE
    ../clib/microlib/init/entry.s            0x00000000   Number         0  entry8a.o ABSOLUTE
    ../clib/microlib/init/entry.s            0x00000000   Number         0  entry7a.o ABSOLUTE
    ../clib/microlib/init/entry.s            0x00000000   Number         0  entry.o ABSOLUTE
    ../clib/microlib/init/entry.s            0x00000000   Number         0  entry5.o ABSOLUTE
    ../clib/microlib/init/entry.s            0x00000000   Number         0  entry2.o ABSOLUTE
    ../clib/microlib/init/entry.s            0x00000000   Number         0  entry7b.o ABSOLUTE
    ../clib/microlib/init/entry.s            0x00000000   Number         0  entry11b.o ABSOLUTE
    ../clib/microlib/longlong.c              0x00000000   Number         0  llushr.o ABSOLUTE
    ../clib/microlib/longlong.c              0x00000000   Number         0  llshl.o ABSOLUTE
    ../clib/microlib/longlong.c              0x00000000   Number         0  llsshr.o ABSOLUTE
    ../clib/microlib/printf/printf.c         0x00000000   Number         0  printfa.o ABSOLUTE
    ../clib/microlib/stdio/fputc.c           0x00000000   Number         0  fputc.o ABSOLUTE
    ../clib/microlib/stdio/semi.s            0x00000000   Number         0  semi.o ABSOLUTE
    ../clib/microlib/stdio/streams.c         0x00000000   Number         0  stdout.o ABSOLUTE
    ../clib/microlib/string/memcpy.c         0x00000000   Number         0  memcpya.o ABSOLUTE
    ../clib/microlib/string/memcpy.c         0x00000000   Number         0  memcpyb.o ABSOLUTE
    ../clib/microlib/string/memset.c         0x00000000   Number         0  memseta.o ABSOLUTE
    ../clib/microlib/string/strlen.c         0x00000000   Number         0  strlen.o ABSOLUTE
    ../clib/microlib/stubs.s                 0x00000000   Number         0  iusefp.o ABSOLUTE
    ../clib/microlib/stubs.s                 0x00000000   Number         0  iusesemip.o ABSOLUTE
    ../fplib/microlib/fpadd.c                0x00000000   Number         0  dadd.o ABSOLUTE
    ../fplib/microlib/fpdiv.c                0x00000000   Number         0  ddiv.o ABSOLUTE
    ../fplib/microlib/fpepilogue.c           0x00000000   Number         0  depilogue.o ABSOLUTE
    ../fplib/microlib/fpfix.c                0x00000000   Number         0  dfixul.o ABSOLUTE
    ../fplib/microlib/fpmul.c                0x00000000   Number         0  dmul.o ABSOLUTE
    ..\Drivers\STM32F4xx_HAL_Driver\Src\stm32f4xx_hal.c 0x00000000   Number         0  stm32f4xx_hal.o ABSOLUTE
    ..\Drivers\STM32F4xx_HAL_Driver\Src\stm32f4xx_hal_cortex.c 0x00000000   Number         0  stm32f4xx_hal_cortex.o ABSOLUTE
    ..\Drivers\STM32F4xx_HAL_Driver\Src\stm32f4xx_hal_crc.c 0x00000000   Number         0  stm32f4xx_hal_crc.o ABSOLUTE
    ..\Drivers\STM32F4xx_HAL_Driver\Src\stm32f4xx_hal_dma.c 0x00000000   Number         0  stm32f4xx_hal_dma.o ABSOLUTE
    ..\Drivers\STM32F4xx_HAL_Driver\Src\stm32f4xx_hal_dma_ex.c 0x00000000   Number         0  stm32f4xx_hal_dma_ex.o ABSOLUTE
    ..\Drivers\STM32F4xx_HAL_Driver\Src\stm32f4xx_hal_exti.c 0x00000000   Number         0  stm32f4xx_hal_exti.o ABSOLUTE
    ..\Drivers\STM32F4xx_HAL_Driver\Src\stm32f4xx_hal_flash.c 0x00000000   Number         0  stm32f4xx_hal_flash.o ABSOLUTE
    ..\Drivers\STM32F4xx_HAL_Driver\Src\stm32f4xx_hal_flash_ex.c 0x00000000   Number         0  stm32f4xx_hal_flash_ex.o ABSOLUTE
    ..\Drivers\STM32F4xx_HAL_Driver\Src\stm32f4xx_hal_flash_ramfunc.c 0x00000000   Number         0  stm32f4xx_hal_flash_ramfunc.o ABSOLUTE
    ..\Drivers\STM32F4xx_HAL_Driver\Src\stm32f4xx_hal_gpio.c 0x00000000   Number         0  stm32f4xx_hal_gpio.o ABSOLUTE
    ..\Drivers\STM32F4xx_HAL_Driver\Src\stm32f4xx_hal_hcd.c 0x00000000   Number         0  stm32f4xx_hal_hcd.o ABSOLUTE
    ..\Drivers\STM32F4xx_HAL_Driver\Src\stm32f4xx_hal_i2c.c 0x00000000   Number         0  stm32f4xx_hal_i2c.o ABSOLUTE
    ..\Drivers\STM32F4xx_HAL_Driver\Src\stm32f4xx_hal_i2c_ex.c 0x00000000   Number         0  stm32f4xx_hal_i2c_ex.o ABSOLUTE
    ..\Drivers\STM32F4xx_HAL_Driver\Src\stm32f4xx_hal_pwr.c 0x00000000   Number         0  stm32f4xx_hal_pwr.o ABSOLUTE
    ..\Drivers\STM32F4xx_HAL_Driver\Src\stm32f4xx_hal_pwr_ex.c 0x00000000   Number         0  stm32f4xx_hal_pwr_ex.o ABSOLUTE
    ..\Drivers\STM32F4xx_HAL_Driver\Src\stm32f4xx_hal_rcc.c 0x00000000   Number         0  stm32f4xx_hal_rcc.o ABSOLUTE
    ..\Drivers\STM32F4xx_HAL_Driver\Src\stm32f4xx_hal_rcc_ex.c 0x00000000   Number         0  stm32f4xx_hal_rcc_ex.o ABSOLUTE
    ..\Drivers\STM32F4xx_HAL_Driver\Src\stm32f4xx_hal_spi.c 0x00000000   Number         0  stm32f4xx_hal_spi.o ABSOLUTE
    ..\Drivers\STM32F4xx_HAL_Driver\Src\stm32f4xx_hal_tim.c 0x00000000   Number         0  stm32f4xx_hal_tim.o ABSOLUTE
    ..\Drivers\STM32F4xx_HAL_Driver\Src\stm32f4xx_hal_tim_ex.c 0x00000000   Number         0  stm32f4xx_hal_tim_ex.o ABSOLUTE
    ..\Drivers\STM32F4xx_HAL_Driver\Src\stm32f4xx_hal_uart.c 0x00000000   Number         0  stm32f4xx_hal_uart.o ABSOLUTE
    ..\Drivers\STM32F4xx_HAL_Driver\Src\stm32f4xx_ll_usb.c 0x00000000   Number         0  stm32f4xx_ll_usb.o ABSOLUTE
    ..\Src\main.c                            0x00000000   Number         0  main.o ABSOLUTE
    ..\Src\stm32f4xx_hal_msp.c               0x00000000   Number         0  stm32f4xx_hal_msp.o ABSOLUTE
    ..\Src\stm32f4xx_it.c                    0x00000000   Number         0  stm32f4xx_it.o ABSOLUTE
    ..\Src\system_stm32f4xx.c                0x00000000   Number         0  system_stm32f4xx.o ABSOLUTE
    cdrcmple.s                               0x00000000   Number         0  cdrcmple.o ABSOLUTE
    dc.s                                     0x00000000   Number         0  dc.o ABSOLUTE
    handlers.s                               0x00000000   Number         0  handlers.o ABSOLUTE
    init.s                                   0x00000000   Number         0  init.o ABSOLUTE
    startup_stm32f407xx.s                    0x00000000   Number         0  startup_stm32f407xx.o ABSOLUTE
    RESET                                    0x08000000   Section      392  startup_stm32f407xx.o(RESET)
    .ARM.Collect$$$$00000000                 0x08000188   Section        0  entry.o(.ARM.Collect$$$$00000000)
    .ARM.Collect$$$$00000001                 0x08000188   Section        4  entry2.o(.ARM.Collect$$$$00000001)
    .ARM.Collect$$$$00000004                 0x0800018c   Section        4  entry5.o(.ARM.Collect$$$$00000004)
    .ARM.Collect$$$$00000008                 0x08000190   Section        0  entry7b.o(.ARM.Collect$$$$00000008)
    .ARM.Collect$$$$0000000A                 0x08000190   Section        0  entry8b.o(.ARM.Collect$$$$0000000A)
    .ARM.Collect$$$$0000000B                 0x08000190   Section        8  entry9a.o(.ARM.Collect$$$$0000000B)
    .ARM.Collect$$$$0000000D                 0x08000198   Section        0  entry10a.o(.ARM.Collect$$$$0000000D)
    .ARM.Collect$$$$0000000F                 0x08000198   Section        0  entry11a.o(.ARM.Collect$$$$0000000F)
    .ARM.Collect$$$$00002712                 0x08000198   Section        4  entry2.o(.ARM.Collect$$$$00002712)
    __lit__00000000                          0x08000198   Data           4  entry2.o(.ARM.Collect$$$$00002712)
    .text                                    0x0800019c   Section       36  startup_stm32f407xx.o(.text)
    $v0                                      0x0800019c   Number         0  startup_stm32f407xx.o(.text)
    .text                                    0x080001c0   Section        0  uldiv.o(.text)
    .text                                    0x08000222   Section        0  memcpya.o(.text)
    .text                                    0x08000246   Section        0  memseta.o(.text)
    .text                                    0x0800026a   Section        0  strlen.o(.text)
    .text                                    0x08000278   Section        0  uidiv.o(.text)
    .text                                    0x080002a4   Section        0  llshl.o(.text)
    .text                                    0x080002c2   Section        0  llushr.o(.text)
    .text                                    0x080002e2   Section        0  iusefp.o(.text)
    .text                                    0x080002e2   Section        0  dadd.o(.text)
    .text                                    0x08000430   Section        0  dmul.o(.text)
    .text                                    0x08000514   Section        0  ddiv.o(.text)
    .text                                    0x080005f2   Section        0  dfixul.o(.text)
    .text                                    0x08000624   Section       48  cdrcmple.o(.text)
    .text                                    0x08000654   Section       36  init.o(.text)
    .text                                    0x08000678   Section        0  llsshr.o(.text)
    .text                                    0x0800069c   Section        0  depilogue.o(.text)
    i.BusFault_Handler                       0x08000756   Section        0  stm32f4xx_it.o(i.BusFault_Handler)
    i.DebugMon_Handler                       0x0800075a   Section        0  stm32f4xx_it.o(i.DebugMon_Handler)
    i.Error_Handler                          0x0800075c   Section        0  main.o(i.Error_Handler)
    i.FBL_Get_Mcu_ID                         0x08000760   Section        0  main.o(i.FBL_Get_Mcu_ID)
    i.FBL_Get_RDP                            0x08000770   Section        0  main.o(i.FBL_Get_RDP)
    i.FBL_Modify_RW_Protection               0x08000780   Section        0  main.o(i.FBL_Modify_RW_Protection)
    i.FBL_Verify_Address                     0x0800087c   Section        0  main.o(i.FBL_Verify_Address)
    i.FBL_ucExecute_MemoryWrite              0x080008c8   Section        0  main.o(i.FBL_ucExecute_MemoryWrite)
    i.FBL_ucGetBootloaderVersion             0x08000900   Section        0  main.o(i.FBL_ucGetBootloaderVersion)
    i.FBL_ucVerifyCRC                        0x08000904   Section        0  main.o(i.FBL_ucVerifyCRC)
    i.FBL_vDisable_RW_Protect_Cmd            0x0800094c   Section        0  main.o(i.FBL_vDisable_RW_Protect_Cmd)
    i.FBL_vEnable_RW_Protect_Cmd             0x0800098a   Section        0  main.o(i.FBL_vEnable_RW_Protect_Cmd)
    i.FBL_vFlashErase_Cmd                    0x080009c8   Section        0  main.o(i.FBL_vFlashErase_Cmd)
    i.FBL_vGetCID_Cmd                        0x08000a68   Section        0  main.o(i.FBL_vGetCID_Cmd)
    i.FBL_vGetHelp_Cmd                       0x08000aa4   Section        0  main.o(i.FBL_vGetHelp_Cmd)
    i.FBL_vGetRDP_Cmd                        0x08000adc   Section        0  main.o(i.FBL_vGetRDP_Cmd)
    i.FBL_vGetVersion_Cmd                    0x08000b18   Section        0  main.o(i.FBL_vGetVersion_Cmd)
    i.FBL_vGoToAddress_Cmd                   0x08000b50   Section        0  main.o(i.FBL_vGoToAddress_Cmd)
    i.FBL_vMemoryWrite_Cmd                   0x08000bb0   Section        0  main.o(i.FBL_vMemoryWrite_Cmd)
    i.FBL_vPrintMsg                          0x08000c0c   Section        0  main.o(i.FBL_vPrintMsg)
    FBL_vPrintMsg                            0x08000c0d   Thumb Code    54  main.o(i.FBL_vPrintMsg)
    i.FBL_vRead_MemoryCmd                    0x08000c48   Section        0  main.o(i.FBL_vRead_MemoryCmd)
    i.FBL_vRead_OTP_Cmd                      0x08000c4c   Section        0  main.o(i.FBL_vRead_OTP_Cmd)
    i.FBL_vRead_Sector_ProtectionStatus_Cmd  0x08000cfc   Section        0  main.o(i.FBL_vRead_Sector_ProtectionStatus_Cmd)
    i.FBL_vRw_ProtectionStatus               0x08000d4c   Section        0  main.o(i.FBL_vRw_ProtectionStatus)
    i.FBL_vSendAck                           0x08000d68   Section        0  main.o(i.FBL_vSendAck)
    i.FBL_vSendNack                          0x08000d8c   Section        0  main.o(i.FBL_vSendNack)
    i.FBL_vUartReadData                      0x08000da8   Section        0  main.o(i.FBL_vUartReadData)
    i.FBL_vUartWriteData                     0x08000e8c   Section        0  main.o(i.FBL_vUartWriteData)
    i.FLASH_Erase_Sector                     0x08000ea8   Section        0  stm32f4xx_hal_flash_ex.o(i.FLASH_Erase_Sector)
    i.FLASH_FlushCaches                      0x08000f04   Section        0  stm32f4xx_hal_flash_ex.o(i.FLASH_FlushCaches)
    i.FLASH_MassErase                        0x08000f7c   Section        0  stm32f4xx_hal_flash_ex.o(i.FLASH_MassErase)
    FLASH_MassErase                          0x08000f7d   Thumb Code    42  stm32f4xx_hal_flash_ex.o(i.FLASH_MassErase)
    i.FLASH_OB_GetBOR                        0x08000fac   Section        0  stm32f4xx_hal_flash_ex.o(i.FLASH_OB_GetBOR)
    FLASH_OB_GetBOR                          0x08000fad   Thumb Code    10  stm32f4xx_hal_flash_ex.o(i.FLASH_OB_GetBOR)
    i.FLASH_OB_GetRDP                        0x08000fbc   Section        0  stm32f4xx_hal_flash_ex.o(i.FLASH_OB_GetRDP)
    FLASH_OB_GetRDP                          0x08000fbd   Thumb Code    30  stm32f4xx_hal_flash_ex.o(i.FLASH_OB_GetRDP)
    i.FLASH_OB_GetUser                       0x08000fe0   Section        0  stm32f4xx_hal_flash_ex.o(i.FLASH_OB_GetUser)
    FLASH_OB_GetUser                         0x08000fe1   Thumb Code    10  stm32f4xx_hal_flash_ex.o(i.FLASH_OB_GetUser)
    i.FLASH_OB_GetWRP                        0x08000ff0   Section        0  stm32f4xx_hal_flash_ex.o(i.FLASH_OB_GetWRP)
    FLASH_OB_GetWRP                          0x08000ff1   Thumb Code     6  stm32f4xx_hal_flash_ex.o(i.FLASH_OB_GetWRP)
    i.FLASH_Program_Byte                     0x08000ffc   Section        0  stm32f4xx_hal_flash.o(i.FLASH_Program_Byte)
    FLASH_Program_Byte                       0x08000ffd   Thumb Code    32  stm32f4xx_hal_flash.o(i.FLASH_Program_Byte)
    i.FLASH_Program_DoubleWord               0x08001020   Section        0  stm32f4xx_hal_flash.o(i.FLASH_Program_DoubleWord)
    FLASH_Program_DoubleWord                 0x08001021   Thumb Code    40  stm32f4xx_hal_flash.o(i.FLASH_Program_DoubleWord)
    i.FLASH_Program_HalfWord                 0x0800104c   Section        0  stm32f4xx_hal_flash.o(i.FLASH_Program_HalfWord)
    FLASH_Program_HalfWord                   0x0800104d   Thumb Code    36  stm32f4xx_hal_flash.o(i.FLASH_Program_HalfWord)
    i.FLASH_Program_Word                     0x08001074   Section        0  stm32f4xx_hal_flash.o(i.FLASH_Program_Word)
    FLASH_Program_Word                       0x08001075   Thumb Code    36  stm32f4xx_hal_flash.o(i.FLASH_Program_Word)
    i.FLASH_SetErrorCode                     0x0800109c   Section        0  stm32f4xx_hal_flash.o(i.FLASH_SetErrorCode)
    FLASH_SetErrorCode                       0x0800109d   Thumb Code   142  stm32f4xx_hal_flash.o(i.FLASH_SetErrorCode)
    i.FLASH_WaitForLastOperation             0x08001134   Section        0  stm32f4xx_hal_flash.o(i.FLASH_WaitForLastOperation)
    i.HAL_CRC_Init                           0x08001198   Section        0  stm32f4xx_hal_crc.o(i.HAL_CRC_Init)
    i.HAL_CRC_MspInit                        0x080011bc   Section        0  stm32f4xx_hal_msp.o(i.HAL_CRC_MspInit)
    i.HAL_Delay                              0x080011f0   Section        0  stm32f4xx_hal.o(i.HAL_Delay)
    i.HAL_FLASHEx_Erase                      0x08001218   Section        0  stm32f4xx_hal_flash_ex.o(i.HAL_FLASHEx_Erase)
    i.HAL_FLASHEx_OBGetConfig                0x080012c4   Section        0  stm32f4xx_hal_flash_ex.o(i.HAL_FLASHEx_OBGetConfig)
    i.HAL_FLASH_Lock                         0x080012e8   Section        0  stm32f4xx_hal_flash.o(i.HAL_FLASH_Lock)
    i.HAL_FLASH_OB_Lock                      0x080012fc   Section        0  stm32f4xx_hal_flash.o(i.HAL_FLASH_OB_Lock)
    i.HAL_FLASH_OB_Unlock                    0x08001310   Section        0  stm32f4xx_hal_flash.o(i.HAL_FLASH_OB_Unlock)
    i.HAL_FLASH_Program                      0x0800133c   Section        0  stm32f4xx_hal_flash.o(i.HAL_FLASH_Program)
    i.HAL_FLASH_Unlock                       0x080013d4   Section        0  stm32f4xx_hal_flash.o(i.HAL_FLASH_Unlock)
    i.HAL_GPIO_Init                          0x08001408   Section        0  stm32f4xx_hal_gpio.o(i.HAL_GPIO_Init)
    i.HAL_GPIO_WritePin                      0x08001608   Section        0  stm32f4xx_hal_gpio.o(i.HAL_GPIO_WritePin)
    i.HAL_GetTick                            0x08001614   Section        0  stm32f4xx_hal.o(i.HAL_GetTick)
    i.HAL_HCD_Connect_Callback               0x08001620   Section        0  stm32f4xx_hal_hcd.o(i.HAL_HCD_Connect_Callback)
    i.HAL_HCD_Disconnect_Callback            0x08001622   Section        0  stm32f4xx_hal_hcd.o(i.HAL_HCD_Disconnect_Callback)
    i.HAL_HCD_HC_NotifyURBChange_Callback    0x08001624   Section        0  stm32f4xx_hal_hcd.o(i.HAL_HCD_HC_NotifyURBChange_Callback)
    i.HAL_HCD_IRQHandler                     0x08001626   Section        0  stm32f4xx_hal_hcd.o(i.HAL_HCD_IRQHandler)
    i.HAL_HCD_Init                           0x08001792   Section        0  stm32f4xx_hal_hcd.o(i.HAL_HCD_Init)
    i.HAL_HCD_MspInit                        0x08001808   Section        0  stm32f4xx_hal_msp.o(i.HAL_HCD_MspInit)
    i.HAL_HCD_PortDisabled_Callback          0x080018c0   Section        0  stm32f4xx_hal_hcd.o(i.HAL_HCD_PortDisabled_Callback)
    i.HAL_HCD_PortEnabled_Callback           0x080018c2   Section        0  stm32f4xx_hal_hcd.o(i.HAL_HCD_PortEnabled_Callback)
    i.HAL_HCD_SOF_Callback                   0x080018c4   Section        0  stm32f4xx_hal_hcd.o(i.HAL_HCD_SOF_Callback)
    i.HAL_I2C_Init                           0x080018c8   Section        0  stm32f4xx_hal_i2c.o(i.HAL_I2C_Init)
    i.HAL_I2C_MspInit                        0x08001a80   Section        0  stm32f4xx_hal_msp.o(i.HAL_I2C_MspInit)
    i.HAL_IncTick                            0x08001b08   Section        0  stm32f4xx_hal.o(i.HAL_IncTick)
    i.HAL_Init                               0x08001b20   Section        0  stm32f4xx_hal.o(i.HAL_Init)
    i.HAL_InitTick                           0x08001b5c   Section        0  stm32f4xx_hal.o(i.HAL_InitTick)
    i.HAL_MspInit                            0x08001ba8   Section        0  stm32f4xx_hal_msp.o(i.HAL_MspInit)
    i.HAL_NVIC_EnableIRQ                     0x08001bf0   Section        0  stm32f4xx_hal_cortex.o(i.HAL_NVIC_EnableIRQ)
    i.HAL_NVIC_SetPriority                   0x08001c10   Section        0  stm32f4xx_hal_cortex.o(i.HAL_NVIC_SetPriority)
    i.HAL_NVIC_SetPriorityGrouping           0x08001c8c   Section        0  stm32f4xx_hal_cortex.o(i.HAL_NVIC_SetPriorityGrouping)
    i.HAL_RCC_ClockConfig                    0x08001cb4   Section        0  stm32f4xx_hal_rcc.o(i.HAL_RCC_ClockConfig)
    i.HAL_RCC_GetHCLKFreq                    0x08001e34   Section        0  stm32f4xx_hal_rcc.o(i.HAL_RCC_GetHCLKFreq)
    i.HAL_RCC_GetPCLK1Freq                   0x08001e40   Section        0  stm32f4xx_hal_rcc.o(i.HAL_RCC_GetPCLK1Freq)
    i.HAL_RCC_GetPCLK2Freq                   0x08001e60   Section        0  stm32f4xx_hal_rcc.o(i.HAL_RCC_GetPCLK2Freq)
    i.HAL_RCC_GetSysClockFreq                0x08001e80   Section        0  stm32f4xx_hal_rcc.o(i.HAL_RCC_GetSysClockFreq)
    i.HAL_RCC_OscConfig                      0x08001f30   Section        0  stm32f4xx_hal_rcc.o(i.HAL_RCC_OscConfig)
    i.HAL_SPI_Init                           0x08002378   Section        0  stm32f4xx_hal_spi.o(i.HAL_SPI_Init)
    i.HAL_SPI_MspInit                        0x08002404   Section        0  stm32f4xx_hal_msp.o(i.HAL_SPI_MspInit)
    i.HAL_SYSTICK_Config                     0x08002488   Section        0  stm32f4xx_hal_cortex.o(i.HAL_SYSTICK_Config)
    i.HAL_UART_Init                          0x080024bc   Section        0  stm32f4xx_hal_uart.o(i.HAL_UART_Init)
    i.HAL_UART_MspInit                       0x08002530   Section        0  stm32f4xx_hal_msp.o(i.HAL_UART_MspInit)
    i.HAL_UART_Receive                       0x0800262c   Section        0  stm32f4xx_hal_uart.o(i.HAL_UART_Receive)
    i.HAL_UART_Transmit                      0x0800270a   Section        0  stm32f4xx_hal_uart.o(i.HAL_UART_Transmit)
    i.HCD_HC_IN_IRQHandler                   0x080027e0   Section        0  stm32f4xx_hal_hcd.o(i.HCD_HC_IN_IRQHandler)
    HCD_HC_IN_IRQHandler                     0x080027e1   Thumb Code  1392  stm32f4xx_hal_hcd.o(i.HCD_HC_IN_IRQHandler)
    i.HCD_HC_OUT_IRQHandler                  0x08002d50   Section        0  stm32f4xx_hal_hcd.o(i.HCD_HC_OUT_IRQHandler)
    HCD_HC_OUT_IRQHandler                    0x08002d51   Thumb Code  1354  stm32f4xx_hal_hcd.o(i.HCD_HC_OUT_IRQHandler)
    i.HCD_Port_IRQHandler                    0x0800329a   Section        0  stm32f4xx_hal_hcd.o(i.HCD_Port_IRQHandler)
    HCD_Port_IRQHandler                      0x0800329b   Thumb Code   224  stm32f4xx_hal_hcd.o(i.HCD_Port_IRQHandler)
    i.HCD_RXQLVL_IRQHandler                  0x0800337c   Section        0  stm32f4xx_hal_hcd.o(i.HCD_RXQLVL_IRQHandler)
    HCD_RXQLVL_IRQHandler                    0x0800337d   Thumb Code   258  stm32f4xx_hal_hcd.o(i.HCD_RXQLVL_IRQHandler)
    i.HardFault_Handler                      0x08003484   Section        0  stm32f4xx_it.o(i.HardFault_Handler)
    i.MX_CRC_Init                            0x08003488   Section        0  main.o(i.MX_CRC_Init)
    MX_CRC_Init                              0x08003489   Thumb Code    22  main.o(i.MX_CRC_Init)
    i.MX_GPIO_Init                           0x080034a8   Section        0  main.o(i.MX_GPIO_Init)
    MX_GPIO_Init                             0x080034a9   Thumb Code   480  main.o(i.MX_GPIO_Init)
    i.MX_I2C1_Init                           0x080036a4   Section        0  main.o(i.MX_I2C1_Init)
    MX_I2C1_Init                             0x080036a5   Thumb Code    48  main.o(i.MX_I2C1_Init)
    i.MX_SPI1_Init                           0x080036e0   Section        0  main.o(i.MX_SPI1_Init)
    MX_SPI1_Init                             0x080036e1   Thumb Code    58  main.o(i.MX_SPI1_Init)
    i.MX_USART2_UART_Init                    0x08003724   Section        0  main.o(i.MX_USART2_UART_Init)
    MX_USART2_UART_Init                      0x08003725   Thumb Code    46  main.o(i.MX_USART2_UART_Init)
    i.MX_USART3_UART_Init                    0x0800375c   Section        0  main.o(i.MX_USART3_UART_Init)
    MX_USART3_UART_Init                      0x0800375d   Thumb Code    46  main.o(i.MX_USART3_UART_Init)
    i.MX_USB_OTG_FS_HCD_Init                 0x08003794   Section        0  main.o(i.MX_USB_OTG_FS_HCD_Init)
    MX_USB_OTG_FS_HCD_Init                   0x08003795   Thumb Code    44  main.o(i.MX_USB_OTG_FS_HCD_Init)
    i.MemManage_Handler                      0x080037c4   Section        0  stm32f4xx_it.o(i.MemManage_Handler)
    i.NMI_Handler                            0x080037c8   Section        0  stm32f4xx_it.o(i.NMI_Handler)
    i.OTG_FS_IRQHandler                      0x080037cc   Section        0  stm32f4xx_it.o(i.OTG_FS_IRQHandler)
    i.PendSV_Handler                         0x080037dc   Section        0  stm32f4xx_it.o(i.PendSV_Handler)
    i.SVC_Handler                            0x080037de   Section        0  stm32f4xx_it.o(i.SVC_Handler)
    i.SysTick_Handler                        0x080037e0   Section        0  stm32f4xx_it.o(i.SysTick_Handler)
    i.SystemClock_Config                     0x080037e8   Section        0  main.o(i.SystemClock_Config)
    i.SystemInit                             0x0800389c   Section        0  system_stm32f4xx.o(i.SystemInit)
    i.UART_SetConfig                         0x08003900   Section        0  stm32f4xx_hal_uart.o(i.UART_SetConfig)
    UART_SetConfig                           0x08003901   Thumb Code   864  stm32f4xx_hal_uart.o(i.UART_SetConfig)
    i.UART_WaitOnFlagUntilTimeout            0x08003c68   Section        0  stm32f4xx_hal_uart.o(i.UART_WaitOnFlagUntilTimeout)
    UART_WaitOnFlagUntilTimeout              0x08003c69   Thumb Code   108  stm32f4xx_hal_uart.o(i.UART_WaitOnFlagUntilTimeout)
    i.USB_CoreInit                           0x08003cd4   Section        0  stm32f4xx_ll_usb.o(i.USB_CoreInit)
    i.USB_CoreReset                          0x08003d58   Section        0  stm32f4xx_ll_usb.o(i.USB_CoreReset)
    USB_CoreReset                            0x08003d59   Thumb Code    70  stm32f4xx_ll_usb.o(i.USB_CoreReset)
    i.USB_DisableGlobalInt                   0x08003da4   Section        0  stm32f4xx_ll_usb.o(i.USB_DisableGlobalInt)
    i.USB_DriveVbus                          0x08003db2   Section        0  stm32f4xx_ll_usb.o(i.USB_DriveVbus)
    i.USB_FlushRxFifo                        0x08003dfc   Section        0  stm32f4xx_ll_usb.o(i.USB_FlushRxFifo)
    i.USB_FlushTxFifo                        0x08003e28   Section        0  stm32f4xx_ll_usb.o(i.USB_FlushTxFifo)
    i.USB_GetMode                            0x08003e58   Section        0  stm32f4xx_ll_usb.o(i.USB_GetMode)
    i.USB_HC_Halt                            0x08003e62   Section        0  stm32f4xx_ll_usb.o(i.USB_HC_Halt)
    i.USB_HC_ReadInterrupt                   0x08003fd8   Section        0  stm32f4xx_ll_usb.o(i.USB_HC_ReadInterrupt)
    i.USB_HostInit                           0x08003fe8   Section        0  stm32f4xx_ll_usb.o(i.USB_HostInit)
    i.USB_InitFSLSPClkSel                    0x080040e8   Section        0  stm32f4xx_ll_usb.o(i.USB_InitFSLSPClkSel)
    i.USB_ReadInterrupts                     0x0800412c   Section        0  stm32f4xx_ll_usb.o(i.USB_ReadInterrupts)
    i.USB_ReadPacket                         0x08004136   Section        0  stm32f4xx_ll_usb.o(i.USB_ReadPacket)
    i.USB_SetCurrentMode                     0x08004158   Section        0  stm32f4xx_ll_usb.o(i.USB_SetCurrentMode)
    i.UsageFault_Handler                     0x0800418e   Section        0  stm32f4xx_it.o(i.UsageFault_Handler)
    i.__0vsprintf                            0x08004194   Section        0  printfa.o(i.__0vsprintf)
    i.__NVIC_GetPriorityGrouping             0x080041b8   Section        0  stm32f4xx_hal_cortex.o(i.__NVIC_GetPriorityGrouping)
    __NVIC_GetPriorityGrouping               0x080041b9   Thumb Code    10  stm32f4xx_hal_cortex.o(i.__NVIC_GetPriorityGrouping)
    i.__NVIC_SetPriority                     0x080041c8   Section        0  stm32f4xx_hal_cortex.o(i.__NVIC_SetPriority)
    __NVIC_SetPriority                       0x080041c9   Thumb Code    32  stm32f4xx_hal_cortex.o(i.__NVIC_SetPriority)
    i.__scatterload_copy                     0x080041f0   Section       14  handlers.o(i.__scatterload_copy)
    i.__scatterload_null                     0x080041fe   Section        2  handlers.o(i.__scatterload_null)
    i.__scatterload_zeroinit                 0x08004200   Section       14  handlers.o(i.__scatterload_zeroinit)
    i._fp_digits                             0x08004210   Section        0  printfa.o(i._fp_digits)
    _fp_digits                               0x08004211   Thumb Code   366  printfa.o(i._fp_digits)
    i._printf_core                           0x08004394   Section        0  printfa.o(i._printf_core)
    _printf_core                             0x08004395   Thumb Code  1744  printfa.o(i._printf_core)
    i._printf_post_padding                   0x08004a70   Section        0  printfa.o(i._printf_post_padding)
    _printf_post_padding                     0x08004a71   Thumb Code    36  printfa.o(i._printf_post_padding)
    i._printf_pre_padding                    0x08004a94   Section        0  printfa.o(i._printf_pre_padding)
    _printf_pre_padding                      0x08004a95   Thumb Code    46  printfa.o(i._printf_pre_padding)
    i._sputc                                 0x08004ac2   Section        0  printfa.o(i._sputc)
    _sputc                                   0x08004ac3   Thumb Code    10  printfa.o(i._sputc)
    i.main                                   0x08004acc   Section        0  main.o(i.main)
    .constdata                               0x08004b44   Section       24  system_stm32f4xx.o(.constdata)
    .data                                    0x20000000   Section       16  main.o(.data)
    .data                                    0x20000010   Section        9  stm32f4xx_hal.o(.data)
    .data                                    0x2000001c   Section        4  system_stm32f4xx.o(.data)
    .bss                                     0x20000020   Section     1208  main.o(.bss)
    .bss                                     0x200004d8   Section       32  stm32f4xx_hal_flash.o(.bss)
    STACK                                    0x200004f8   Section     1024  startup_stm32f407xx.o(STACK)

    Global Symbols

    Symbol Name                              Value     Ov Type        Size  Object(Section)

    BuildAttributes$$THM_ISAv4$E$P$D$K$B$S$7EM$VFPi3$EXTD16$VFPS$VFMA$PE$A:L22UL41UL21$X:L11$S22US41US21$IEEE1$IW$USESV6$~STKCKD$USESV7$~SHL$OSPACE$ROPI$EBA8$MICROLIB$REQ8$PRES8$EABIv2 0x00000000   Number         0  anon$$obj.o ABSOLUTE
    __ARM_use_no_argv                        0x00000000   Number         0  main.o ABSOLUTE
    __cpp_initialize__aeabi_                  - Undefined Weak Reference
    __cxa_finalize                            - Undefined Weak Reference
    __decompress                              - Undefined Weak Reference
    _clock_init                               - Undefined Weak Reference
    _microlib_exit                            - Undefined Weak Reference
    __Vectors_Size                           0x00000188   Number         0  startup_stm32f407xx.o ABSOLUTE
    __Vectors                                0x08000000   Data           4  startup_stm32f407xx.o(RESET)
    __Vectors_End                            0x08000188   Data           0  startup_stm32f407xx.o(RESET)
    __main                                   0x08000189   Thumb Code     0  entry.o(.ARM.Collect$$$$00000000)
    _main_stk                                0x08000189   Thumb Code     0  entry2.o(.ARM.Collect$$$$00000001)
    _main_scatterload                        0x0800018d   Thumb Code     0  entry5.o(.ARM.Collect$$$$00000004)
    __main_after_scatterload                 0x08000191   Thumb Code     0  entry5.o(.ARM.Collect$$$$00000004)
    _main_clock                              0x08000191   Thumb Code     0  entry7b.o(.ARM.Collect$$$$00000008)
    _main_cpp_init                           0x08000191   Thumb Code     0  entry8b.o(.ARM.Collect$$$$0000000A)
    _main_init                               0x08000191   Thumb Code     0  entry9a.o(.ARM.Collect$$$$0000000B)
    __rt_final_cpp                           0x08000199   Thumb Code     0  entry10a.o(.ARM.Collect$$$$0000000D)
    __rt_final_exit                          0x08000199   Thumb Code     0  entry11a.o(.ARM.Collect$$$$0000000F)
    Reset_Handler                            0x0800019d   Thumb Code     8  startup_stm32f407xx.o(.text)
    ADC_IRQHandler                           0x080001b7   Thumb Code     0  startup_stm32f407xx.o(.text)
    CAN1_RX0_IRQHandler                      0x080001b7   Thumb Code     0  startup_stm32f407xx.o(.text)
    CAN1_RX1_IRQHandler                      0x080001b7   Thumb Code     0  startup_stm32f407xx.o(.text)
    CAN1_SCE_IRQHandler                      0x080001b7   Thumb Code     0  startup_stm32f407xx.o(.text)
    CAN1_TX_IRQHandler                       0x080001b7   Thumb Code     0  startup_stm32f407xx.o(.text)
    CAN2_RX0_IRQHandler                      0x080001b7   Thumb Code     0  startup_stm32f407xx.o(.text)
    CAN2_RX1_IRQHandler                      0x080001b7   Thumb Code     0  startup_stm32f407xx.o(.text)
    CAN2_SCE_IRQHandler                      0x080001b7   Thumb Code     0  startup_stm32f407xx.o(.text)
    CAN2_TX_IRQHandler                       0x080001b7   Thumb Code     0  startup_stm32f407xx.o(.text)
    DCMI_IRQHandler                          0x080001b7   Thumb Code     0  startup_stm32f407xx.o(.text)
    DMA1_Stream0_IRQHandler                  0x080001b7   Thumb Code     0  startup_stm32f407xx.o(.text)
    DMA1_Stream1_IRQHandler                  0x080001b7   Thumb Code     0  startup_stm32f407xx.o(.text)
    DMA1_Stream2_IRQHandler                  0x080001b7   Thumb Code     0  startup_stm32f407xx.o(.text)
    DMA1_Stream3_IRQHandler                  0x080001b7   Thumb Code     0  startup_stm32f407xx.o(.text)
    DMA1_Stream4_IRQHandler                  0x080001b7   Thumb Code     0  startup_stm32f407xx.o(.text)
    DMA1_Stream5_IRQHandler                  0x080001b7   Thumb Code     0  startup_stm32f407xx.o(.text)
    DMA1_Stream6_IRQHandler                  0x080001b7   Thumb Code     0  startup_stm32f407xx.o(.text)
    DMA1_Stream7_IRQHandler                  0x080001b7   Thumb Code     0  startup_stm32f407xx.o(.text)
    DMA2_Stream0_IRQHandler                  0x080001b7   Thumb Code     0  startup_stm32f407xx.o(.text)
    DMA2_Stream1_IRQHandler                  0x080001b7   Thumb Code     0  startup_stm32f407xx.o(.text)
    DMA2_Stream2_IRQHandler                  0x080001b7   Thumb Code     0  startup_stm32f407xx.o(.text)
    DMA2_Stream3_IRQHandler                  0x080001b7   Thumb Code     0  startup_stm32f407xx.o(.text)
    DMA2_Stream4_IRQHandler                  0x080001b7   Thumb Code     0  startup_stm32f407xx.o(.text)
    DMA2_Stream5_IRQHandler                  0x080001b7   Thumb Code     0  startup_stm32f407xx.o(.text)
    DMA2_Stream6_IRQHandler                  0x080001b7   Thumb Code     0  startup_stm32f407xx.o(.text)
    DMA2_Stream7_IRQHandler                  0x080001b7   Thumb Code     0  startup_stm32f407xx.o(.text)
    ETH_IRQHandler                           0x080001b7   Thumb Code     0  startup_stm32f407xx.o(.text)
    ETH_WKUP_IRQHandler                      0x080001b7   Thumb Code     0  startup_stm32f407xx.o(.text)
    EXTI0_IRQHandler                         0x080001b7   Thumb Code     0  startup_stm32f407xx.o(.text)
    EXTI15_10_IRQHandler                     0x080001b7   Thumb Code     0  startup_stm32f407xx.o(.text)
    EXTI1_IRQHandler                         0x080001b7   Thumb Code     0  startup_stm32f407xx.o(.text)
    EXTI2_IRQHandler                         0x080001b7   Thumb Code     0  startup_stm32f407xx.o(.text)
    EXTI3_IRQHandler                         0x080001b7   Thumb Code     0  startup_stm32f407xx.o(.text)
    EXTI4_IRQHandler                         0x080001b7   Thumb Code     0  startup_stm32f407xx.o(.text)
    EXTI9_5_IRQHandler                       0x080001b7   Thumb Code     0  startup_stm32f407xx.o(.text)
    FLASH_IRQHandler                         0x080001b7   Thumb Code     0  startup_stm32f407xx.o(.text)
    FMC_IRQHandler                           0x080001b7   Thumb Code     0  startup_stm32f407xx.o(.text)
    FPU_IRQHandler                           0x080001b7   Thumb Code     0  startup_stm32f407xx.o(.text)
    HASH_RNG_IRQHandler                      0x080001b7   Thumb Code     0  startup_stm32f407xx.o(.text)
    I2C1_ER_IRQHandler                       0x080001b7   Thumb Code     0  startup_stm32f407xx.o(.text)
    I2C1_EV_IRQHandler                       0x080001b7   Thumb Code     0  startup_stm32f407xx.o(.text)
    I2C2_ER_IRQHandler                       0x080001b7   Thumb Code     0  startup_stm32f407xx.o(.text)
    I2C2_EV_IRQHandler                       0x080001b7   Thumb Code     0  startup_stm32f407xx.o(.text)
    I2C3_ER_IRQHandler                       0x080001b7   Thumb Code     0  startup_stm32f407xx.o(.text)
    I2C3_EV_IRQHandler                       0x080001b7   Thumb Code     0  startup_stm32f407xx.o(.text)
    OTG_FS_WKUP_IRQHandler                   0x080001b7   Thumb Code     0  startup_stm32f407xx.o(.text)
    OTG_HS_EP1_IN_IRQHandler                 0x080001b7   Thumb Code     0  startup_stm32f407xx.o(.text)
    OTG_HS_EP1_OUT_IRQHandler                0x080001b7   Thumb Code     0  startup_stm32f407xx.o(.text)
    OTG_HS_IRQHandler                        0x080001b7   Thumb Code     0  startup_stm32f407xx.o(.text)
    OTG_HS_WKUP_IRQHandler                   0x080001b7   Thumb Code     0  startup_stm32f407xx.o(.text)
    PVD_IRQHandler                           0x080001b7   Thumb Code     0  startup_stm32f407xx.o(.text)
    RCC_IRQHandler                           0x080001b7   Thumb Code     0  startup_stm32f407xx.o(.text)
    RTC_Alarm_IRQHandler                     0x080001b7   Thumb Code     0  startup_stm32f407xx.o(.text)
    RTC_WKUP_IRQHandler                      0x080001b7   Thumb Code     0  startup_stm32f407xx.o(.text)
    SDIO_IRQHandler                          0x080001b7   Thumb Code     0  startup_stm32f407xx.o(.text)
    SPI1_IRQHandler                          0x080001b7   Thumb Code     0  startup_stm32f407xx.o(.text)
    SPI2_IRQHandler                          0x080001b7   Thumb Code     0  startup_stm32f407xx.o(.text)
    SPI3_IRQHandler                          0x080001b7   Thumb Code     0  startup_stm32f407xx.o(.text)
    TAMP_STAMP_IRQHandler                    0x080001b7   Thumb Code     0  startup_stm32f407xx.o(.text)
    TIM1_BRK_TIM9_IRQHandler                 0x080001b7   Thumb Code     0  startup_stm32f407xx.o(.text)
    TIM1_CC_IRQHandler                       0x080001b7   Thumb Code     0  startup_stm32f407xx.o(.text)
    TIM1_TRG_COM_TIM11_IRQHandler            0x080001b7   Thumb Code     0  startup_stm32f407xx.o(.text)
    TIM1_UP_TIM10_IRQHandler                 0x080001b7   Thumb Code     0  startup_stm32f407xx.o(.text)
    TIM2_IRQHandler                          0x080001b7   Thumb Code     0  startup_stm32f407xx.o(.text)
    TIM3_IRQHandler                          0x080001b7   Thumb Code     0  startup_stm32f407xx.o(.text)
    TIM4_IRQHandler                          0x080001b7   Thumb Code     0  startup_stm32f407xx.o(.text)
    TIM5_IRQHandler                          0x080001b7   Thumb Code     0  startup_stm32f407xx.o(.text)
    TIM6_DAC_IRQHandler                      0x080001b7   Thumb Code     0  startup_stm32f407xx.o(.text)
    TIM7_IRQHandler                          0x080001b7   Thumb Code     0  startup_stm32f407xx.o(.text)
    TIM8_BRK_TIM12_IRQHandler                0x080001b7   Thumb Code     0  startup_stm32f407xx.o(.text)
    TIM8_CC_IRQHandler                       0x080001b7   Thumb Code     0  startup_stm32f407xx.o(.text)
    TIM8_TRG_COM_TIM14_IRQHandler            0x080001b7   Thumb Code     0  startup_stm32f407xx.o(.text)
    TIM8_UP_TIM13_IRQHandler                 0x080001b7   Thumb Code     0  startup_stm32f407xx.o(.text)
    UART4_IRQHandler                         0x080001b7   Thumb Code     0  startup_stm32f407xx.o(.text)
    UART5_IRQHandler                         0x080001b7   Thumb Code     0  startup_stm32f407xx.o(.text)
    USART1_IRQHandler                        0x080001b7   Thumb Code     0  startup_stm32f407xx.o(.text)
    USART2_IRQHandler                        0x080001b7   Thumb Code     0  startup_stm32f407xx.o(.text)
    USART3_IRQHandler                        0x080001b7   Thumb Code     0  startup_stm32f407xx.o(.text)
    USART6_IRQHandler                        0x080001b7   Thumb Code     0  startup_stm32f407xx.o(.text)
    WWDG_IRQHandler                          0x080001b7   Thumb Code     0  startup_stm32f407xx.o(.text)
    __aeabi_uldivmod                         0x080001c1   Thumb Code    98  uldiv.o(.text)
    __aeabi_memcpy                           0x08000223   Thumb Code    36  memcpya.o(.text)
    __aeabi_memcpy4                          0x08000223   Thumb Code     0  memcpya.o(.text)
    __aeabi_memcpy8                          0x08000223   Thumb Code     0  memcpya.o(.text)
    __aeabi_memset                           0x08000247   Thumb Code    14  memseta.o(.text)
    __aeabi_memset4                          0x08000247   Thumb Code     0  memseta.o(.text)
    __aeabi_memset8                          0x08000247   Thumb Code     0  memseta.o(.text)
    __aeabi_memclr                           0x08000255   Thumb Code     4  memseta.o(.text)
    __aeabi_memclr4                          0x08000255   Thumb Code     0  memseta.o(.text)
    __aeabi_memclr8                          0x08000255   Thumb Code     0  memseta.o(.text)
    _memset$wrapper                          0x08000259   Thumb Code    18  memseta.o(.text)
    strlen                                   0x0800026b   Thumb Code    14  strlen.o(.text)
    __aeabi_uidiv                            0x08000279   Thumb Code     0  uidiv.o(.text)
    __aeabi_uidivmod                         0x08000279   Thumb Code    44  uidiv.o(.text)
    __aeabi_llsl                             0x080002a5   Thumb Code    30  llshl.o(.text)
    _ll_shift_l                              0x080002a5   Thumb Code     0  llshl.o(.text)
    __aeabi_llsr                             0x080002c3   Thumb Code    32  llushr.o(.text)
    _ll_ushift_r                             0x080002c3   Thumb Code     0  llushr.o(.text)
    __I$use$fp                               0x080002e3   Thumb Code     0  iusefp.o(.text)
    __aeabi_dadd                             0x080002e3   Thumb Code   322  dadd.o(.text)
    __aeabi_dsub                             0x08000425   Thumb Code     6  dadd.o(.text)
    __aeabi_drsub                            0x0800042b   Thumb Code     6  dadd.o(.text)
    __aeabi_dmul                             0x08000431   Thumb Code   228  dmul.o(.text)
    __aeabi_ddiv                             0x08000515   Thumb Code   222  ddiv.o(.text)
    __aeabi_d2ulz                            0x080005f3   Thumb Code    48  dfixul.o(.text)
    __aeabi_cdrcmple                         0x08000625   Thumb Code    48  cdrcmple.o(.text)
    __scatterload                            0x08000655   Thumb Code    28  init.o(.text)
    __scatterload_rt2                        0x08000655   Thumb Code     0  init.o(.text)
    __aeabi_lasr                             0x08000679   Thumb Code    36  llsshr.o(.text)
    _ll_sshift_r                             0x08000679   Thumb Code     0  llsshr.o(.text)
    _double_round                            0x0800069d   Thumb Code    30  depilogue.o(.text)
    _double_epilogue                         0x080006bb   Thumb Code   156  depilogue.o(.text)
    BusFault_Handler                         0x08000757   Thumb Code     4  stm32f4xx_it.o(i.BusFault_Handler)
    DebugMon_Handler                         0x0800075b   Thumb Code     2  stm32f4xx_it.o(i.DebugMon_Handler)
    Error_Handler                            0x0800075d   Thumb Code     2  main.o(i.Error_Handler)
    FBL_Get_Mcu_ID                           0x08000761   Thumb Code    10  main.o(i.FBL_Get_Mcu_ID)
    FBL_Get_RDP                              0x08000771   Thumb Code    10  main.o(i.FBL_Get_RDP)
    FBL_Modify_RW_Protection                 0x08000781   Thumb Code   242  main.o(i.FBL_Modify_RW_Protection)
    FBL_Verify_Address                       0x0800087d   Thumb Code    58  main.o(i.FBL_Verify_Address)
    FBL_ucExecute_MemoryWrite                0x080008c9   Thumb Code    56  main.o(i.FBL_ucExecute_MemoryWrite)
    FBL_ucGetBootloaderVersion               0x08000901   Thumb Code     4  main.o(i.FBL_ucGetBootloaderVersion)
    FBL_ucVerifyCRC                          0x08000905   Thumb Code    66  main.o(i.FBL_ucVerifyCRC)
    FBL_vDisable_RW_Protect_Cmd              0x0800094d   Thumb Code    62  main.o(i.FBL_vDisable_RW_Protect_Cmd)
    FBL_vEnable_RW_Protect_Cmd               0x0800098b   Thumb Code    62  main.o(i.FBL_vEnable_RW_Protect_Cmd)
    FBL_vFlashErase_Cmd                      0x080009c9   Thumb Code   160  main.o(i.FBL_vFlashErase_Cmd)
    FBL_vGetCID_Cmd                          0x08000a69   Thumb Code    60  main.o(i.FBL_vGetCID_Cmd)
    FBL_vGetHelp_Cmd                         0x08000aa5   Thumb Code    50  main.o(i.FBL_vGetHelp_Cmd)
    FBL_vGetRDP_Cmd                          0x08000add   Thumb Code    60  main.o(i.FBL_vGetRDP_Cmd)
    FBL_vGetVersion_Cmd                      0x08000b19   Thumb Code    56  main.o(i.FBL_vGetVersion_Cmd)
    FBL_vGoToAddress_Cmd                     0x08000b51   Thumb Code    96  main.o(i.FBL_vGoToAddress_Cmd)
    FBL_vMemoryWrite_Cmd                     0x08000bb1   Thumb Code    90  main.o(i.FBL_vMemoryWrite_Cmd)
    FBL_vRead_MemoryCmd                      0x08000c49   Thumb Code     2  main.o(i.FBL_vRead_MemoryCmd)
    FBL_vRead_OTP_Cmd                        0x08000c4d   Thumb Code   168  main.o(i.FBL_vRead_OTP_Cmd)
    FBL_vRead_Sector_ProtectionStatus_Cmd    0x08000cfd   Thumb Code    74  main.o(i.FBL_vRead_Sector_ProtectionStatus_Cmd)
    FBL_vRw_ProtectionStatus                 0x08000d4d   Thumb Code    26  main.o(i.FBL_vRw_ProtectionStatus)
    FBL_vSendAck                             0x08000d69   Thumb Code    30  main.o(i.FBL_vSendAck)
    FBL_vSendNack                            0x08000d8d   Thumb Code    22  main.o(i.FBL_vSendNack)
    FBL_vUartReadData                        0x08000da9   Thumb Code   218  main.o(i.FBL_vUartReadData)
    FBL_vUartWriteData                       0x08000e8d   Thumb Code    22  main.o(i.FBL_vUartWriteData)
    FLASH_Erase_Sector                       0x08000ea9   Thumb Code    86  stm32f4xx_hal_flash_ex.o(i.FLASH_Erase_Sector)
    FLASH_FlushCaches                        0x08000f05   Thumb Code   114  stm32f4xx_hal_flash_ex.o(i.FLASH_FlushCaches)
    FLASH_WaitForLastOperation               0x08001135   Thumb Code    90  stm32f4xx_hal_flash.o(i.FLASH_WaitForLastOperation)
    HAL_CRC_Init                             0x08001199   Thumb Code    36  stm32f4xx_hal_crc.o(i.HAL_CRC_Init)
    HAL_CRC_MspInit                          0x080011bd   Thumb Code    44  stm32f4xx_hal_msp.o(i.HAL_CRC_MspInit)
    HAL_Delay                                0x080011f1   Thumb Code    36  stm32f4xx_hal.o(i.HAL_Delay)
    HAL_FLASHEx_Erase                        0x08001219   Thumb Code   164  stm32f4xx_hal_flash_ex.o(i.HAL_FLASHEx_Erase)
    HAL_FLASHEx_OBGetConfig                  0x080012c5   Thumb Code    34  stm32f4xx_hal_flash_ex.o(i.HAL_FLASHEx_OBGetConfig)
    HAL_FLASH_Lock                           0x080012e9   Thumb Code    16  stm32f4xx_hal_flash.o(i.HAL_FLASH_Lock)
    HAL_FLASH_OB_Lock                        0x080012fd   Thumb Code    16  stm32f4xx_hal_flash.o(i.HAL_FLASH_OB_Lock)
    HAL_FLASH_OB_Unlock                      0x08001311   Thumb Code    32  stm32f4xx_hal_flash.o(i.HAL_FLASH_OB_Unlock)
    HAL_FLASH_Program                        0x0800133d   Thumb Code   142  stm32f4xx_hal_flash.o(i.HAL_FLASH_Program)
    HAL_FLASH_Unlock                         0x080013d5   Thumb Code    38  stm32f4xx_hal_flash.o(i.HAL_FLASH_Unlock)
    HAL_GPIO_Init                            0x08001409   Thumb Code   466  stm32f4xx_hal_gpio.o(i.HAL_GPIO_Init)
    HAL_GPIO_WritePin                        0x08001609   Thumb Code    12  stm32f4xx_hal_gpio.o(i.HAL_GPIO_WritePin)
    HAL_GetTick                              0x08001615   Thumb Code     6  stm32f4xx_hal.o(i.HAL_GetTick)
    HAL_HCD_Connect_Callback                 0x08001621   Thumb Code     2  stm32f4xx_hal_hcd.o(i.HAL_HCD_Connect_Callback)
    HAL_HCD_Disconnect_Callback              0x08001623   Thumb Code     2  stm32f4xx_hal_hcd.o(i.HAL_HCD_Disconnect_Callback)
    HAL_HCD_HC_NotifyURBChange_Callback      0x08001625   Thumb Code     2  stm32f4xx_hal_hcd.o(i.HAL_HCD_HC_NotifyURBChange_Callback)
    HAL_HCD_IRQHandler                       0x08001627   Thumb Code   364  stm32f4xx_hal_hcd.o(i.HAL_HCD_IRQHandler)
    HAL_HCD_Init                             0x08001793   Thumb Code   116  stm32f4xx_hal_hcd.o(i.HAL_HCD_Init)
    HAL_HCD_MspInit                          0x08001809   Thumb Code   176  stm32f4xx_hal_msp.o(i.HAL_HCD_MspInit)
    HAL_HCD_PortDisabled_Callback            0x080018c1   Thumb Code     2  stm32f4xx_hal_hcd.o(i.HAL_HCD_PortDisabled_Callback)
    HAL_HCD_PortEnabled_Callback             0x080018c3   Thumb Code     2  stm32f4xx_hal_hcd.o(i.HAL_HCD_PortEnabled_Callback)
    HAL_HCD_SOF_Callback                     0x080018c5   Thumb Code     2  stm32f4xx_hal_hcd.o(i.HAL_HCD_SOF_Callback)
    HAL_I2C_Init                             0x080018c9   Thumb Code   422  stm32f4xx_hal_i2c.o(i.HAL_I2C_Init)
    HAL_I2C_MspInit                          0x08001a81   Thumb Code   124  stm32f4xx_hal_msp.o(i.HAL_I2C_MspInit)
    HAL_IncTick                              0x08001b09   Thumb Code    16  stm32f4xx_hal.o(i.HAL_IncTick)
    HAL_Init                                 0x08001b21   Thumb Code    54  stm32f4xx_hal.o(i.HAL_Init)
    HAL_InitTick                             0x08001b5d   Thumb Code    64  stm32f4xx_hal.o(i.HAL_InitTick)
    HAL_MspInit                              0x08001ba9   Thumb Code    68  stm32f4xx_hal_msp.o(i.HAL_MspInit)
    HAL_NVIC_EnableIRQ                       0x08001bf1   Thumb Code    32  stm32f4xx_hal_cortex.o(i.HAL_NVIC_EnableIRQ)
    HAL_NVIC_SetPriority                     0x08001c11   Thumb Code   124  stm32f4xx_hal_cortex.o(i.HAL_NVIC_SetPriority)
    HAL_NVIC_SetPriorityGrouping             0x08001c8d   Thumb Code    32  stm32f4xx_hal_cortex.o(i.HAL_NVIC_SetPriorityGrouping)
    HAL_RCC_ClockConfig                      0x08001cb5   Thumb Code   366  stm32f4xx_hal_rcc.o(i.HAL_RCC_ClockConfig)
    HAL_RCC_GetHCLKFreq                      0x08001e35   Thumb Code     6  stm32f4xx_hal_rcc.o(i.HAL_RCC_GetHCLKFreq)
    HAL_RCC_GetPCLK1Freq                     0x08001e41   Thumb Code    22  stm32f4xx_hal_rcc.o(i.HAL_RCC_GetPCLK1Freq)
    HAL_RCC_GetPCLK2Freq                     0x08001e61   Thumb Code    22  stm32f4xx_hal_rcc.o(i.HAL_RCC_GetPCLK2Freq)
    HAL_RCC_GetSysClockFreq                  0x08001e81   Thumb Code   162  stm32f4xx_hal_rcc.o(i.HAL_RCC_GetSysClockFreq)
    HAL_RCC_OscConfig                        0x08001f31   Thumb Code  1086  stm32f4xx_hal_rcc.o(i.HAL_RCC_OscConfig)
    HAL_SPI_Init                             0x08002379   Thumb Code   140  stm32f4xx_hal_spi.o(i.HAL_SPI_Init)
    HAL_SPI_MspInit                          0x08002405   Thumb Code   120  stm32f4xx_hal_msp.o(i.HAL_SPI_MspInit)
    HAL_SYSTICK_Config                       0x08002489   Thumb Code    52  stm32f4xx_hal_cortex.o(i.HAL_SYSTICK_Config)
    HAL_UART_Init                            0x080024bd   Thumb Code   114  stm32f4xx_hal_uart.o(i.HAL_UART_Init)
    HAL_UART_MspInit                         0x08002531   Thumb Code   230  stm32f4xx_hal_msp.o(i.HAL_UART_MspInit)
    HAL_UART_Receive                         0x0800262d   Thumb Code   222  stm32f4xx_hal_uart.o(i.HAL_UART_Receive)
    HAL_UART_Transmit                        0x0800270b   Thumb Code   214  stm32f4xx_hal_uart.o(i.HAL_UART_Transmit)
    HardFault_Handler                        0x08003485   Thumb Code     4  stm32f4xx_it.o(i.HardFault_Handler)
    MemManage_Handler                        0x080037c5   Thumb Code     4  stm32f4xx_it.o(i.MemManage_Handler)
    NMI_Handler                              0x080037c9   Thumb Code     2  stm32f4xx_it.o(i.NMI_Handler)
    OTG_FS_IRQHandler                        0x080037cd   Thumb Code    10  stm32f4xx_it.o(i.OTG_FS_IRQHandler)
    PendSV_Handler                           0x080037dd   Thumb Code     2  stm32f4xx_it.o(i.PendSV_Handler)
    SVC_Handler                              0x080037df   Thumb Code     2  stm32f4xx_it.o(i.SVC_Handler)
    SysTick_Handler                          0x080037e1   Thumb Code     8  stm32f4xx_it.o(i.SysTick_Handler)
    SystemClock_Config                       0x080037e9   Thumb Code   172  main.o(i.SystemClock_Config)
    SystemInit                               0x0800389d   Thumb Code    82  system_stm32f4xx.o(i.SystemInit)
    USB_CoreInit                             0x08003cd5   Thumb Code   128  stm32f4xx_ll_usb.o(i.USB_CoreInit)
    USB_DisableGlobalInt                     0x08003da5   Thumb Code    14  stm32f4xx_ll_usb.o(i.USB_DisableGlobalInt)
    USB_DriveVbus                            0x08003db3   Thumb Code    74  stm32f4xx_ll_usb.o(i.USB_DriveVbus)
    USB_FlushRxFifo                          0x08003dfd   Thumb Code    38  stm32f4xx_ll_usb.o(i.USB_FlushRxFifo)
    USB_FlushTxFifo                          0x08003e29   Thumb Code    44  stm32f4xx_ll_usb.o(i.USB_FlushTxFifo)
    USB_GetMode                              0x08003e59   Thumb Code    10  stm32f4xx_ll_usb.o(i.USB_GetMode)
    USB_HC_Halt                              0x08003e63   Thumb Code   374  stm32f4xx_ll_usb.o(i.USB_HC_Halt)
    USB_HC_ReadInterrupt                     0x08003fd9   Thumb Code    14  stm32f4xx_ll_usb.o(i.USB_HC_ReadInterrupt)
    USB_HostInit                             0x08003fe9   Thumb Code   234  stm32f4xx_ll_usb.o(i.USB_HostInit)
    USB_InitFSLSPClkSel                      0x080040e9   Thumb Code    68  stm32f4xx_ll_usb.o(i.USB_InitFSLSPClkSel)
    USB_ReadInterrupts                       0x0800412d   Thumb Code    10  stm32f4xx_ll_usb.o(i.USB_ReadInterrupts)
    USB_ReadPacket                           0x08004137   Thumb Code    34  stm32f4xx_ll_usb.o(i.USB_ReadPacket)
    USB_SetCurrentMode                       0x08004159   Thumb Code    54  stm32f4xx_ll_usb.o(i.USB_SetCurrentMode)
    UsageFault_Handler                       0x0800418f   Thumb Code     4  stm32f4xx_it.o(i.UsageFault_Handler)
    __0vsprintf                              0x08004195   Thumb Code    30  printfa.o(i.__0vsprintf)
    __1vsprintf                              0x08004195   Thumb Code     0  printfa.o(i.__0vsprintf)
    __2vsprintf                              0x08004195   Thumb Code     0  printfa.o(i.__0vsprintf)
    __c89vsprintf                            0x08004195   Thumb Code     0  printfa.o(i.__0vsprintf)
    vsprintf                                 0x08004195   Thumb Code     0  printfa.o(i.__0vsprintf)
    __scatterload_copy                       0x080041f1   Thumb Code    14  handlers.o(i.__scatterload_copy)
    __scatterload_null                       0x080041ff   Thumb Code     2  handlers.o(i.__scatterload_null)
    __scatterload_zeroinit                   0x08004201   Thumb Code    14  handlers.o(i.__scatterload_zeroinit)
    main                                     0x08004acd   Thumb Code    82  main.o(i.main)
    AHBPrescTable                            0x08004b44   Data          16  system_stm32f4xx.o(.constdata)
    APBPrescTable                            0x08004b54   Data           8  system_stm32f4xx.o(.constdata)
    Region$$Table$$Base                      0x08004b5c   Number         0  anon$$obj.o(Region$$Table)
    Region$$Table$$Limit                     0x08004b7c   Number         0  anon$$obj.o(Region$$Table)
    hcrc                                     0x20000000   Data           8  main.o(.data)
    aucSupportedCommands                     0x20000008   Data           8  main.o(.data)
    uwTick                                   0x20000010   Data           4  stm32f4xx_hal.o(.data)
    uwTickPrio                               0x20000014   Data           4  stm32f4xx_hal.o(.data)
    uwTickFreq                               0x20000018   Data           1  stm32f4xx_hal.o(.data)
    SystemCoreClock                          0x2000001c   Data           4  system_stm32f4xx.o(.data)
    hi2c1                                    0x20000020   Data          84  main.o(.bss)
    hspi1                                    0x20000074   Data          88  main.o(.bss)
    huart2                                   0x200000cc   Data          64  main.o(.bss)
    huart3                                   0x2000010c   Data          64  main.o(.bss)
    hhcd_USB_OTG_FS                          0x2000014c   Data         708  main.o(.bss)
    auc8UartRxBuffer                         0x20000410   Data         200  main.o(.bss)
    pFlash                                   0x200004d8   Data          32  stm32f4xx_hal_flash.o(.bss)
    __initial_sp                             0x200008f8   Data           0  startup_stm32f407xx.o(STACK)



==============================================================================

Memory Map of the image

  Image Entry point : 0x08000189

  Load Region LR_IROM1 (Base: 0x08000000, Size: 0x00004b9c, Max: 0x00100000, ABSOLUTE)

    Execution Region ER_IROM1 (Exec base: 0x08000000, Load base: 0x08000000, Size: 0x00004b7c, Max: 0x00100000, ABSOLUTE)

    Exec Addr    Load Addr    Size         Type   Attr      Idx    E Section Name        Object

    0x08000000   0x08000000   0x00000188   Data   RO            3    RESET               startup_stm32f407xx.o
    0x08000188   0x08000188   0x00000000   Code   RO         3450  * .ARM.Collect$$$$00000000  mc_w.l(entry.o)
    0x08000188   0x08000188   0x00000004   Code   RO         3491    .ARM.Collect$$$$00000001  mc_w.l(entry2.o)
    0x0800018c   0x0800018c   0x00000004   Code   RO         3494    .ARM.Collect$$$$00000004  mc_w.l(entry5.o)
    0x08000190   0x08000190   0x00000000   Code   RO         3496    .ARM.Collect$$$$00000008  mc_w.l(entry7b.o)
    0x08000190   0x08000190   0x00000000   Code   RO         3498    .ARM.Collect$$$$0000000A  mc_w.l(entry8b.o)
    0x08000190   0x08000190   0x00000008   Code   RO         3499    .ARM.Collect$$$$0000000B  mc_w.l(entry9a.o)
    0x08000198   0x08000198   0x00000000   Code   RO         3501    .ARM.Collect$$$$0000000D  mc_w.l(entry10a.o)
    0x08000198   0x08000198   0x00000000   Code   RO         3503    .ARM.Collect$$$$0000000F  mc_w.l(entry11a.o)
    0x08000198   0x08000198   0x00000004   Code   RO         3492    .ARM.Collect$$$$00002712  mc_w.l(entry2.o)
    0x0800019c   0x0800019c   0x00000024   Code   RO            4    .text               startup_stm32f407xx.o
    0x080001c0   0x080001c0   0x00000062   Code   RO         3453    .text               mc_w.l(uldiv.o)
    0x08000222   0x08000222   0x00000024   Code   RO         3455    .text               mc_w.l(memcpya.o)
    0x08000246   0x08000246   0x00000024   Code   RO         3457    .text               mc_w.l(memseta.o)
    0x0800026a   0x0800026a   0x0000000e   Code   RO         3459    .text               mc_w.l(strlen.o)
    0x08000278   0x08000278   0x0000002c   Code   RO         3508    .text               mc_w.l(uidiv.o)
    0x080002a4   0x080002a4   0x0000001e   Code   RO         3510    .text               mc_w.l(llshl.o)
    0x080002c2   0x080002c2   0x00000020   Code   RO         3512    .text               mc_w.l(llushr.o)
    0x080002e2   0x080002e2   0x00000000   Code   RO         3514    .text               mc_w.l(iusefp.o)
    0x080002e2   0x080002e2   0x0000014e   Code   RO         3515    .text               mf_w.l(dadd.o)
    0x08000430   0x08000430   0x000000e4   Code   RO         3517    .text               mf_w.l(dmul.o)
    0x08000514   0x08000514   0x000000de   Code   RO         3519    .text               mf_w.l(ddiv.o)
    0x080005f2   0x080005f2   0x00000030   Code   RO         3521    .text               mf_w.l(dfixul.o)
    0x08000622   0x08000622   0x00000002   PAD
    0x08000624   0x08000624   0x00000030   Code   RO         3523    .text               mf_w.l(cdrcmple.o)
    0x08000654   0x08000654   0x00000024   Code   RO         3525    .text               mc_w.l(init.o)
    0x08000678   0x08000678   0x00000024   Code   RO         3528    .text               mc_w.l(llsshr.o)
    0x0800069c   0x0800069c   0x000000ba   Code   RO         3531    .text               mf_w.l(depilogue.o)
    0x08000756   0x08000756   0x00000004   Code   RO          357    i.BusFault_Handler  stm32f4xx_it.o
    0x0800075a   0x0800075a   0x00000002   Code   RO          358    i.DebugMon_Handler  stm32f4xx_it.o
    0x0800075c   0x0800075c   0x00000002   Code   RO           13    i.Error_Handler     main.o
    0x0800075e   0x0800075e   0x00000002   PAD
    0x08000760   0x08000760   0x00000010   Code   RO           14    i.FBL_Get_Mcu_ID    main.o
    0x08000770   0x08000770   0x00000010   Code   RO           15    i.FBL_Get_RDP       main.o
    0x08000780   0x08000780   0x000000fc   Code   RO           16    i.FBL_Modify_RW_Protection  main.o
    0x0800087c   0x0800087c   0x0000004c   Code   RO           17    i.FBL_Verify_Address  main.o
    0x080008c8   0x080008c8   0x00000038   Code   RO           18    i.FBL_ucExecute_MemoryWrite  main.o
    0x08000900   0x08000900   0x00000004   Code   RO           19    i.FBL_ucGetBootloaderVersion  main.o
    0x08000904   0x08000904   0x00000048   Code   RO           20    i.FBL_ucVerifyCRC   main.o
    0x0800094c   0x0800094c   0x0000003e   Code   RO           21    i.FBL_vDisable_RW_Protect_Cmd  main.o
    0x0800098a   0x0800098a   0x0000003e   Code   RO           22    i.FBL_vEnable_RW_Protect_Cmd  main.o
    0x080009c8   0x080009c8   0x000000a0   Code   RO           23    i.FBL_vFlashErase_Cmd  main.o
    0x08000a68   0x08000a68   0x0000003c   Code   RO           24    i.FBL_vGetCID_Cmd   main.o
    0x08000aa4   0x08000aa4   0x00000038   Code   RO           25    i.FBL_vGetHelp_Cmd  main.o
    0x08000adc   0x08000adc   0x0000003c   Code   RO           26    i.FBL_vGetRDP_Cmd   main.o
    0x08000b18   0x08000b18   0x00000038   Code   RO           27    i.FBL_vGetVersion_Cmd  main.o
    0x08000b50   0x08000b50   0x00000060   Code   RO           28    i.FBL_vGoToAddress_Cmd  main.o
    0x08000bb0   0x08000bb0   0x0000005a   Code   RO           30    i.FBL_vMemoryWrite_Cmd  main.o
    0x08000c0a   0x08000c0a   0x00000002   PAD
    0x08000c0c   0x08000c0c   0x0000003c   Code   RO           31    i.FBL_vPrintMsg     main.o
    0x08000c48   0x08000c48   0x00000002   Code   RO           32    i.FBL_vRead_MemoryCmd  main.o
    0x08000c4a   0x08000c4a   0x00000002   PAD
    0x08000c4c   0x08000c4c   0x000000b0   Code   RO           33    i.FBL_vRead_OTP_Cmd  main.o
    0x08000cfc   0x08000cfc   0x00000050   Code   RO           34    i.FBL_vRead_Sector_ProtectionStatus_Cmd  main.o
    0x08000d4c   0x08000d4c   0x0000001a   Code   RO           35    i.FBL_vRw_ProtectionStatus  main.o
    0x08000d66   0x08000d66   0x00000002   PAD
    0x08000d68   0x08000d68   0x00000024   Code   RO           36    i.FBL_vSendAck      main.o
    0x08000d8c   0x08000d8c   0x0000001c   Code   RO           37    i.FBL_vSendNack     main.o
    0x08000da8   0x08000da8   0x000000e4   Code   RO           38    i.FBL_vUartReadData  main.o
    0x08000e8c   0x08000e8c   0x0000001c   Code   RO           39    i.FBL_vUartWriteData  main.o
    0x08000ea8   0x08000ea8   0x0000005c   Code   RO          860    i.FLASH_Erase_Sector  stm32f4xx_hal_flash_ex.o
    0x08000f04   0x08000f04   0x00000078   Code   RO          861    i.FLASH_FlushCaches  stm32f4xx_hal_flash_ex.o
    0x08000f7c   0x08000f7c   0x00000030   Code   RO          862    i.FLASH_MassErase   stm32f4xx_hal_flash_ex.o
    0x08000fac   0x08000fac   0x00000010   Code   RO          866    i.FLASH_OB_GetBOR   stm32f4xx_hal_flash_ex.o
    0x08000fbc   0x08000fbc   0x00000024   Code   RO          867    i.FLASH_OB_GetRDP   stm32f4xx_hal_flash_ex.o
    0x08000fe0   0x08000fe0   0x00000010   Code   RO          868    i.FLASH_OB_GetUser  stm32f4xx_hal_flash_ex.o
    0x08000ff0   0x08000ff0   0x0000000c   Code   RO          869    i.FLASH_OB_GetWRP   stm32f4xx_hal_flash_ex.o
    0x08000ffc   0x08000ffc   0x00000024   Code   RO          742    i.FLASH_Program_Byte  stm32f4xx_hal_flash.o
    0x08001020   0x08001020   0x0000002c   Code   RO          743    i.FLASH_Program_DoubleWord  stm32f4xx_hal_flash.o
    0x0800104c   0x0800104c   0x00000028   Code   RO          744    i.FLASH_Program_HalfWord  stm32f4xx_hal_flash.o
    0x08001074   0x08001074   0x00000028   Code   RO          745    i.FLASH_Program_Word  stm32f4xx_hal_flash.o
    0x0800109c   0x0800109c   0x00000098   Code   RO          746    i.FLASH_SetErrorCode  stm32f4xx_hal_flash.o
    0x08001134   0x08001134   0x00000064   Code   RO          747    i.FLASH_WaitForLastOperation  stm32f4xx_hal_flash.o
    0x08001198   0x08001198   0x00000024   Code   RO          530    i.HAL_CRC_Init      stm32f4xx_hal_crc.o
    0x080011bc   0x080011bc   0x00000034   Code   RO          443    i.HAL_CRC_MspInit   stm32f4xx_hal_msp.o
    0x080011f0   0x080011f0   0x00000028   Code   RO         1517    i.HAL_Delay         stm32f4xx_hal.o
    0x08001218   0x08001218   0x000000ac   Code   RO          872    i.HAL_FLASHEx_Erase  stm32f4xx_hal_flash_ex.o
    0x080012c4   0x080012c4   0x00000022   Code   RO          874    i.HAL_FLASHEx_OBGetConfig  stm32f4xx_hal_flash_ex.o
    0x080012e6   0x080012e6   0x00000002   PAD
    0x080012e8   0x080012e8   0x00000014   Code   RO          751    i.HAL_FLASH_Lock    stm32f4xx_hal_flash.o
    0x080012fc   0x080012fc   0x00000014   Code   RO          753    i.HAL_FLASH_OB_Lock  stm32f4xx_hal_flash.o
    0x08001310   0x08001310   0x0000002c   Code   RO          754    i.HAL_FLASH_OB_Unlock  stm32f4xx_hal_flash.o
    0x0800133c   0x0800133c   0x00000098   Code   RO          756    i.HAL_FLASH_Program  stm32f4xx_hal_flash.o
    0x080013d4   0x080013d4   0x00000034   Code   RO          758    i.HAL_FLASH_Unlock  stm32f4xx_hal_flash.o
    0x08001408   0x08001408   0x00000200   Code   RO          986    i.HAL_GPIO_Init     stm32f4xx_hal_gpio.o
    0x08001608   0x08001608   0x0000000c   Code   RO          990    i.HAL_GPIO_WritePin  stm32f4xx_hal_gpio.o
    0x08001614   0x08001614   0x0000000c   Code   RO         1523    i.HAL_GetTick       stm32f4xx_hal.o
    0x08001620   0x08001620   0x00000002   Code   RO         2934    i.HAL_HCD_Connect_Callback  stm32f4xx_hal_hcd.o
    0x08001622   0x08001622   0x00000002   Code   RO         2936    i.HAL_HCD_Disconnect_Callback  stm32f4xx_hal_hcd.o
    0x08001624   0x08001624   0x00000002   Code   RO         2945    i.HAL_HCD_HC_NotifyURBChange_Callback  stm32f4xx_hal_hcd.o
    0x08001626   0x08001626   0x0000016c   Code   RO         2947    i.HAL_HCD_IRQHandler  stm32f4xx_hal_hcd.o
    0x08001792   0x08001792   0x00000074   Code   RO         2948    i.HAL_HCD_Init      stm32f4xx_hal_hcd.o
    0x08001806   0x08001806   0x00000002   PAD
    0x08001808   0x08001808   0x000000b8   Code   RO          445    i.HAL_HCD_MspInit   stm32f4xx_hal_msp.o
    0x080018c0   0x080018c0   0x00000002   Code   RO         2951    i.HAL_HCD_PortDisabled_Callback  stm32f4xx_hal_hcd.o
    0x080018c2   0x080018c2   0x00000002   Code   RO         2952    i.HAL_HCD_PortEnabled_Callback  stm32f4xx_hal_hcd.o
    0x080018c4   0x080018c4   0x00000002   Code   RO         2954    i.HAL_HCD_SOF_Callback  stm32f4xx_hal_hcd.o
    0x080018c6   0x080018c6   0x00000002   PAD
    0x080018c8   0x080018c8   0x000001b8   Code   RO         1776    i.HAL_I2C_Init      stm32f4xx_hal_i2c.o
    0x08001a80   0x08001a80   0x00000088   Code   RO          447    i.HAL_I2C_MspInit   stm32f4xx_hal_msp.o
    0x08001b08   0x08001b08   0x00000018   Code   RO         1529    i.HAL_IncTick       stm32f4xx_hal.o
    0x08001b20   0x08001b20   0x0000003c   Code   RO         1530    i.HAL_Init          stm32f4xx_hal.o
    0x08001b5c   0x08001b5c   0x0000004c   Code   RO         1531    i.HAL_InitTick      stm32f4xx_hal.o
    0x08001ba8   0x08001ba8   0x00000048   Code   RO          448    i.HAL_MspInit       stm32f4xx_hal_msp.o
    0x08001bf0   0x08001bf0   0x00000020   Code   RO         1375    i.HAL_NVIC_EnableIRQ  stm32f4xx_hal_cortex.o
    0x08001c10   0x08001c10   0x0000007c   Code   RO         1381    i.HAL_NVIC_SetPriority  stm32f4xx_hal_cortex.o
    0x08001c8c   0x08001c8c   0x00000028   Code   RO         1382    i.HAL_NVIC_SetPriorityGrouping  stm32f4xx_hal_cortex.o
    0x08001cb4   0x08001cb4   0x00000180   Code   RO          587    i.HAL_RCC_ClockConfig  stm32f4xx_hal_rcc.o
    0x08001e34   0x08001e34   0x0000000c   Code   RO          592    i.HAL_RCC_GetHCLKFreq  stm32f4xx_hal_rcc.o
    0x08001e40   0x08001e40   0x00000020   Code   RO          594    i.HAL_RCC_GetPCLK1Freq  stm32f4xx_hal_rcc.o
    0x08001e60   0x08001e60   0x00000020   Code   RO          595    i.HAL_RCC_GetPCLK2Freq  stm32f4xx_hal_rcc.o
    0x08001e80   0x08001e80   0x000000b0   Code   RO          596    i.HAL_RCC_GetSysClockFreq  stm32f4xx_hal_rcc.o
    0x08001f30   0x08001f30   0x00000448   Code   RO          599    i.HAL_RCC_OscConfig  stm32f4xx_hal_rcc.o
    0x08002378   0x08002378   0x0000008c   Code   RO         2256    i.HAL_SPI_Init      stm32f4xx_hal_spi.o
    0x08002404   0x08002404   0x00000084   Code   RO          450    i.HAL_SPI_MspInit   stm32f4xx_hal_msp.o
    0x08002488   0x08002488   0x00000034   Code   RO         1386    i.HAL_SYSTICK_Config  stm32f4xx_hal_cortex.o
    0x080024bc   0x080024bc   0x00000072   Code   RO         2628    i.HAL_UART_Init     stm32f4xx_hal_uart.o
    0x0800252e   0x0800252e   0x00000002   PAD
    0x08002530   0x08002530   0x000000fc   Code   RO          452    i.HAL_UART_MspInit  stm32f4xx_hal_msp.o
    0x0800262c   0x0800262c   0x000000de   Code   RO         2631    i.HAL_UART_Receive  stm32f4xx_hal_uart.o
    0x0800270a   0x0800270a   0x000000d6   Code   RO         2636    i.HAL_UART_Transmit  stm32f4xx_hal_uart.o
    0x080027e0   0x080027e0   0x00000570   Code   RO         2957    i.HCD_HC_IN_IRQHandler  stm32f4xx_hal_hcd.o
    0x08002d50   0x08002d50   0x0000054a   Code   RO         2958    i.HCD_HC_OUT_IRQHandler  stm32f4xx_hal_hcd.o
    0x0800329a   0x0800329a   0x000000e0   Code   RO         2959    i.HCD_Port_IRQHandler  stm32f4xx_hal_hcd.o
    0x0800337a   0x0800337a   0x00000002   PAD
    0x0800337c   0x0800337c   0x00000108   Code   RO         2960    i.HCD_RXQLVL_IRQHandler  stm32f4xx_hal_hcd.o
    0x08003484   0x08003484   0x00000004   Code   RO          359    i.HardFault_Handler  stm32f4xx_it.o
    0x08003488   0x08003488   0x00000020   Code   RO           40    i.MX_CRC_Init       main.o
    0x080034a8   0x080034a8   0x000001fc   Code   RO           41    i.MX_GPIO_Init      main.o
    0x080036a4   0x080036a4   0x0000003c   Code   RO           42    i.MX_I2C1_Init      main.o
    0x080036e0   0x080036e0   0x00000044   Code   RO           43    i.MX_SPI1_Init      main.o
    0x08003724   0x08003724   0x00000038   Code   RO           44    i.MX_USART2_UART_Init  main.o
    0x0800375c   0x0800375c   0x00000038   Code   RO           45    i.MX_USART3_UART_Init  main.o
    0x08003794   0x08003794   0x00000030   Code   RO           46    i.MX_USB_OTG_FS_HCD_Init  main.o
    0x080037c4   0x080037c4   0x00000004   Code   RO          360    i.MemManage_Handler  stm32f4xx_it.o
    0x080037c8   0x080037c8   0x00000002   Code   RO          361    i.NMI_Handler       stm32f4xx_it.o
    0x080037ca   0x080037ca   0x00000002   PAD
    0x080037cc   0x080037cc   0x00000010   Code   RO          362    i.OTG_FS_IRQHandler  stm32f4xx_it.o
    0x080037dc   0x080037dc   0x00000002   Code   RO          363    i.PendSV_Handler    stm32f4xx_it.o
    0x080037de   0x080037de   0x00000002   Code   RO          364    i.SVC_Handler       stm32f4xx_it.o
    0x080037e0   0x080037e0   0x00000008   Code   RO          365    i.SysTick_Handler   stm32f4xx_it.o
    0x080037e8   0x080037e8   0x000000b4   Code   RO           47    i.SystemClock_Config  main.o
    0x0800389c   0x0800389c   0x00000064   Code   RO         3417    i.SystemInit        system_stm32f4xx.o
    0x08003900   0x08003900   0x00000368   Code   RO         2655    i.UART_SetConfig    stm32f4xx_hal_uart.o
    0x08003c68   0x08003c68   0x0000006c   Code   RO         2657    i.UART_WaitOnFlagUntilTimeout  stm32f4xx_hal_uart.o
    0x08003cd4   0x08003cd4   0x00000084   Code   RO         3115    i.USB_CoreInit      stm32f4xx_ll_usb.o
    0x08003d58   0x08003d58   0x0000004c   Code   RO         3116    i.USB_CoreReset     stm32f4xx_ll_usb.o
    0x08003da4   0x08003da4   0x0000000e   Code   RO         3123    i.USB_DisableGlobalInt  stm32f4xx_ll_usb.o
    0x08003db2   0x08003db2   0x0000004a   Code   RO         3125    i.USB_DriveVbus     stm32f4xx_ll_usb.o
    0x08003dfc   0x08003dfc   0x0000002c   Code   RO         3132    i.USB_FlushRxFifo   stm32f4xx_ll_usb.o
    0x08003e28   0x08003e28   0x00000030   Code   RO         3133    i.USB_FlushTxFifo   stm32f4xx_ll_usb.o
    0x08003e58   0x08003e58   0x0000000a   Code   RO         3137    i.USB_GetMode       stm32f4xx_ll_usb.o
    0x08003e62   0x08003e62   0x00000176   Code   RO         3138    i.USB_HC_Halt       stm32f4xx_ll_usb.o
    0x08003fd8   0x08003fd8   0x0000000e   Code   RO         3140    i.USB_HC_ReadInterrupt  stm32f4xx_ll_usb.o
    0x08003fe6   0x08003fe6   0x00000002   PAD
    0x08003fe8   0x08003fe8   0x00000100   Code   RO         3142    i.USB_HostInit      stm32f4xx_ll_usb.o
    0x080040e8   0x080040e8   0x00000044   Code   RO         3143    i.USB_InitFSLSPClkSel  stm32f4xx_ll_usb.o
    0x0800412c   0x0800412c   0x0000000a   Code   RO         3148    i.USB_ReadInterrupts  stm32f4xx_ll_usb.o
    0x08004136   0x08004136   0x00000022   Code   RO         3149    i.USB_ReadPacket    stm32f4xx_ll_usb.o
    0x08004158   0x08004158   0x00000036   Code   RO         3151    i.USB_SetCurrentMode  stm32f4xx_ll_usb.o
    0x0800418e   0x0800418e   0x00000004   Code   RO          366    i.UsageFault_Handler  stm32f4xx_it.o
    0x08004192   0x08004192   0x00000002   PAD
    0x08004194   0x08004194   0x00000024   Code   RO         3470    i.__0vsprintf       mc_w.l(printfa.o)
    0x080041b8   0x080041b8   0x00000010   Code   RO         1388    i.__NVIC_GetPriorityGrouping  stm32f4xx_hal_cortex.o
    0x080041c8   0x080041c8   0x00000028   Code   RO         1389    i.__NVIC_SetPriority  stm32f4xx_hal_cortex.o
    0x080041f0   0x080041f0   0x0000000e   Code   RO         3535    i.__scatterload_copy  mc_w.l(handlers.o)
    0x080041fe   0x080041fe   0x00000002   Code   RO         3536    i.__scatterload_null  mc_w.l(handlers.o)
    0x08004200   0x08004200   0x0000000e   Code   RO         3537    i.__scatterload_zeroinit  mc_w.l(handlers.o)
    0x0800420e   0x0800420e   0x00000002   PAD
    0x08004210   0x08004210   0x00000184   Code   RO         3471    i._fp_digits        mc_w.l(printfa.o)
    0x08004394   0x08004394   0x000006dc   Code   RO         3472    i._printf_core      mc_w.l(printfa.o)
    0x08004a70   0x08004a70   0x00000024   Code   RO         3473    i._printf_post_padding  mc_w.l(printfa.o)
    0x08004a94   0x08004a94   0x0000002e   Code   RO         3474    i._printf_pre_padding  mc_w.l(printfa.o)
    0x08004ac2   0x08004ac2   0x0000000a   Code   RO         3476    i._sputc            mc_w.l(printfa.o)
    0x08004acc   0x08004acc   0x00000078   Code   RO           48    i.main              main.o
    0x08004b44   0x08004b44   0x00000018   Data   RO         3418    .constdata          system_stm32f4xx.o
    0x08004b5c   0x08004b5c   0x00000020   Data   RO         3533    Region$$Table       anon$$obj.o


    Execution Region RW_IRAM1 (Exec base: 0x20000000, Load base: 0x08004b7c, Size: 0x000008f8, Max: 0x00020000, ABSOLUTE)

    Exec Addr    Load Addr    Size         Type   Attr      Idx    E Section Name        Object

    0x20000000   0x08004b7c   0x00000010   Data   RW           50    .data               main.o
    0x20000010   0x08004b8c   0x00000009   Data   RW         1537    .data               stm32f4xx_hal.o
    0x20000019   0x08004b95   0x00000003   PAD
    0x2000001c   0x08004b98   0x00000004   Data   RW         3419    .data               system_stm32f4xx.o
    0x20000020        -       0x000004b8   Zero   RW           49    .bss                main.o
    0x200004d8        -       0x00000020   Zero   RW          759    .bss                stm32f4xx_hal_flash.o
    0x200004f8        -       0x00000400   Zero   RW            1    STACK               startup_stm32f407xx.o


==============================================================================

Image component sizes


      Code (inc. data)   RO Data    RW Data    ZI Data      Debug   Object Name

      2988        230          0         16       1208     713790   main.o
        36          8        392          0       1024        844   startup_stm32f407xx.o
       212         36          0          9          0       4621   stm32f4xx_hal.o
       304         22          0          0          0      34511   stm32f4xx_hal_cortex.o
        36          0          0          0          0       1059   stm32f4xx_hal_crc.o
       700         80          0          0         32       7224   stm32f4xx_hal_flash.o
       546         50          0          0          0       6124   stm32f4xx_hal_flash_ex.o
       524         46          0          0          0       2332   stm32f4xx_hal_gpio.o
      3726          6          0          0          0       9753   stm32f4xx_hal_hcd.o
       440         18          0          0          0       2051   stm32f4xx_hal_i2c.o
       828         66          0          0          0       4505   stm32f4xx_hal_msp.o
      1732         84          0          0          0       5596   stm32f4xx_hal_rcc.o
       140          0          0          0          0       1183   stm32f4xx_hal_spi.o
      1530          8          0          0          0       4771   stm32f4xx_hal_uart.o
        48          6          0          0          0       4690   stm32f4xx_it.o
      1208         42          0          0          0      10525   stm32f4xx_ll_usb.o
       100         18         24          4          0       1179   system_stm32f4xx.o

    ----------------------------------------------------------------------
     15122        720        448         32       2264     814758   Object Totals
         0          0         32          0          0          0   (incl. Generated)
        24          0          0          3          0          0   (incl. Padding)

    ----------------------------------------------------------------------

      Code (inc. data)   RO Data    RW Data    ZI Data      Debug   Library Member Name

         0          0          0          0          0          0   entry.o
         0          0          0          0          0          0   entry10a.o
         0          0          0          0          0          0   entry11a.o
         8          4          0          0          0          0   entry2.o
         4          0          0          0          0          0   entry5.o
         0          0          0          0          0          0   entry7b.o
         0          0          0          0          0          0   entry8b.o
         8          4          0          0          0          0   entry9a.o
        30          0          0          0          0          0   handlers.o
        36          8          0          0          0         68   init.o
         0          0          0          0          0          0   iusefp.o
        30          0          0          0          0         68   llshl.o
        36          0          0          0          0         68   llsshr.o
        32          0          0          0          0         68   llushr.o
        36          0          0          0          0         68   memcpya.o
        36          0          0          0          0        108   memseta.o
      2272         86          0          0          0        516   printfa.o
        14          0          0          0          0         68   strlen.o
        44          0          0          0          0         80   uidiv.o
        98          0          0          0          0         92   uldiv.o
        48          0          0          0          0         68   cdrcmple.o
       334          0          0          0          0        148   dadd.o
       222          0          0          0          0        100   ddiv.o
       186          0          0          0          0        176   depilogue.o
        48          0          0          0          0         68   dfixul.o
       228          0          0          0          0         96   dmul.o

    ----------------------------------------------------------------------
      3754        102          0          0          0       1860   Library Totals
         4          0          0          0          0          0   (incl. Padding)

    ----------------------------------------------------------------------

      Code (inc. data)   RO Data    RW Data    ZI Data      Debug   Library Name

      2684        102          0          0          0       1204   mc_w.l
      1066          0          0          0          0        656   mf_w.l

    ----------------------------------------------------------------------
      3754        102          0          0          0       1860   Library Totals

    ----------------------------------------------------------------------

==============================================================================


      Code (inc. data)   RO Data    RW Data    ZI Data      Debug   

     18876        822        448         32       2264     804086   Grand Totals
     18876        822        448         32       2264     804086   ELF Image Totals
     18876        822        448         32          0          0   ROM Totals

==============================================================================

    Total RO  Size (Code + RO Data)                19324 (  18.87kB)
    Total RW  Size (RW Data + ZI Data)              2296 (   2.24kB)
    Total ROM Size (Code + RO Data + RW Data)      19356 (  18.90kB)

==============================================================================

