<html>
<body>
<pre>
<h1>µVision Build Log</h1>
<h2>Tool Versions:</h2>
IDE-Version: µVision V5.28.0.0
Copyright (C) 2019 ARM Ltd and ARM Germany GmbH. All rights reserved.
License Information: Vlad Bacij, Alten, LIC=----
 
Tool Versions:
Toolchain:       MDK-Lite  Version: 5.28.0.0
Toolchain Path:  C:\Keil_v5\ARM\ARMCC\Bin
C Compiler:      Armcc.exe V5.06 update 6 (build 750)
Assembler:       Armasm.exe V5.06 update 6 (build 750)
Linker/Locator:  ArmLink.exe V5.06 update 6 (build 750)
Library Manager: ArmAr.exe V5.06 update 6 (build 750)
Hex Converter:   FromElf.exe V5.06 update 6 (build 750)
CPU DLL:         SARMCM3.DLL V5.28.0.0
Dialog DLL:      DCM.DLL V1.17.3.0
Target DLL:      Segger\JL2CM3.dll V2.99.36.0
Dialog DLL:      TCM.DLL V1.36.2.0
 
<h2>Project:</h2>
E:\Workspace\Keil_Workspace\Custom bootloader\MDK-ARM\Custom bootloader.uvprojx
Project File Date:  02/15/2020

<h2>Output:</h2>
*** Using Compiler 'V5.06 update 6 (build 750)', folder: 'C:\Keil_v5\ARM\ARMCC\Bin'
Build target 'Custom bootloader'
compiling main.c...
../Src/main.c(156): warning:  #177-D: variable "somedata"  was declared but never referenced
  	char somedata[] = "Hello from the bootloader";
../Src/main.c(554): warning:  #223-D: function "vsprintf" declared implicitly
  	vsprintf(ucStr, puc8Format, tArgs);
../Src/main.c(587): warning:  #513-D: a value of type "void *" cannot be assigned to an entity of type "void (*)(void)"
  	pvAppResetHandler = (void *) ulResetHandlerAddr;
../Src/main.c(943): warning:  #144-D: a value of type "void *" cannot be used to initialize an entity of type "void (*)(void)"
  			void (*FBL_Jump)(void) = (void *) ulAddress;
../Src/main.c(1168): warning:  #61-D: integer operation result is out of range
  				*pulOPTCR &= ~(1 << 31); // has no effect: default value is  0x0FFF AAED
../Src/main.c(1180): warning:  #61-D: integer operation result is out of range
  				*pulOPTCR |= (1 << 31);
../Src/main.c(1180): warning:  #68-D: integer conversion resulted in a change of sign
  				*pulOPTCR |= (1 << 31);
../Src/main.c(1199): warning:  #61-D: integer operation result is out of range
  		*pulOPTCR = *pulOPTCR & (1<<31); // has no effect: default value is  0x0FFF AAED
../Src/main.c(1199): warning:  #68-D: integer conversion resulted in a change of sign
  		*pulOPTCR = *pulOPTCR & (1<<31); // has no effect: default value is  0x0FFF AAED
../Src/main.c: 9 warnings, 0 errors
linking...
Program Size: Code=18724 RO-data=448 RW-data=32 ZI-data=2264  
FromELF: creating hex file...
"Custom bootloader\Custom bootloader.axf" - 0 Error(s), 9 Warning(s).

<h2>Software Packages used:</h2>

Package Vendor: ARM
                http://www.keil.com/pack/ARM.CMSIS.5.5.1.pack
                ARM.CMSIS.5.5.1
                CMSIS (Cortex Microcontroller Software Interface Standard)
   * Component: CORE Version: 5.2.0

Package Vendor: Keil
                http://www.keil.com/pack/Keil.STM32F4xx_DFP.2.14.0.pack
                Keil.STM32F4xx_DFP.2.14.0
                STMicroelectronics STM32F4 Series Device Support, Drivers and Examples

<h2>Collection of Component include folders:</h2>
  .\RTE\_Custom_bootloader
  C:\Users\baciu\AppData\Local\Arm\Packs\ARM\CMSIS\5.5.1\CMSIS\Core\Include
  C:\Users\baciu\AppData\Local\Arm\Packs\Keil\STM32F4xx_DFP\2.14.0\Drivers\CMSIS\Device\ST\STM32F4xx\Include

<h2>Collection of Component Files used:</h2>

   * Component: ARM::CMSIS:CORE:5.2.0
Build Time Elapsed:  00:00:02
</pre>
</body>
</html>
